[    0.000000] Initializing cgroup subsys cpuset
[    0.000000] Initializing cgroup subsys cpu
[    0.000000] Linux version 2.6.32-5-amd64 (Debian 2.6.32-41) (ben@decadent.org.uk) (gcc version 4.3.5 (Debian 4.3.5-4) ) #1 SMP Mon Jan 16 16:22:28 UTC 2012
[    0.000000] Command line: initrd=initrd.img-2.6.32-5-amd64 ip=dhcp  root=/dev/nfs nfsroot=/srv/fai/nfsroot boot=live  FAI_FLAGS=verbose,sshd,reboot FAI_ACTION=install BOOT_IMAGE=vmlinuz-2.6.32-5-amd64 
[    0.000000] KERNEL supported cpus:
[    0.000000]   Intel GenuineIntel
[    0.000000]   AMD AuthenticAMD
[    0.000000]   Centaur CentaurHauls
[    0.000000] BIOS-provided physical RAM map:
[    0.000000]  BIOS-e820: 0000000000000000 - 000000000009d800 (usable)
[    0.000000]  BIOS-e820: 000000000009d800 - 00000000000a0000 (reserved)
[    0.000000]  BIOS-e820: 00000000000ce000 - 0000000000100000 (reserved)
[    0.000000]  BIOS-e820: 0000000000100000 - 0000000077e70000 (usable)
[    0.000000]  BIOS-e820: 0000000077e70000 - 0000000077e80000 (ACPI data)
[    0.000000]  BIOS-e820: 0000000077e80000 - 0000000077f00000 (ACPI NVS)
[    0.000000]  BIOS-e820: 0000000077f00000 - 0000000080000000 (reserved)
[    0.000000]  BIOS-e820: 00000000e0000000 - 00000000f0000000 (reserved)
[    0.000000]  BIOS-e820: 00000000fec00000 - 00000000fec10000 (reserved)
[    0.000000]  BIOS-e820: 00000000fee00000 - 00000000fee01000 (reserved)
[    0.000000]  BIOS-e820: 00000000fff80000 - 0000000100000000 (reserved)
[    0.000000] DMI present.
[    0.000000] last_pfn = 0x77e70 max_arch_pfn = 0x400000000
[    0.000000] MTRR default type: uncachable
[    0.000000] MTRR fixed ranges enabled:
[    0.000000]   00000-9FFFF write-back
[    0.000000]   A0000-BFFFF uncachable
[    0.000000]   C0000-CFFFF write-protect
[    0.000000]   D0000-E3FFF uncachable
[    0.000000]   E4000-FFFFF write-protect
[    0.000000] MTRR variable ranges enabled:
[    0.000000]   0 base 0000000000 mask FF80000000 write-back
[    0.000000]   1 base 0078000000 mask FFF8000000 uncachable
[    0.000000]   2 disabled
[    0.000000]   3 disabled
[    0.000000]   4 disabled
[    0.000000]   5 disabled
[    0.000000]   6 disabled
[    0.000000]   7 disabled
[    0.000000] x86 PAT enabled: cpu 0, old 0x7040600070406, new 0x7010600070106
[    0.000000] initial memory mapped : 0 - 20000000
[    0.000000] init_memory_mapping: 0000000000000000-0000000077e70000
[    0.000000]  0000000000 - 0077e00000 page 2M
[    0.000000]  0077e00000 - 0077e70000 page 4k
[    0.000000] kernel direct mapping tables up to 77e70000 @ 8000-c000
[    0.000000] RAMDISK: 7726e000 - 77e4ef9a
[    0.000000] ACPI: RSDP 00000000000f8500 00014 (v00 PTLTD )
[    0.000000] ACPI: RSDT 0000000077e79606 00040 (v01 DELL    M08     06040000  LTP 00000000)
[    0.000000] ACPI: FACP 0000000077e7fc36 00074 (v01 ATI    Bowfin   06040000 ATI  000F4240)
[    0.000000] ACPI: DSDT 0000000077e79646 065F0 (v01    ATI    SB600 06040000 MSFT 03000000)
[    0.000000] ACPI: FACS 0000000077e90fc0 00040
[    0.000000] ACPI: TCPA 0000000077e7fcaa 00032 (v02 AMD             06040000 PTEC 00000000)
[    0.000000] ACPI: SSDT 0000000077e7fcdc 000F4 (v01 PTLTD  POWERNOW 06040000  LTP 00000001)
[    0.000000] ACPI: APIC 0000000077e7fdd0 00046 (v01 PTLTD  ? APIC   06040000  LTP 00000000)
[    0.000000] ACPI: MCFG 0000000077e7fe16 0003C (v01 PTLTD    MCFG   06040000  LTP 00000000)
[    0.000000] ACPI: HPET 0000000077e7fe52 00038 (v01 PTLTD  HPETTBL  06040000  LTP 00000001)
[    0.000000] ACPI: SLIC 0000000077e7fe8a 00176 (v01 DELL    M08     06040000  LTP 00000000)
[    0.000000] ACPI: Local APIC address 0xfee00000
[    0.000000] Scanning NUMA topology in Northbridge 24
[    0.000000] No NUMA configuration found
[    0.000000] Faking a node at 0000000000000000-0000000077e70000
[    0.000000] Bootmem setup node 0 0000000000000000-0000000077e70000
[    0.000000]   NODE_DATA [000000000000a000 - 0000000000011fff]
[    0.000000]   bootmap [0000000000012000 -  0000000000020fcf] pages f
[    0.000000] (7 early reservations) ==> bootmem [0000000000 - 0077e70000]
[    0.000000]   #0 [0000000000 - 0000001000]   BIOS data page ==> [0000000000 - 0000001000]
[    0.000000]   #1 [0000006000 - 0000008000]       TRAMPOLINE ==> [0000006000 - 0000008000]
[    0.000000]   #2 [0001000000 - 00016d95c4]    TEXT DATA BSS ==> [0001000000 - 00016d95c4]
[    0.000000]   #3 [007726e000 - 0077e4ef9a]          RAMDISK ==> [007726e000 - 0077e4ef9a]
[    0.000000]   #4 [000009d800 - 0000100000]    BIOS reserved ==> [000009d800 - 0000100000]
[    0.000000]   #5 [00016da000 - 00016da18c]              BRK ==> [00016da000 - 00016da18c]
[    0.000000]   #6 [0000008000 - 000000a000]          PGTABLE ==> [0000008000 - 000000a000]
[    0.000000] found SMP MP-table at [ffff8800000f8530] f8530
[    0.000000]  [ffffea0000000000-ffffea0001bfffff] PMD -> [ffff880001c00000-ffff8800037fffff] on node 0
[    0.000000] Zone PFN ranges:
[    0.000000]   DMA      0x00000000 -> 0x00001000
[    0.000000]   DMA32    0x00001000 -> 0x00100000
[    0.000000]   Normal   0x00100000 -> 0x00100000
[    0.000000] Movable zone start PFN for each node
[    0.000000] early_node_map[2] active PFN ranges
[    0.000000]     0: 0x00000000 -> 0x0000009d
[    0.000000]     0: 0x00000100 -> 0x00077e70
[    0.000000] On node 0 totalpages: 491021
[    0.000000]   DMA zone: 56 pages used for memmap
[    0.000000]   DMA zone: 103 pages reserved
[    0.000000]   DMA zone: 3838 pages, LIFO batch:0
[    0.000000]   DMA32 zone: 6659 pages used for memmap
[    0.000000]   DMA32 zone: 480365 pages, LIFO batch:31
[    0.000000] Detected use of extended apic ids on hypertransport bus
[    0.000000] ACPI: PM-Timer IO Port: 0x8008
[    0.000000] ACPI: Local APIC address 0xfee00000
[    0.000000] ACPI: LAPIC (acpi_id[0x00] lapic_id[0x00] enabled)
[    0.000000] ACPI: LAPIC_NMI (acpi_id[0x00] high edge lint[0x1])
[    0.000000] ACPI: IOAPIC (id[0x01] address[0xfec00000] gsi_base[0])
[    0.000000] IOAPIC[0]: apic_id 1, version 33, address 0xfec00000, GSI 0-23
[    0.000000] ACPI: IRQ9 used by override.
[    0.000000] Using ACPI (MADT) for SMP configuration information
[    0.000000] ACPI: HPET id: 0x43538301 base: 0xfed00000
[    0.000000] SMP: Allowing 1 CPUs, 0 hotplug CPUs
[    0.000000] nr_irqs_gsi: 24
[    0.000000] PM: Registered nosave memory: 000000000009d000 - 000000000009e000
[    0.000000] PM: Registered nosave memory: 000000000009e000 - 00000000000a0000
[    0.000000] PM: Registered nosave memory: 00000000000a0000 - 00000000000ce000
[    0.000000] PM: Registered nosave memory: 00000000000ce000 - 0000000000100000
[    0.000000] Allocating PCI resources starting at 80000000 (gap: 80000000:60000000)
[    0.000000] Booting paravirtualized kernel on bare hardware
[    0.000000] NR_CPUS:512 nr_cpumask_bits:512 nr_cpu_ids:1 nr_node_ids:1
[    0.000000] PERCPU: Embedded 30 pages/cpu @ffff880001800000 s90328 r8192 d24360 u2097152
[    0.000000] pcpu-alloc: s90328 r8192 d24360 u2097152 alloc=1*2097152
[    0.000000] pcpu-alloc: [0] 0 
[    0.000000] Built 1 zonelists in Node order, mobility grouping on.  Total pages: 484203
[    0.000000] Policy zone: DMA32
[    0.000000] Kernel command line: initrd=initrd.img-2.6.32-5-amd64 ip=dhcp  root=/dev/nfs nfsroot=/srv/fai/nfsroot boot=live  FAI_FLAGS=verbose,sshd,reboot FAI_ACTION=install BOOT_IMAGE=vmlinuz-2.6.32-5-amd64 
[    0.000000] PID hash table entries: 4096 (order: 3, 32768 bytes)
[    0.000000] Initializing CPU#0
[    0.000000] Checking aperture...
[    0.000000] No AGP bridge found
[    0.000000] Node 0: aperture @ a512000000 size 32 MB
[    0.000000] Aperture beyond 4GB. Ignoring.
[    0.000000] Memory: 1915780k/1964480k available (3083k kernel code, 396k absent, 48304k reserved, 2048k data, 592k init)
[    0.000000] SLUB: Genslabs=14, HWalign=64, Order=0-3, MinObjects=0, CPUs=1, Nodes=1
[    0.000000] Hierarchical RCU implementation.
[    0.000000] NR_IRQS:4352 nr_irqs:256
[    0.000000] Console: colour VGA+ 80x25
[    0.000000] console [tty0] enabled
[    0.000000] hpet clockevent registered
[    0.000000] Fast TSC calibration using PIT
[    0.000000] Detected 1795.411 MHz processor.
[    0.004005] Calibrating delay loop (skipped), value calculated using timer frequency.. 3590.82 BogoMIPS (lpj=7181644)
[    0.004123] Security Framework initialized
[    0.004172] SELinux:  Disabled at boot.
[    0.004411] Dentry cache hash table entries: 262144 (order: 9, 2097152 bytes)
[    0.005881] Inode-cache hash table entries: 131072 (order: 8, 1048576 bytes)
[    0.006612] Mount-cache hash table entries: 256
[    0.006841] Initializing cgroup subsys ns
[    0.006888] Initializing cgroup subsys cpuacct
[    0.006937] Initializing cgroup subsys devices
[    0.006983] Initializing cgroup subsys freezer
[    0.007029] Initializing cgroup subsys net_cls
[    0.007103] CPU: L1 I Cache: 64K (64 bytes/line), D cache 64K (64 bytes/line)
[    0.007151] CPU: L2 Cache: 512K (64 bytes/line)
[    0.007197] CPU 0/0x0 -> Node 0
[    0.007242] tseg: 0077f00000
[    0.007245] mce: CPU supports 5 MCE banks
[    0.007302] using C1E aware idle routine
[    0.007347] Performance Events: AMD PMU driver.
[    0.007432] ... version:                0
[    0.007477] ... bit width:              48
[    0.007522] ... generic registers:      4
[    0.007567] ... value mask:             0000ffffffffffff
[    0.007612] ... max period:             00007fffffffffff
[    0.007658] ... fixed-purpose events:   0
[    0.007703] ... event mask:             000000000000000f
[    0.007759] SMP alternatives: switching to UP code
[    0.014245] Freeing SMP alternatives: 28k freed
[    0.014321] ACPI: Core revision 20090903
[    0.024079] Setting APIC routing to flat
[    0.024457] ..TIMER: vector=0x30 apic1=0 pin1=0 apic2=-1 pin2=-1
[    0.028001] ..MP-BIOS bug: 8254 timer not connected to IO-APIC
[    0.028001] ...trying to set up timer (IRQ0) through the 8259A ...
[    0.028001] ..... (found apic 0 pin 0) ...
[    0.071378] ....... works.
[    0.071421] CPU0: Mobile AMD Sempron(tm) Processor 3500+ stepping 02
[    0.072001] Brought up 1 CPUs
[    0.072001] Total of 1 processors activated (3590.82 BogoMIPS).
[    0.072001] CPU0 attaching NULL sched-domain.
[    0.072001] devtmpfs: initialized
[    0.072979] regulator: core version 0.5
[    0.073080] NET: Registered protocol family 16
[    0.073249] node 0 link 0: io port [1000, fffff]
[    0.073252] TOM: 0000000080000000 aka 2048M
[    0.073299] node 0 link 0: mmio [d0000000, dfffffff]
[    0.073303] node 0 link 0: mmio [c8000000, cfffffff]
[    0.073306] node 0 link 0: mmio [a0000, bffff]
[    0.073309] node 0 link 0: mmio [f0000000, ffffffff]
[    0.073312] node 0 link 0: mmio [e0000000, efffffff]
[    0.073315] node 0 link 0: mmio [80000000, c7ffffff]
[    0.073318] bus: [00,ff] on node 0 link 0
[    0.073321] bus: 00 index 0 io port: [0, ffff]
[    0.073324] bus: 00 index 1 mmio: [80000000, efffffff]
[    0.073326] bus: 00 index 2 mmio: [a0000, bffff]
[    0.073329] bus: 00 index 3 mmio: [f0000000, fcffffffff]
[    0.073336] ACPI: bus type pci registered
[    0.073453] PCI: MCFG configuration 0: base e0000000 segment 0 buses 0 - 9
[    0.073501] PCI: MCFG area at e0000000 reserved in E820
[    0.073832] PCI: Using MMCONFIG at e0000000 - e09fffff
[    0.073877] PCI: Using configuration type 1 for base access
[    0.074420] bio: create slab <bio-0> at 0
[    0.075024] ACPI: EC: Look up EC in DSDT
[    0.078103] ACPI: BIOS _OSI(Linux) query ignored
[    0.080072] ACPI: Interpreter enabled
[    0.080117] ACPI: (supports S0 S3 S4 S5)
[    0.080324] ACPI: Using IOAPIC for interrupt routing
[    0.087455] [Firmware Bug]: ACPI: ACPI brightness control misses _BQC function
[    0.088212] ACPI: EC: GPE = 0x14, I/O: command/status = 0x66, data = 0x62
[    0.088487] ACPI: No dock devices found.
[    0.092721] ACPI Error: Needed type [Reference], found [Device] ffff880076f23800 (20090903/exresop-104)
[    0.092853] ACPI Exception: AE_AML_OPERAND_TYPE, While resolving operands for [OpcodeName unavailable] (20090903/dswexec-460)
[    0.092983] ACPI Error (psparse-0537): Method parse/execution failed [\_SB_.PCI0._OSC] (Node ffff880076f2aa80), AE_AML_OPERAND_TYPE
[    0.093168] ACPI: PCI Root Bridge [PCI0] (0000:00)
[    0.093340] pci 0000:00:05.0: PME# supported from D0 D3hot D3cold
[    0.093387] pci 0000:00:05.0: PME# disabled
[    0.093468] pci 0000:00:06.0: PME# supported from D0 D3hot D3cold
[    0.093514] pci 0000:00:06.0: PME# disabled
[    0.093624] pci 0000:00:12.0: reg 10 io port: [0x8438-0x843f]
[    0.093633] pci 0000:00:12.0: reg 14 io port: [0x8454-0x8457]
[    0.093641] pci 0000:00:12.0: reg 18 io port: [0x8430-0x8437]
[    0.093650] pci 0000:00:12.0: reg 1c io port: [0x8450-0x8453]
[    0.093658] pci 0000:00:12.0: reg 20 io port: [0x8400-0x840f]
[    0.093667] pci 0000:00:12.0: reg 24 32bit mmio: [0xc0004000-0xc00043ff]
[    0.093688] pci 0000:00:12.0: set SATA to AHCI mode
[    0.093786] pci 0000:00:13.0: reg 10 32bit mmio: [0xc0005000-0xc0005fff]
[    0.093852] pci 0000:00:13.1: reg 10 32bit mmio: [0xc0006000-0xc0006fff]
[    0.093919] pci 0000:00:13.2: reg 10 32bit mmio: [0xc0007000-0xc0007fff]
[    0.093985] pci 0000:00:13.3: reg 10 32bit mmio: [0xc0008000-0xc0008fff]
[    0.094052] pci 0000:00:13.4: reg 10 32bit mmio: [0xc0009000-0xc0009fff]
[    0.094140] pci 0000:00:13.5: reg 10 32bit mmio: [0xc0004400-0xc00044ff]
[    0.094201] pci 0000:00:13.5: supports D1 D2
[    0.094203] pci 0000:00:13.5: PME# supported from D0 D1 D2 D3hot
[    0.094252] pci 0000:00:13.5: PME# disabled
[    0.094349] pci 0000:00:14.0: reg 10 io port: [0x8410-0x841f]
[    0.094358] pci 0000:00:14.0: reg 14 32bit mmio: [0xfed00000-0xfed003ff]
[    0.094445] pci 0000:00:14.1: reg 10 io port: [0x1f0-0x1f7]
[    0.094454] pci 0000:00:14.1: reg 14 io port: [0x3f4-0x3f7]
[    0.094462] pci 0000:00:14.1: reg 18 io port: [0x00-0x07]
[    0.094470] pci 0000:00:14.1: reg 1c io port: [0x00-0x03]
[    0.094479] pci 0000:00:14.1: reg 20 io port: [0x8420-0x842f]
[    0.094566] pci 0000:00:14.2: reg 10 64bit mmio: [0xc0000000-0xc0003fff]
[    0.094622] pci 0000:00:14.2: PME# supported from D0 D3hot D3cold
[    0.094670] pci 0000:00:14.2: PME# disabled
[    0.094931] pci 0000:01:05.0: reg 10 32bit mmio pref: [0xc8000000-0xcfffffff]
[    0.094936] pci 0000:01:05.0: reg 14 io port: [0x9000-0x90ff]
[    0.094941] pci 0000:01:05.0: reg 18 32bit mmio: [0xc0100000-0xc010ffff]
[    0.094951] pci 0000:01:05.0: reg 30 32bit mmio pref: [0x000000-0x01ffff]
[    0.094960] pci 0000:01:05.0: supports D1 D2
[    0.094977] pci 0000:00:01.0: bridge io port: [0x9000-0x9fff]
[    0.094980] pci 0000:00:01.0: bridge 32bit mmio: [0xc0100000-0xc01fffff]
[    0.094985] pci 0000:00:01.0: bridge 64bit mmio pref: [0xc8000000-0xcfffffff]
[    0.095037] pci 0000:00:05.0: bridge io port: [0x00-0xfff]
[    0.095041] pci 0000:00:05.0: bridge 32bit mmio: [0x000000-0x0fffff]
[    0.095089] pci 0000:05:00.0: reg 10 32bit mmio: [0xc0200000-0xc0203fff]
[    0.095154] pci 0000:05:00.0: supports D1 D2
[    0.095184] pci 0000:05:00.0: disabling ASPM on pre-1.1 PCIe device.  You can enable it with 'pcie_aspm=force'
[    0.095313] pci 0000:00:06.0: bridge 32bit mmio: [0xc0200000-0xc02fffff]
[    0.095365] pci 0000:08:00.0: reg 10 32bit mmio: [0xc0300000-0xc0301fff]
[    0.095433] pci 0000:08:00.0: supports D1 D2
[    0.095436] pci 0000:08:00.0: PME# supported from D0 D1 D2 D3hot D3cold
[    0.095486] pci 0000:08:00.0: PME# disabled
[    0.095587] pci 0000:08:01.0: reg 10 32bit mmio: [0xc0302000-0xc03020ff]
[    0.095655] pci 0000:08:01.0: supports D1 D2
[    0.095657] pci 0000:08:01.0: PME# supported from D0 D1 D2 D3hot D3cold
[    0.095707] pci 0000:08:01.0: PME# disabled
[    0.095801] pci 0000:08:01.1: reg 10 32bit mmio: [0xc0302400-0xc03024ff]
[    0.095869] pci 0000:08:01.1: supports D1 D2
[    0.095871] pci 0000:08:01.1: PME# supported from D0 D1 D2 D3hot D3cold
[    0.095922] pci 0000:08:01.1: PME# disabled
[    0.096051] pci 0000:00:14.4: transparent bridge
[    0.097775] pci 0000:00:14.4: bridge 32bit mmio: [0xc0300000-0xc03fffff]
[    0.097796] ACPI: PCI Interrupt Routing Table [\_SB_.PCI0._PRT]
[    0.097920] ACPI: PCI Interrupt Routing Table [\_SB_.PCI0.PB5_._PRT]
[    0.097997] ACPI: PCI Interrupt Routing Table [\_SB_.PCI0.PB6_._PRT]
[    0.098101] ACPI: PCI Interrupt Routing Table [\_SB_.PCI0.P2P_._PRT]
[    0.098165] ACPI: PCI Interrupt Routing Table [\_SB_.PCI0.AGP_._PRT]
[    0.098294] ACPI Error: Needed type [Reference], found [Device] ffff880076f23800 (20090903/exresop-104)
[    0.098421] ACPI Exception: AE_AML_OPERAND_TYPE, While resolving operands for [OpcodeName unavailable] (20090903/dswexec-460)
[    0.098551] ACPI Error (psparse-0537): Method parse/execution failed [\_SB_.PCI0._OSC] (Node ffff880076f2aa80), AE_AML_OPERAND_TYPE
[    0.103350] ACPI: PCI Interrupt Link [LNKA] (IRQs 10 11) *0, disabled.
[    0.103722] ACPI: PCI Interrupt Link [LNKB] (IRQs 10 11) *0, disabled.
[    0.104102] ACPI: PCI Interrupt Link [LNKC] (IRQs 10 11) *0, disabled.
[    0.104472] ACPI: PCI Interrupt Link [LNKD] (IRQs 10 11) *0, disabled.
[    0.104845] ACPI: PCI Interrupt Link [LNKE] (IRQs 10 11) *0, disabled.
[    0.105215] ACPI: PCI Interrupt Link [LNKF] (IRQs 10 11) *0, disabled.
[    0.105586] ACPI: PCI Interrupt Link [LNKG] (IRQs 10 11) *0, disabled.
[    0.105960] ACPI: PCI Interrupt Link [LNKH] (IRQs 10 11) *0, disabled.
[    0.106332] ACPI: PCI Interrupt Link [LNKU] (IRQs 3 4 5 7) *0, disabled.
[    0.106784] vgaarb: device added: PCI:0000:01:05.0,decodes=io+mem,owns=io+mem,locks=none
[    0.106839] vgaarb: loaded
[    0.106981] PCI: Using ACPI for IRQ routing
[    0.107032] pci 0000:00:05.0: BAR 13: can't allocate resource
[    0.107078] pci 0000:00:05.0: BAR 14: can't allocate resource
[    0.107327] hpet0: at MMIO 0xfed00000, IRQs 2, 8, 0, 0
[    0.107555] hpet0: 4 comparators, 32-bit 14.318180 MHz counter
[    0.109041] Switching to clocksource tsc
[    0.110361] pnp: PnP ACPI init
[    0.110431] ACPI: bus type pnp registered
[    0.112028] pnp 00:09: mem resource (0x0-0xfff) overlaps 0000:01:05.0 BAR 6 (0x0-0x1ffff), disabling
[    0.112770] pnp: PnP ACPI: found 11 devices
[    0.112815] ACPI: ACPI bus type pnp unregistered
[    0.112871] system 00:01: iomem range 0xe0000000-0xefffffff has been reserved
[    0.112919] system 00:01: iomem range 0xfec00000-0xfec00fff could not be reserved
[    0.112973] system 00:01: iomem range 0xfee00000-0xfee00fff has been reserved
[    0.113026] system 00:08: ioport range 0x1080-0x1080 has been reserved
[    0.113075] system 00:08: ioport range 0x220-0x22f has been reserved
[    0.113122] system 00:08: ioport range 0x40b-0x40b has been reserved
[    0.113169] system 00:08: ioport range 0x4d0-0x4d1 has been reserved
[    0.113217] system 00:08: ioport range 0x4d6-0x4d6 has been reserved
[    0.113264] system 00:08: ioport range 0x530-0x537 has been reserved
[    0.113311] system 00:08: ioport range 0xc00-0xc01 has been reserved
[    0.113359] system 00:08: ioport range 0xc14-0xc14 has been reserved
[    0.113406] system 00:08: ioport range 0xc50-0xc52 has been reserved
[    0.113453] system 00:08: ioport range 0xc6c-0xc6c has been reserved
[    0.113501] system 00:08: ioport range 0xc6f-0xc6f has been reserved
[    0.113548] system 00:08: ioport range 0xcd0-0xcd3 has been reserved
[    0.113595] system 00:08: ioport range 0xcd4-0xcd5 has been reserved
[    0.113642] system 00:08: ioport range 0xcd6-0xcd7 has been reserved
[    0.113689] system 00:08: ioport range 0xcd8-0xcdf has been reserved
[    0.113736] system 00:08: ioport range 0x8000-0x805f has been reserved
[    0.113783] system 00:08: ioport range 0xf40-0xf47 has been reserved
[    0.113830] system 00:08: ioport range 0x87f-0x87f has been reserved
[    0.113880] system 00:09: iomem range 0xe0000-0xfffff could not be reserved
[    0.113927] system 00:09: iomem range 0xfff00000-0xffffffff could not be reserved
[    0.113980] system 00:09: iomem range 0xc0004800-0xc0004bff has been reserved
[    0.114028] system 00:09: iomem range 0xfed00000-0xfed003ff has been reserved
[    0.118880] pci 0000:00:01.0: PCI bridge, secondary bus 0000:01
[    0.118928] pci 0000:00:01.0:   IO window: 0x9000-0x9fff
[    0.118976] pci 0000:00:01.0:   MEM window: 0xc0100000-0xc01fffff
[    0.119023] pci 0000:00:01.0:   PREFETCH window: 0x000000c8000000-0x000000cfffffff
[    0.119077] pci 0000:00:05.0: PCI bridge, secondary bus 0000:02
[    0.119124] pci 0000:00:05.0:   IO window: 0x2000-0x2fff
[    0.119170] pci 0000:00:05.0:   MEM window: 0x80000000-0x801fffff
[    0.119218] pci 0000:00:05.0:   PREFETCH window: 0x00000080200000-0x000000803fffff
[    0.119271] pci 0000:00:06.0: PCI bridge, secondary bus 0000:05
[    0.119319] pci 0000:00:06.0:   IO window: 0x3000-0x3fff
[    0.119366] pci 0000:00:06.0:   MEM window: 0xc0200000-0xc02fffff
[    0.119412] pci 0000:00:06.0:   PREFETCH window: 0x00000080400000-0x000000805fffff
[    0.119468] pci 0000:00:14.4: PCI bridge, secondary bus 0000:08
[    0.119514] pci 0000:00:14.4:   IO window: disabled
[    0.119565] pci 0000:00:14.4:   MEM window: 0xc0300000-0xc03fffff
[    0.119613] pci 0000:00:14.4:   PREFETCH window: disabled
[    0.119672] pci 0000:00:05.0: enabling device (0000 -> 0003)
[    0.119720] pci 0000:00:05.0: setting latency timer to 64
[    0.119725] pci 0000:00:06.0: setting latency timer to 64
[    0.119736] pci_bus 0000:00: resource 0 io:  [0x00-0xffff]
[    0.119739] pci_bus 0000:00: resource 1 mem: [0x000000-0xffffffffffffffff]
[    0.119742] pci_bus 0000:01: resource 0 io:  [0x9000-0x9fff]
[    0.119745] pci_bus 0000:01: resource 1 mem: [0xc0100000-0xc01fffff]
[    0.119748] pci_bus 0000:01: resource 2 pref mem [0xc8000000-0xcfffffff]
[    0.119751] pci_bus 0000:02: resource 0 io:  [0x2000-0x2fff]
[    0.119754] pci_bus 0000:02: resource 1 mem: [0x80000000-0x801fffff]
[    0.119758] pci_bus 0000:02: resource 2 pref mem [0x80200000-0x803fffff]
[    0.119761] pci_bus 0000:05: resource 0 io:  [0x3000-0x3fff]
[    0.119764] pci_bus 0000:05: resource 1 mem: [0xc0200000-0xc02fffff]
[    0.119767] pci_bus 0000:05: resource 2 pref mem [0x80400000-0x805fffff]
[    0.119770] pci_bus 0000:08: resource 1 mem: [0xc0300000-0xc03fffff]
[    0.119773] pci_bus 0000:08: resource 3 io:  [0x00-0xffff]
[    0.119776] pci_bus 0000:08: resource 4 mem: [0x000000-0xffffffffffffffff]
[    0.119820] NET: Registered protocol family 2
[    0.120018] IP route cache hash table entries: 65536 (order: 7, 524288 bytes)
[    0.121193] TCP established hash table entries: 262144 (order: 10, 4194304 bytes)
[    0.124083] TCP bind hash table entries: 65536 (order: 8, 1048576 bytes)
[    0.124816] TCP: Hash tables configured (established 262144 bind 65536)
[    0.124865] TCP reno registered
[    0.125020] NET: Registered protocol family 1
[    0.125080] pci 0000:00:00.0: MSI quirk detected; MSI disabled
[    0.125130] pci 0000:00:01.0: MSI quirk detected; subordinate MSI disabled
[    0.125278] pci 0000:01:05.0: Boot video device
[    0.125343] Unpacking initramfs...
[    0.478261] Freeing initrd memory: 12163k freed
[    0.488140] audit: initializing netlink socket (disabled)
[    0.488203] type=2000 audit(1385460128.486:1): initialized
[    0.492086] HugeTLB registered 2 MB page size, pre-allocated 0 pages
[    0.493847] VFS: Disk quotas dquot_6.5.2
[    0.493961] Dquot-cache hash table entries: 512 (order 0, 4096 bytes)
[    0.494109] msgmni has been set to 3765
[    0.494386] alg: No test for stdrng (krng)
[    0.494499] Block layer SCSI generic (bsg) driver version 0.4 loaded (major 253)
[    0.494551] io scheduler noop registered
[    0.494596] io scheduler anticipatory registered
[    0.494641] io scheduler deadline registered
[    0.494758] io scheduler cfq registered (default)
[    0.496931] Linux agpgart interface v0.103
[    0.497033] Serial: 8250/16550 driver, 4 ports, IRQ sharing enabled
[    0.497512] input: Macintosh mouse button emulation as /devices/virtual/input/input0
[    0.497628] PNP: PS/2 Controller [PNP0303:KBC0,PNP0f13:MSE0] at 0x60,0x64 irq 1,12
[    0.499667] serio: i8042 KBD port at 0x60,0x64 irq 1
[    0.499719] serio: i8042 AUX port at 0x60,0x64 irq 12
[    0.499922] mice: PS/2 mouse device common for all mice
[    0.500026] rtc_cmos 00:04: RTC can wake from S4
[    0.500119] rtc_cmos 00:04: rtc core: registered rtc_cmos as rtc0
[    0.500194] rtc0: alarms up to one month, 114 bytes nvram, hpet irqs
[    0.500251] cpuidle: using governor ladder
[    0.500297] cpuidle: using governor menu
[    0.500344] No iBFT detected.
[    0.500795] TCP cubic registered
[    0.500985] NET: Registered protocol family 10
[    0.501947] Mobile IPv6
[    0.501992] NET: Registered protocol family 17
[    0.502141] PM: Resume from disk failed.
[    0.502154] registered taskstats version 1
[    0.502618] rtc_cmos 00:04: setting system clock to 2013-11-26 10:02:10 UTC (1385460130)
[    0.502729] Initalizing network drop monitor service
[    0.502806] Freeing unused kernel memory: 592k freed
[    0.503238] Write protecting the kernel read-only data: 4240k
[    0.525340] udev[74]: starting version 164
[    0.531676] input: AT Translated Set 2 keyboard as /devices/platform/i8042/serio0/input/input1
[    0.751632] SCSI subsystem initialized
[    0.781776] usbcore: registered new interface driver usbfs
[    0.781977] usbcore: registered new interface driver hub
[    0.782165] usbcore: registered new device driver usb
[    0.795878] ehci_hcd: USB 2.0 'Enhanced' Host Controller (EHCI) Driver
[    0.796027]   alloc irq_desc for 19 on node 0
[    0.796030]   alloc kstat_irqs on node 0
[    0.796040] ehci_hcd 0000:00:13.5: PCI INT D -> GSI 19 (level, low) -> IRQ 19
[    0.796112] ehci_hcd 0000:00:13.5: EHCI Host Controller
[    0.796184] ehci_hcd 0000:00:13.5: new USB bus registered, assigned bus number 1
[    0.796267] ehci_hcd 0000:00:13.5: applying AMD SB600/SB700 USB freeze workaround
[    0.796333] ehci_hcd 0000:00:13.5: debug port 1
[    0.796409] ehci_hcd 0000:00:13.5: irq 19, io mem 0xc0004400
[    0.796470] libata version 3.00 loaded.
[    0.797168] ricoh-mmc: Ricoh MMC Controller disabling driver
[    0.797216] ricoh-mmc: Copyright(c) Philip Langdale
[    0.802758] ricoh-mmc: Ricoh MMC controller found at 0000:08:01.1 [1180:0843] (rev 1)
[    0.802824] ricoh-mmc: Main Ricoh function not found. Cannot disable controller.
[    0.813348] ehci_hcd 0000:00:13.5: USB 2.0 started, EHCI 1.00
[    0.813428] usb usb1: New USB device found, idVendor=1d6b, idProduct=0002
[    0.813475] usb usb1: New USB device strings: Mfr=3, Product=2, SerialNumber=1
[    0.813527] usb usb1: Product: EHCI Host Controller
[    0.813572] usb usb1: Manufacturer: Linux 2.6.32-5-amd64 ehci_hcd
[    0.813618] usb usb1: SerialNumber: 0000:00:13.5
[    0.813770] usb usb1: configuration #1 chosen from 1 choice
[    0.813855] hub 1-0:1.0: USB hub found
[    0.813908] hub 1-0:1.0: 10 ports detected
[    0.814587]   alloc irq_desc for 16 on node 0
[    0.814590]   alloc kstat_irqs on node 0
[    0.814599] pata_atiixp 0000:00:14.1: PCI INT A -> GSI 16 (level, low) -> IRQ 16
[    0.814692] pata_atiixp 0000:00:14.1: setting latency timer to 64
[    0.814771] scsi0 : pata_atiixp
[    0.814976] scsi1 : pata_atiixp
[    0.815875] ata1: PATA max UDMA/100 cmd 0x1f0 ctl 0x3f6 bmdma 0x8420 irq 14
[    0.815924] ata2: PATA max UDMA/100 cmd 0x170 ctl 0x376 bmdma 0x8428 irq 15
[    0.827286] thermal LNXTHERM:01: registered as thermal_zone0
[    0.827348] ACPI: Thermal Zone [THRM] (62 C)
[    0.831109] ahci 0000:00:12.0: version 3.0
[    0.831130]   alloc irq_desc for 22 on node 0
[    0.831133]   alloc kstat_irqs on node 0
[    0.831142] ahci 0000:00:12.0: PCI INT A -> GSI 22 (level, low) -> IRQ 22
[    0.831231] ahci 0000:00:12.0: controller can't do 64bit DMA, forcing 32bit
[    0.831374] ahci 0000:00:12.0: AHCI 0001.0100 32 slots 4 ports 3 Gbps 0xf impl SATA mode
[    0.831428] ahci 0000:00:12.0: flags: ncq sntf ilck led clo pmp pio ccc 
[    0.831914] scsi2 : ahci
[    0.835262] ohci_hcd: USB 1.1 'Open' Host Controller (OHCI) Driver
[    0.835523] scsi3 : ahci
[    0.835721]   alloc irq_desc for 18 on node 0
[    0.835724]   alloc kstat_irqs on node 0
[    0.835733] b43-pci-bridge 0000:05:00.0: PCI INT A -> GSI 18 (level, low) -> IRQ 18
[    0.835794] b43-pci-bridge 0000:05:00.0: setting latency timer to 64
[    0.835811] scsi4 : ahci
[    0.835972] scsi5 : ahci
[    0.837853] ata3: SATA max UDMA/133 abar m1024@0xc0004000 port 0xc0004100 irq 22
[    0.837907] ata4: SATA max UDMA/133 abar m1024@0xc0004000 port 0xc0004180 irq 22
[    0.837961] ata5: SATA max UDMA/133 abar m1024@0xc0004000 port 0xc0004200 irq 22
[    0.838015] ata6: SATA max UDMA/133 abar m1024@0xc0004000 port 0xc0004280 irq 22
[    0.838371] ohci_hcd 0000:00:13.0: PCI INT A -> GSI 16 (level, low) -> IRQ 16
[    0.838445] ohci_hcd 0000:00:13.0: OHCI Host Controller
[    0.838506] ohci_hcd 0000:00:13.0: new USB bus registered, assigned bus number 2
[    0.838592] ohci_hcd 0000:00:13.0: irq 16, io mem 0xc0005000
[    0.894345] usb usb2: New USB device found, idVendor=1d6b, idProduct=0001
[    0.894393] usb usb2: New USB device strings: Mfr=3, Product=2, SerialNumber=1
[    0.894445] usb usb2: Product: OHCI Host Controller
[    0.894490] usb usb2: Manufacturer: Linux 2.6.32-5-amd64 ohci_hcd
[    0.894536] usb usb2: SerialNumber: 0000:00:13.0
[    0.894679] usb usb2: configuration #1 chosen from 1 choice
[    0.894761] hub 2-0:1.0: USB hub found
[    0.894817] hub 2-0:1.0: 2 ports detected
[    0.895138] ssb: Sonics Silicon Backplane found on PCI device 0000:05:00.0
[    0.895417]   alloc irq_desc for 17 on node 0
[    0.895420]   alloc kstat_irqs on node 0
[    0.895429] ohci_hcd 0000:00:13.1: PCI INT B -> GSI 17 (level, low) -> IRQ 17
[    0.895502] ohci_hcd 0000:00:13.1: OHCI Host Controller
[    0.895566] ohci_hcd 0000:00:13.1: new USB bus registered, assigned bus number 3
[    0.895652] ohci_hcd 0000:00:13.1: irq 17, io mem 0xc0006000
[    0.950464] usb usb3: New USB device found, idVendor=1d6b, idProduct=0001
[    0.950517] usb usb3: New USB device strings: Mfr=3, Product=2, SerialNumber=1
[    0.950569] usb usb3: Product: OHCI Host Controller
[    0.950615] usb usb3: Manufacturer: Linux 2.6.32-5-amd64 ohci_hcd
[    0.950660] usb usb3: SerialNumber: 0000:00:13.1
[    0.950815] usb usb3: configuration #1 chosen from 1 choice
[    0.950896] hub 3-0:1.0: USB hub found
[    0.950952] hub 3-0:1.0: 2 ports detected
[    0.951196] ohci_hcd 0000:00:13.2: PCI INT C -> GSI 18 (level, low) -> IRQ 18
[    0.951271] ohci_hcd 0000:00:13.2: OHCI Host Controller
[    0.951327] ohci_hcd 0000:00:13.2: new USB bus registered, assigned bus number 4
[    0.951416] ohci_hcd 0000:00:13.2: irq 18, io mem 0xc0007000
[    0.978812] ata1.00: ATAPI: TEAC DVD-ROM DV28EV, D.AD, max UDMA/33
[    0.994785] ata1.00: configured for UDMA/33
[    1.003639] scsi 0:0:0:0: CD-ROM            TEAC     DVD-ROM DV28EV   D.AD PQ: 0 ANSI: 5
[    1.006358] usb usb4: New USB device found, idVendor=1d6b, idProduct=0001
[    1.006407] usb usb4: New USB device strings: Mfr=3, Product=2, SerialNumber=1
[    1.006460] usb usb4: Product: OHCI Host Controller
[    1.006504] usb usb4: Manufacturer: Linux 2.6.32-5-amd64 ohci_hcd
[    1.006554] usb usb4: SerialNumber: 0000:00:13.2
[    1.006761] usb usb4: configuration #1 chosen from 1 choice
[    1.006870] hub 4-0:1.0: USB hub found
[    1.006928] hub 4-0:1.0: 2 ports detected
[    1.007096] ohci_hcd 0000:00:13.3: PCI INT B -> GSI 17 (level, low) -> IRQ 17
[    1.007171] ohci_hcd 0000:00:13.3: OHCI Host Controller
[    1.007226] ohci_hcd 0000:00:13.3: new USB bus registered, assigned bus number 5
[    1.007301] ohci_hcd 0000:00:13.3: irq 17, io mem 0xc0008000
[    1.064061] usb usb5: New USB device found, idVendor=1d6b, idProduct=0001
[    1.064108] usb usb5: New USB device strings: Mfr=3, Product=2, SerialNumber=1
[    1.064160] usb usb5: Product: OHCI Host Controller
[    1.064205] usb usb5: Manufacturer: Linux 2.6.32-5-amd64 ohci_hcd
[    1.064251] usb usb5: SerialNumber: 0000:00:13.3
[    1.064430] usb usb5: configuration #1 chosen from 1 choice
[    1.064536] hub 5-0:1.0: USB hub found
[    1.064592] hub 5-0:1.0: 2 ports detected
[    1.064737] ohci_hcd 0000:00:13.4: PCI INT C -> GSI 18 (level, low) -> IRQ 18
[    1.064803] ohci_hcd 0000:00:13.4: OHCI Host Controller
[    1.064855] ohci_hcd 0000:00:13.4: new USB bus registered, assigned bus number 6
[    1.064925] ohci_hcd 0000:00:13.4: irq 18, io mem 0xc0009000
[    1.120050] usb usb6: New USB device found, idVendor=1d6b, idProduct=0001
[    1.120098] usb usb6: New USB device strings: Mfr=3, Product=2, SerialNumber=1
[    1.120150] usb usb6: Product: OHCI Host Controller
[    1.120196] usb usb6: Manufacturer: Linux 2.6.32-5-amd64 ohci_hcd
[    1.120242] usb usb6: SerialNumber: 0000:00:13.4
[    1.120431] usb usb6: configuration #1 chosen from 1 choice
[    1.120545] hub 6-0:1.0: USB hub found
[    1.120600] hub 6-0:1.0: 2 ports detected
[    1.160144] ata6: SATA link down (SStatus 0 SControl 300)
[    1.160224] ata5: SATA link down (SStatus 0 SControl 300)
[    1.160300] ata4: SATA link down (SStatus 0 SControl 300)
[    1.324013] ata3: softreset failed (device not ready)
[    1.324065] ata3: applying SB600 PMP SRST workaround and retrying
[    1.488023] ata3: SATA link up 1.5 Gbps (SStatus 113 SControl 300)
[    1.488761] ata3.00: ATA-8: FUJITSU MHW2080BH, 0085001C, max UDMA/100
[    1.488809] ata3.00: 156301488 sectors, multi 16: LBA48 NCQ (depth 31/32), AA
[    1.488875] ata3.00: SB600 AHCI: limiting to 255 sectors per cmd
[    1.489661] ata3.00: SB600 AHCI: limiting to 255 sectors per cmd
[    1.489708] ata3.00: configured for UDMA/100
[    1.489868] scsi 2:0:0:0: Direct-Access     ATA      FUJITSU MHW2080B 0085 PQ: 0 ANSI: 5
[    1.495621] sdhci: Secure Digital Host Controller Interface driver
[    1.495673] sdhci: Copyright(c) Pierre Ossman
[    1.506505]   alloc irq_desc for 21 on node 0
[    1.506509]   alloc kstat_irqs on node 0
[    1.506520] b44 0000:08:00.0: PCI INT A -> GSI 21 (level, low) -> IRQ 21
[    1.521636] sd 2:0:0:0: [sda] 156301488 512-byte logical blocks: (80.0 GB/74.5 GiB)
[    1.521749] sd 2:0:0:0: [sda] Write Protect is off
[    1.521796] sd 2:0:0:0: [sda] Mode Sense: 00 3a 00 00
[    1.521820] sd 2:0:0:0: [sda] Write cache: enabled, read cache: enabled, doesn't support DPO or FUA
[    1.522025]  sda:sr0: scsi3-mmc drive: 24x/24x cd/rw xa/form2 cdda tray
[    1.539179] Uniform CD-ROM driver Revision: 3.20
[    1.539550] sr 0:0:0:0: Attached scsi CD-ROM sr0
[    1.557198]  sda1 sda2
[    1.564102] ssb: Sonics Silicon Backplane found on PCI device 0000:08:00.0
[    1.564220] b44.c:v2.0
[    1.564475] sdhci-pci 0000:08:01.0: SDHCI controller found [1180:0822] (rev 19)
[    1.564546]   alloc irq_desc for 20 on node 0
[    1.564549]   alloc kstat_irqs on node 0
[    1.564559] sdhci-pci 0000:08:01.0: PCI INT B -> GSI 20 (level, low) -> IRQ 20
[    1.566713] Registered led device: mmc0::
[    1.567816] mmc0: SDHCI controller on PCI [0000:08:01.0] using PIO
[    1.572066] sd 2:0:0:0: [sda] Attached SCSI disk
[    1.584915] eth0: Broadcom 44xx/47xx 10/100BaseT Ethernet 00:19:b9:7e:e0:a8
[    1.586438] sr 0:0:0:0: Attached scsi generic sg0 type 5
[    1.586870] sd 2:0:0:0: Attached scsi generic sg1 type 0
[    1.911600] Uniform Multi-Platform E-IDE driver
[    1.912515] ide_generic: please use "probe_mask=0x3f" module parameter for probing all legacy ISA IDE ports
[    2.283085] ADDRCONF(NETDEV_UP): eth0: link is not ready
[    5.816182] b44: eth0: Link is up at 100 Mbps, full duplex.
[    5.816234] b44: eth0: Flow control is off for TX and off for RX.
[    5.816793] ADDRCONF(NETDEV_CHANGE): eth0: link becomes ready
[    6.717363] RPC: Registered udp transport module.
[    6.717413] RPC: Registered tcp transport module.
[    6.717458] RPC: Registered tcp NFSv4.1 backchannel transport module.
[    6.728901] Slow work thread pool: Starting up
[    6.729001] Slow work thread pool: Ready
[    6.729114] FS-Cache: Loaded
[    6.749561] FS-Cache: Netfs 'nfs' registered for caching
[    7.101362] aufs: module is from the staging directory, the quality is unknown, you have been warned.
[    7.107219] aufs 2-standalone.tree-32-20100125
[   11.725751] udev[775]: starting version 164
[   12.135271] input: Power Button as /devices/LNXSYSTM:00/LNXSYBUS:00/PNP0C0C:00/input/input2
[   12.135333] ACPI: Power Button [PWRB]
[   12.135477] input: Sleep Button as /devices/LNXSYSTM:00/LNXSYBUS:00/PNP0C0E:00/input/input3
[   12.135535] ACPI: Sleep Button [SLPB]
[   12.135656] input: Lid Switch as /devices/LNXSYSTM:00/LNXSYBUS:00/PNP0C0D:00/input/input4
[   12.136486] ACPI: Lid Switch [LID]
[   12.206368] input: Power Button as /devices/LNXSYSTM:00/LNXPWRBN:00/input/input5
[   12.206432] ACPI: Power Button [PWRF]
[   12.206560] Marking TSC unstable due to TSC halts in idle
[   12.206752] processor LNXCPU:00: registered as cooling_device0
[   12.231039] Switching to clocksource hpet
[   12.266568] input: PC Speaker as /devices/platform/pcspkr/input/input6
[   12.278083] dcdbas dcdbas: Dell Systems Management Base Driver (version 5.6.0-3.2)
[   12.287444] ACPI: AC Adapter [ACAD] (on-line)
[   12.295498] k8temp 0000:00:18.3: Temperature readouts might be wrong - check erratum #141
[   12.304831] pci_hotplug: PCI Hot Plug PCI Core version: 0.5
[   12.414055] shpchp: Standard Hot Plug PCI Controller Driver version: 0.4
[   12.444675] EDAC MC: Ver: 2.1.0 Sep 23 2013
[   12.515629] [Firmware Bug]: ACPI: ACPI brightness control misses _BQC function
[   12.784169] ACPI Warning for \_SB_.BAT1._BST: Return Package type mismatch at index 2 - found [NULL Object Descriptor], expected Integer (20090903/nspredef-1012)
[   13.067588] Synaptics Touchpad, model: 1, fw: 6.3, id: 0x180b1, caps: 0xa04713/0x200000/0x0
[   13.103305] input: SynPS/2 Synaptics TouchPad as /devices/platform/i8042/serio1/input/input7
[   13.648162] ACPI: Battery Slot [BAT1] (battery present)
[   13.648290] ACPI: WMI: Mapper loaded
[   13.690557] acpi device:1c: registered as cooling_device1
[   13.690993] input: Video Bus as /devices/LNXSYSTM:00/LNXSYBUS:00/PNP0A08:00/device:1a/LNXVIDEO:00/input/input8
[   13.691139] ACPI: Video Device [VGA] (multi-head: yes  rom: no  post: no)
[   13.796838] EDAC amd64_edac:  Ver: 3.2.0 Sep 23 2013
[   13.797405] cfg80211: Using static regulatory domain info
[   13.797453] cfg80211: Regulatory domain: US
[   13.797498] 	(start_freq - end_freq @ bandwidth), (max_antenna_gain, max_eirp)
[   13.797551] 	(2402000 KHz - 2472000 KHz @ 40000 KHz), (600 mBi, 2700 mBm)
[   13.797598] 	(5170000 KHz - 5190000 KHz @ 40000 KHz), (600 mBi, 2300 mBm)
[   13.797645] 	(5190000 KHz - 5210000 KHz @ 40000 KHz), (600 mBi, 2300 mBm)
[   13.797693] 	(5210000 KHz - 5230000 KHz @ 40000 KHz), (600 mBi, 2300 mBm)
[   13.797739] 	(5230000 KHz - 5330000 KHz @ 40000 KHz), (600 mBi, 2300 mBm)
[   13.797787] 	(5735000 KHz - 5835000 KHz @ 40000 KHz), (600 mBi, 3000 mBm)
[   13.798196] cfg80211: Calling CRDA for country: US
[   13.798576] EDAC amd64: This node reports that Memory ECC is currently disabled, set F3x44[22] (0000:00:18.3).
[   13.798634] EDAC amd64: ECC disabled in the BIOS or no ECC capability, module will not load.
[   13.798636]  Either enable ECC checking or force module loading by setting 'ecc_enable_override'.
[   13.798638]  (Note that use of the override may cause unknown side effects.)
[   13.798808] amd64_edac: probe of 0000:00:18.2 failed with error -22
[   13.809605] piix4_smbus 0000:00:14.0: SMBus Host Controller at 0x8410, revision 0
[   13.891608] Error: Driver 'pcspkr' is already registered, aborting...
[   13.927550] [drm] Initialized drm 1.1.0 20060810
[   14.030006] HDA Intel 0000:00:14.2: PCI INT A -> GSI 16 (level, low) -> IRQ 16
[   14.303369] [drm] radeon kernel modesetting enabled.
[   14.303719] radeon 0000:01:05.0: power state changed by ACPI to D0
[   14.303772] radeon 0000:01:05.0: power state changed by ACPI to D0
[   14.303825] radeon 0000:01:05.0: PCI INT A -> GSI 17 (level, low) -> IRQ 17
[   14.309210] [drm] radeon: Initializing kernel modesetting.
[   14.309334] [drm] register mmio base: 0xC0100000
[   14.309379] [drm] register mmio size: 65536
[   14.309805] [drm] GPU reset succeed (RBBM_STATUS=0x00000140)
[   14.309870] [drm:rs400_gart_adjust_size] *ERROR* Forcing to 32M GART size (because of ASIC bug ?)
[   14.309925] [drm] Generation 2 PCI interface, using max accessible memory
[   14.309972] [drm] radeon: VRAM 128M
[   14.310016] [drm] radeon: VRAM from 0x78000000 to 0x7FFFFFFF
[   14.310061] [drm] radeon: GTT 32M
[   14.310106] [drm] radeon: GTT from 0x80000000 to 0x81FFFFFF
[   14.310171] [drm] radeon: irq initialized.
[   14.310324] [drm] Detected VRAM RAM=128M, BAR=128M
[   14.310376] [drm] RAM width 128bits DDR
[   14.310511] [TTM] Zone  kernel: Available graphics memory: 964284 kiB.
[   14.310582] [drm] radeon: 128M of VRAM memory ready
[   14.310627] [drm] radeon: 32M of GTT memory ready.
[   14.310690] [drm] GART: num cpu pages 8192, num gpu pages 8192
[   14.311139] [drm] radeon: 1 quad pipes, 1 z pipes initialized.
[   14.311197] [drm] radeon: cp idle (0x10000C03)
[   14.311287] [drm] Loading R300 Microcode
[   14.311813] platform radeon_cp.0: firmware: requesting radeon/R300_cp.bin
[   14.316535] input: HDA ATI SB Mic at Ext Right Jack as /devices/pci0000:00/0000:00:14.2/sound/card0/input9
[   14.316709] input: HDA ATI SB HP Out at Ext Right Jack as /devices/pci0000:00/0000:00:14.2/sound/card0/input10
[   14.365736] b43-phy0: Broadcom 4311 WLAN found (core revision 10)
[   14.396260] radeon_cp: Failed to load firmware "radeon/R300_cp.bin"
[   14.396310] [drm:r100_cp_init] *ERROR* Failed to load firmware!
[   14.396358] radeon 0000:01:05.0: failled initializing CP (-2).
[   14.396403] radeon 0000:01:05.0: Disabling GPU acceleration
[   14.396452] [drm] radeon: cp finalized
[   14.396694] [drm] Panel ID String: AUO                     
[   14.396741] [drm] Panel Size 1280x800
[   14.396839] [drm] Radeon Display Connectors
[   14.396883] [drm] Connector 0:
[   14.396927] [drm]   VGA
[   14.396971] [drm]   DDC: 0x68 0x68 0x68 0x68 0x68 0x68 0x68 0x68
[   14.397017] [drm]   Encoders:
[   14.397061] [drm]     CRT1: INTERNAL_DAC2
[   14.397106] [drm] Connector 1:
[   14.397150] [drm]   LVDS
[   14.397194] [drm]   DDC: 0x198 0x198 0x19c 0x19c 0x1a0 0x1a0 0x1a4 0x1a4
[   14.397240] [drm]   Encoders:
[   14.397284] [drm]     LCD1: INTERNAL_LVDS
[   14.532756] composite sync not supported
[   14.541481] [drm] fb mappable at 0xC8040000
[   14.541526] [drm] vram apper at 0xC8000000
[   14.541570] [drm] size 4096000
[   14.541613] [drm] fb depth is 24
[   14.541657] [drm]    pitch is 5120
[   14.596514] Console: switching to colour frame buffer device 160x50
[   14.606278] fb0: radeondrmfb frame buffer device
[   14.606347] registered panic notifier
[   14.606430] [drm] Initialized radeon 2.0.0 20080528 for 0000:01:05.0 on minor 0
[   14.716731] phy0: Selected rate control algorithm 'minstrel'
[   14.717587] Registered led device: b43-phy0::tx
[   14.717684] Registered led device: b43-phy0::rx
[   14.717772] Registered led device: b43-phy0::radio
[   14.717921] Broadcom 43xx driver loaded [ Features: PMLS, Firmware-ID: FW13 ]
[   15.880020] eth0: no IPv6 routers present
[   32.880129] ide-gd driver 1.18
[   32.939838] ide-cd driver 5.00
[   33.081811] usbcore: registered new interface driver hiddev
[   33.081960] usbcore: registered new interface driver usbhid
[   33.082087] usbhid: v2.6:USB HID core driver
[   33.277282] Fusion MPT base driver 3.04.12
[   33.277285] Copyright (c) 1999-2008 LSI Corporation
[   33.332475] Fusion MPT SPI Host driver 3.04.12
[   33.412077] device-mapper: uevent: version 1.0.3
[   33.412619] device-mapper: ioctl: 4.15.0-ioctl (2009-04-01) initialised: dm-devel@redhat.com
[   33.511696] padlock: VIA PadLock not detected.
[   42.816382] mdadm: sending ioctl 800c0910 to a partition!
[   42.818587] mdadm: sending ioctl 800c0910 to a partition!
[   42.821003] mdadm: sending ioctl 1261 to a partition!
[   42.823173] mdadm: sending ioctl 1261 to a partition!
[   42.825637] mdadm: sending ioctl 1261 to a partition!
[   42.827825] mdadm: sending ioctl 1261 to a partition!
[   42.830256] mdadm: sending ioctl 1261 to a partition!
[   42.832453] mdadm: sending ioctl 1261 to a partition!
[   42.834841] mdadm: sending ioctl 1261 to a partition!
[   42.837041] mdadm: sending ioctl 1261 to a partition!
[   42.839425] mdadm: sending ioctl 800c0910 to a partition!
[   42.841655] mdadm: sending ioctl 800c0910 to a partition!
[   42.843921] mdadm: sending ioctl 800c0910 to a partition!
[   42.846068] mdadm: sending ioctl 800c0910 to a partition!
[   47.918728] kjournald starting.  Commit interval 5 seconds
[   47.919063] EXT3 FS on sda1, internal journal
[   47.919068] EXT3-fs: mounted filesystem with ordered data mode.
