[    0.000000] Initializing cgroup subsys cpuset
[    0.000000] Initializing cgroup subsys cpu
[    0.000000] Linux version 2.6.32-5-amd64 (Debian 2.6.32-41) (ben@decadent.org.uk) (gcc version 4.3.5 (Debian 4.3.5-4) ) #1 SMP Mon Jan 16 16:22:28 UTC 2012
[    0.000000] Command line: initrd=initrd.img-2.6.32-5-amd64 ip=dhcp  root=/dev/nfs nfsroot=/srv/fai/nfsroot boot=live  FAI_FLAGS=verbose,sshd,reboot FAI_ACTION=install BOOT_IMAGE=vmlinuz-2.6.32-5-amd64 
[    0.000000] KERNEL supported cpus:
[    0.000000]   Intel GenuineIntel
[    0.000000]   AMD AuthenticAMD
[    0.000000]   Centaur CentaurHauls
[    0.000000] BIOS-provided physical RAM map:
[    0.000000]  BIOS-e820: 0000000000000000 - 000000000009d800 (usable)
[    0.000000]  BIOS-e820: 000000000009d800 - 00000000000a0000 (reserved)
[    0.000000]  BIOS-e820: 00000000000ce000 - 0000000000100000 (reserved)
[    0.000000]  BIOS-e820: 0000000000100000 - 0000000077e70000 (usable)
[    0.000000]  BIOS-e820: 0000000077e70000 - 0000000077e80000 (ACPI data)
[    0.000000]  BIOS-e820: 0000000077e80000 - 0000000077f00000 (ACPI NVS)
[    0.000000]  BIOS-e820: 0000000077f00000 - 0000000080000000 (reserved)
[    0.000000]  BIOS-e820: 00000000e0000000 - 00000000f0000000 (reserved)
[    0.000000]  BIOS-e820: 00000000fec00000 - 00000000fec10000 (reserved)
[    0.000000]  BIOS-e820: 00000000fee00000 - 00000000fee01000 (reserved)
[    0.000000]  BIOS-e820: 00000000fff80000 - 0000000100000000 (reserved)
[    0.000000] DMI present.
[    0.000000] last_pfn = 0x77e70 max_arch_pfn = 0x400000000
[    0.000000] MTRR default type: uncachable
[    0.000000] MTRR fixed ranges enabled:
[    0.000000]   00000-9FFFF write-back
[    0.000000]   A0000-BFFFF uncachable
[    0.000000]   C0000-CFFFF write-protect
[    0.000000]   D0000-E3FFF uncachable
[    0.000000]   E4000-FFFFF write-protect
[    0.000000] MTRR variable ranges enabled:
[    0.000000]   0 base 0000000000 mask FF80000000 write-back
[    0.000000]   1 base 0078000000 mask FFF8000000 uncachable
[    0.000000]   2 disabled
[    0.000000]   3 disabled
[    0.000000]   4 disabled
[    0.000000]   5 disabled
[    0.000000]   6 disabled
[    0.000000]   7 disabled
[    0.000000] x86 PAT enabled: cpu 0, old 0x7040600070406, new 0x7010600070106
[    0.000000] initial memory mapped : 0 - 20000000
[    0.000000] init_memory_mapping: 0000000000000000-0000000077e70000
[    0.000000]  0000000000 - 0077e00000 page 2M
[    0.000000]  0077e00000 - 0077e70000 page 4k
[    0.000000] kernel direct mapping tables up to 77e70000 @ 8000-c000
[    0.000000] RAMDISK: 7726e000 - 77e4ef9a
[    0.000000] ACPI: RSDP 00000000000f8500 00014 (v00 PTLTD )
[    0.000000] ACPI: RSDT 0000000077e79606 00040 (v01 DELL    M08     06040000  LTP 00000000)
[    0.000000] ACPI: FACP 0000000077e7fc36 00074 (v01 ATI    Bowfin   06040000 ATI  000F4240)
[    0.000000] ACPI: DSDT 0000000077e79646 065F0 (v01    ATI    SB600 06040000 MSFT 03000000)
[    0.000000] ACPI: FACS 0000000077e90fc0 00040
[    0.000000] ACPI: TCPA 0000000077e7fcaa 00032 (v02 AMD             06040000 PTEC 00000000)
[    0.000000] ACPI: SSDT 0000000077e7fcdc 000F4 (v01 PTLTD  POWERNOW 06040000  LTP 00000001)
[    0.000000] ACPI: APIC 0000000077e7fdd0 00046 (v01 PTLTD  ? APIC   06040000  LTP 00000000)
[    0.000000] ACPI: MCFG 0000000077e7fe16 0003C (v01 PTLTD    MCFG   06040000  LTP 00000000)
[    0.000000] ACPI: HPET 0000000077e7fe52 00038 (v01 PTLTD  HPETTBL  06040000  LTP 00000001)
[    0.000000] ACPI: SLIC 0000000077e7fe8a 00176 (v01 DELL    M08     06040000  LTP 00000000)
[    0.000000] ACPI: Local APIC address 0xfee00000
[    0.000000] Scanning NUMA topology in Northbridge 24
[    0.000000] No NUMA configuration found
[    0.000000] Faking a node at 0000000000000000-0000000077e70000
[    0.000000] Bootmem setup node 0 0000000000000000-0000000077e70000
[    0.000000]   NODE_DATA [000000000000a000 - 0000000000011fff]
[    0.000000]   bootmap [0000000000012000 -  0000000000020fcf] pages f
[    0.000000] (7 early reservations) ==> bootmem [0000000000 - 0077e70000]
[    0.000000]   #0 [0000000000 - 0000001000]   BIOS data page ==> [0000000000 - 0000001000]
[    0.000000]   #1 [0000006000 - 0000008000]       TRAMPOLINE ==> [0000006000 - 0000008000]
[    0.000000]   #2 [0001000000 - 00016d95c4]    TEXT DATA BSS ==> [0001000000 - 00016d95c4]
[    0.000000]   #3 [007726e000 - 0077e4ef9a]          RAMDISK ==> [007726e000 - 0077e4ef9a]
[    0.000000]   #4 [000009d800 - 0000100000]    BIOS reserved ==> [000009d800 - 0000100000]
[    0.000000]   #5 [00016da000 - 00016da18c]              BRK ==> [00016da000 - 00016da18c]
[    0.000000]   #6 [0000008000 - 000000a000]          PGTABLE ==> [0000008000 - 000000a000]
[    0.000000] found SMP MP-table at [ffff8800000f8530] f8530
[    0.000000]  [ffffea0000000000-ffffea0001bfffff] PMD -> [ffff880001c00000-ffff8800037fffff] on node 0
[    0.000000] Zone PFN ranges:
[    0.000000]   DMA      0x00000000 -> 0x00001000
[    0.000000]   DMA32    0x00001000 -> 0x00100000
[    0.000000]   Normal   0x00100000 -> 0x00100000
[    0.000000] Movable zone start PFN for each node
[    0.000000] early_node_map[2] active PFN ranges
[    0.000000]     0: 0x00000000 -> 0x0000009d
[    0.000000]     0: 0x00000100 -> 0x00077e70
[    0.000000] On node 0 totalpages: 491021
[    0.000000]   DMA zone: 56 pages used for memmap
[    0.000000]   DMA zone: 103 pages reserved
[    0.000000]   DMA zone: 3838 pages, LIFO batch:0
[    0.000000]   DMA32 zone: 6659 pages used for memmap
[    0.000000]   DMA32 zone: 480365 pages, LIFO batch:31
[    0.000000] Detected use of extended apic ids on hypertransport bus
[    0.000000] ACPI: PM-Timer IO Port: 0x8008
[    0.000000] ACPI: Local APIC address 0xfee00000
[    0.000000] ACPI: LAPIC (acpi_id[0x00] lapic_id[0x00] enabled)
[    0.000000] ACPI: LAPIC_NMI (acpi_id[0x00] high edge lint[0x1])
[    0.000000] ACPI: IOAPIC (id[0x01] address[0xfec00000] gsi_base[0])
[    0.000000] IOAPIC[0]: apic_id 1, version 33, address 0xfec00000, GSI 0-23
[    0.000000] ACPI: IRQ9 used by override.
[    0.000000] Using ACPI (MADT) for SMP configuration information
[    0.000000] ACPI: HPET id: 0x43538301 base: 0xfed00000
[    0.000000] SMP: Allowing 1 CPUs, 0 hotplug CPUs
[    0.000000] nr_irqs_gsi: 24
[    0.000000] PM: Registered nosave memory: 000000000009d000 - 000000000009e000
[    0.000000] PM: Registered nosave memory: 000000000009e000 - 00000000000a0000
[    0.000000] PM: Registered nosave memory: 00000000000a0000 - 00000000000ce000
[    0.000000] PM: Registered nosave memory: 00000000000ce000 - 0000000000100000
[    0.000000] Allocating PCI resources starting at 80000000 (gap: 80000000:60000000)
[    0.000000] Booting paravirtualized kernel on bare hardware
[    0.000000] NR_CPUS:512 nr_cpumask_bits:512 nr_cpu_ids:1 nr_node_ids:1
[    0.000000] PERCPU: Embedded 30 pages/cpu @ffff880001800000 s90328 r8192 d24360 u2097152
[    0.000000] pcpu-alloc: s90328 r8192 d24360 u2097152 alloc=1*2097152
[    0.000000] pcpu-alloc: [0] 0 
[    0.000000] Built 1 zonelists in Node order, mobility grouping on.  Total pages: 484203
[    0.000000] Policy zone: DMA32
[    0.000000] Kernel command line: initrd=initrd.img-2.6.32-5-amd64 ip=dhcp  root=/dev/nfs nfsroot=/srv/fai/nfsroot boot=live  FAI_FLAGS=verbose,sshd,reboot FAI_ACTION=install BOOT_IMAGE=vmlinuz-2.6.32-5-amd64 
[    0.000000] PID hash table entries: 4096 (order: 3, 32768 bytes)
[    0.000000] Initializing CPU#0
[    0.000000] Checking aperture...
[    0.000000] No AGP bridge found
[    0.000000] Node 0: aperture @ a400000000 size 32 MB
[    0.000000] Aperture beyond 4GB. Ignoring.
[    0.000000] Memory: 1915780k/1964480k available (3083k kernel code, 396k absent, 48304k reserved, 2048k data, 592k init)
[    0.000000] SLUB: Genslabs=14, HWalign=64, Order=0-3, MinObjects=0, CPUs=1, Nodes=1
[    0.000000] Hierarchical RCU implementation.
[    0.000000] NR_IRQS:4352 nr_irqs:256
[    0.000000] Console: colour VGA+ 80x25
[    0.000000] console [tty0] enabled
[    0.000000] hpet clockevent registered
[    0.000000] Fast TSC calibration using PIT
[    0.000000] Detected 1795.715 MHz processor.
[    0.004005] Calibrating delay loop (skipped), value calculated using timer frequency.. 3591.43 BogoMIPS (lpj=7182860)
[    0.004123] Security Framework initialized
[    0.004175] SELinux:  Disabled at boot.
[    0.004411] Dentry cache hash table entries: 262144 (order: 9, 2097152 bytes)
[    0.005883] Inode-cache hash table entries: 131072 (order: 8, 1048576 bytes)
[    0.006614] Mount-cache hash table entries: 256
[    0.006843] Initializing cgroup subsys ns
[    0.006891] Initializing cgroup subsys cpuacct
[    0.006939] Initializing cgroup subsys devices
[    0.006985] Initializing cgroup subsys freezer
[    0.007031] Initializing cgroup subsys net_cls
[    0.007104] CPU: L1 I Cache: 64K (64 bytes/line), D cache 64K (64 bytes/line)
[    0.007152] CPU: L2 Cache: 512K (64 bytes/line)
[    0.007199] CPU 0/0x0 -> Node 0
[    0.007244] tseg: 0077f00000
[    0.007247] mce: CPU supports 5 MCE banks
[    0.007305] using C1E aware idle routine
[    0.007350] Performance Events: AMD PMU driver.
[    0.007436] ... version:                0
[    0.007482] ... bit width:              48
[    0.007526] ... generic registers:      4
[    0.007571] ... value mask:             0000ffffffffffff
[    0.007618] ... max period:             00007fffffffffff
[    0.008008] ... fixed-purpose events:   0
[    0.008053] ... event mask:             000000000000000f
[    0.008111] SMP alternatives: switching to UP code
[    0.014410] Freeing SMP alternatives: 28k freed
[    0.014484] ACPI: Core revision 20090903
[    0.024079] Setting APIC routing to flat
[    0.024456] ..TIMER: vector=0x30 apic1=0 pin1=0 apic2=-1 pin2=-1
[    0.028001] ..MP-BIOS bug: 8254 timer not connected to IO-APIC
[    0.028001] ...trying to set up timer (IRQ0) through the 8259A ...
[    0.028001] ..... (found apic 0 pin 0) ...
[    0.071109] ....... works.
[    0.071152] CPU0: Mobile AMD Sempron(tm) Processor 3500+ stepping 02
[    0.072001] Brought up 1 CPUs
[    0.072001] Total of 1 processors activated (3591.43 BogoMIPS).
[    0.072001] CPU0 attaching NULL sched-domain.
[    0.072001] devtmpfs: initialized
[    0.072977] regulator: core version 0.5
[    0.073080] NET: Registered protocol family 16
[    0.073247] node 0 link 0: io port [1000, fffff]
[    0.073250] TOM: 0000000080000000 aka 2048M
[    0.073297] node 0 link 0: mmio [d0000000, dfffffff]
[    0.073300] node 0 link 0: mmio [c8000000, cfffffff]
[    0.073304] node 0 link 0: mmio [a0000, bffff]
[    0.073307] node 0 link 0: mmio [f0000000, ffffffff]
[    0.073310] node 0 link 0: mmio [e0000000, efffffff]
[    0.073313] node 0 link 0: mmio [80000000, c7ffffff]
[    0.073316] bus: [00,ff] on node 0 link 0
[    0.073319] bus: 00 index 0 io port: [0, ffff]
[    0.073321] bus: 00 index 1 mmio: [80000000, efffffff]
[    0.073324] bus: 00 index 2 mmio: [a0000, bffff]
[    0.073326] bus: 00 index 3 mmio: [f0000000, fcffffffff]
[    0.073333] ACPI: bus type pci registered
[    0.073450] PCI: MCFG configuration 0: base e0000000 segment 0 buses 0 - 9
[    0.073497] PCI: MCFG area at e0000000 reserved in E820
[    0.073827] PCI: Using MMCONFIG at e0000000 - e09fffff
[    0.073873] PCI: Using configuration type 1 for base access
[    0.074415] bio: create slab <bio-0> at 0
[    0.075020] ACPI: EC: Look up EC in DSDT
[    0.078102] ACPI: BIOS _OSI(Linux) query ignored
[    0.080072] ACPI: Interpreter enabled
[    0.080118] ACPI: (supports S0 S3 S4 S5)
[    0.080325] ACPI: Using IOAPIC for interrupt routing
[    0.087446] [Firmware Bug]: ACPI: ACPI brightness control misses _BQC function
[    0.088212] ACPI: EC: GPE = 0x14, I/O: command/status = 0x66, data = 0x62
[    0.088489] ACPI: No dock devices found.
[    0.092713] ACPI Error: Needed type [Reference], found [Device] ffff880076f23800 (20090903/exresop-104)
[    0.092844] ACPI Exception: AE_AML_OPERAND_TYPE, While resolving operands for [OpcodeName unavailable] (20090903/dswexec-460)
[    0.092974] ACPI Error (psparse-0537): Method parse/execution failed [\_SB_.PCI0._OSC] (Node ffff880076f2aa80), AE_AML_OPERAND_TYPE
[    0.093161] ACPI: PCI Root Bridge [PCI0] (0000:00)
[    0.093334] pci 0000:00:05.0: PME# supported from D0 D3hot D3cold
[    0.093383] pci 0000:00:05.0: PME# disabled
[    0.093463] pci 0000:00:06.0: PME# supported from D0 D3hot D3cold
[    0.093510] pci 0000:00:06.0: PME# disabled
[    0.093619] pci 0000:00:12.0: reg 10 io port: [0x8438-0x843f]
[    0.093628] pci 0000:00:12.0: reg 14 io port: [0x8454-0x8457]
[    0.093637] pci 0000:00:12.0: reg 18 io port: [0x8430-0x8437]
[    0.093645] pci 0000:00:12.0: reg 1c io port: [0x8450-0x8453]
[    0.093654] pci 0000:00:12.0: reg 20 io port: [0x8400-0x840f]
[    0.093662] pci 0000:00:12.0: reg 24 32bit mmio: [0xc0004000-0xc00043ff]
[    0.093683] pci 0000:00:12.0: set SATA to AHCI mode
[    0.093782] pci 0000:00:13.0: reg 10 32bit mmio: [0xc0005000-0xc0005fff]
[    0.093850] pci 0000:00:13.1: reg 10 32bit mmio: [0xc0006000-0xc0006fff]
[    0.093917] pci 0000:00:13.2: reg 10 32bit mmio: [0xc0007000-0xc0007fff]
[    0.093984] pci 0000:00:13.3: reg 10 32bit mmio: [0xc0008000-0xc0008fff]
[    0.094050] pci 0000:00:13.4: reg 10 32bit mmio: [0xc0009000-0xc0009fff]
[    0.094140] pci 0000:00:13.5: reg 10 32bit mmio: [0xc0004400-0xc00044ff]
[    0.094202] pci 0000:00:13.5: supports D1 D2
[    0.094204] pci 0000:00:13.5: PME# supported from D0 D1 D2 D3hot
[    0.094253] pci 0000:00:13.5: PME# disabled
[    0.094350] pci 0000:00:14.0: reg 10 io port: [0x8410-0x841f]
[    0.094358] pci 0000:00:14.0: reg 14 32bit mmio: [0xfed00000-0xfed003ff]
[    0.094446] pci 0000:00:14.1: reg 10 io port: [0x1f0-0x1f7]
[    0.094454] pci 0000:00:14.1: reg 14 io port: [0x3f4-0x3f7]
[    0.094463] pci 0000:00:14.1: reg 18 io port: [0x00-0x07]
[    0.094471] pci 0000:00:14.1: reg 1c io port: [0x00-0x03]
[    0.094479] pci 0000:00:14.1: reg 20 io port: [0x8420-0x842f]
[    0.094569] pci 0000:00:14.2: reg 10 64bit mmio: [0xc0000000-0xc0003fff]
[    0.094625] pci 0000:00:14.2: PME# supported from D0 D3hot D3cold
[    0.094674] pci 0000:00:14.2: PME# disabled
[    0.094934] pci 0000:01:05.0: reg 10 32bit mmio pref: [0xc8000000-0xcfffffff]
[    0.094939] pci 0000:01:05.0: reg 14 io port: [0x9000-0x90ff]
[    0.094944] pci 0000:01:05.0: reg 18 32bit mmio: [0xc0100000-0xc010ffff]
[    0.094954] pci 0000:01:05.0: reg 30 32bit mmio pref: [0x000000-0x01ffff]
[    0.094962] pci 0000:01:05.0: supports D1 D2
[    0.094980] pci 0000:00:01.0: bridge io port: [0x9000-0x9fff]
[    0.094983] pci 0000:00:01.0: bridge 32bit mmio: [0xc0100000-0xc01fffff]
[    0.094988] pci 0000:00:01.0: bridge 64bit mmio pref: [0xc8000000-0xcfffffff]
[    0.095040] pci 0000:00:05.0: bridge io port: [0x00-0xfff]
[    0.095043] pci 0000:00:05.0: bridge 32bit mmio: [0x000000-0x0fffff]
[    0.095091] pci 0000:05:00.0: reg 10 32bit mmio: [0xc0200000-0xc0203fff]
[    0.095155] pci 0000:05:00.0: supports D1 D2
[    0.095185] pci 0000:05:00.0: disabling ASPM on pre-1.1 PCIe device.  You can enable it with 'pcie_aspm=force'
[    0.095313] pci 0000:00:06.0: bridge 32bit mmio: [0xc0200000-0xc02fffff]
[    0.095365] pci 0000:08:00.0: reg 10 32bit mmio: [0xc0300000-0xc0301fff]
[    0.095433] pci 0000:08:00.0: supports D1 D2
[    0.095436] pci 0000:08:00.0: PME# supported from D0 D1 D2 D3hot D3cold
[    0.095486] pci 0000:08:00.0: PME# disabled
[    0.095586] pci 0000:08:01.0: reg 10 32bit mmio: [0xc0302000-0xc03020ff]
[    0.095654] pci 0000:08:01.0: supports D1 D2
[    0.095657] pci 0000:08:01.0: PME# supported from D0 D1 D2 D3hot D3cold
[    0.095708] pci 0000:08:01.0: PME# disabled
[    0.095801] pci 0000:08:01.1: reg 10 32bit mmio: [0xc0302400-0xc03024ff]
[    0.095869] pci 0000:08:01.1: supports D1 D2
[    0.095872] pci 0000:08:01.1: PME# supported from D0 D1 D2 D3hot D3cold
[    0.095921] pci 0000:08:01.1: PME# disabled
[    0.096051] pci 0000:00:14.4: transparent bridge
[    0.097770] pci 0000:00:14.4: bridge 32bit mmio: [0xc0300000-0xc03fffff]
[    0.097791] ACPI: PCI Interrupt Routing Table [\_SB_.PCI0._PRT]
[    0.097914] ACPI: PCI Interrupt Routing Table [\_SB_.PCI0.PB5_._PRT]
[    0.097991] ACPI: PCI Interrupt Routing Table [\_SB_.PCI0.PB6_._PRT]
[    0.098093] ACPI: PCI Interrupt Routing Table [\_SB_.PCI0.P2P_._PRT]
[    0.098156] ACPI: PCI Interrupt Routing Table [\_SB_.PCI0.AGP_._PRT]
[    0.098286] ACPI Error: Needed type [Reference], found [Device] ffff880076f23800 (20090903/exresop-104)
[    0.098415] ACPI Exception: AE_AML_OPERAND_TYPE, While resolving operands for [OpcodeName unavailable] (20090903/dswexec-460)
[    0.098545] ACPI Error (psparse-0537): Method parse/execution failed [\_SB_.PCI0._OSC] (Node ffff880076f2aa80), AE_AML_OPERAND_TYPE
[    0.103339] ACPI: PCI Interrupt Link [LNKA] (IRQs 10 11) *0, disabled.
[    0.103712] ACPI: PCI Interrupt Link [LNKB] (IRQs 10 11) *0, disabled.
[    0.104092] ACPI: PCI Interrupt Link [LNKC] (IRQs 10 11) *0, disabled.
[    0.104464] ACPI: PCI Interrupt Link [LNKD] (IRQs 10 11) *0, disabled.
[    0.104836] ACPI: PCI Interrupt Link [LNKE] (IRQs 10 11) *0, disabled.
[    0.105209] ACPI: PCI Interrupt Link [LNKF] (IRQs 10 11) *0, disabled.
[    0.105579] ACPI: PCI Interrupt Link [LNKG] (IRQs 10 11) *0, disabled.
[    0.105950] ACPI: PCI Interrupt Link [LNKH] (IRQs 10 11) *0, disabled.
[    0.106321] ACPI: PCI Interrupt Link [LNKU] (IRQs 3 4 5 7) *0, disabled.
[    0.106773] vgaarb: device added: PCI:0000:01:05.0,decodes=io+mem,owns=io+mem,locks=none
[    0.106828] vgaarb: loaded
[    0.106971] PCI: Using ACPI for IRQ routing
[    0.107021] pci 0000:00:05.0: BAR 13: can't allocate resource
[    0.107067] pci 0000:00:05.0: BAR 14: can't allocate resource
[    0.107315] hpet0: at MMIO 0xfed00000, IRQs 2, 8, 0, 0
[    0.107546] hpet0: 4 comparators, 32-bit 14.318180 MHz counter
[    0.109043] Switching to clocksource tsc
[    0.110365] pnp: PnP ACPI init
[    0.110436] ACPI: bus type pnp registered
[    0.112042] pnp 00:09: mem resource (0x0-0xfff) overlaps 0000:01:05.0 BAR 6 (0x0-0x1ffff), disabling
[    0.112781] pnp: PnP ACPI: found 11 devices
[    0.112826] ACPI: ACPI bus type pnp unregistered
[    0.112882] system 00:01: iomem range 0xe0000000-0xefffffff has been reserved
[    0.112930] system 00:01: iomem range 0xfec00000-0xfec00fff could not be reserved
[    0.112984] system 00:01: iomem range 0xfee00000-0xfee00fff has been reserved
[    0.113037] system 00:08: ioport range 0x1080-0x1080 has been reserved
[    0.113084] system 00:08: ioport range 0x220-0x22f has been reserved
[    0.113132] system 00:08: ioport range 0x40b-0x40b has been reserved
[    0.113179] system 00:08: ioport range 0x4d0-0x4d1 has been reserved
[    0.113227] system 00:08: ioport range 0x4d6-0x4d6 has been reserved
[    0.113274] system 00:08: ioport range 0x530-0x537 has been reserved
[    0.113321] system 00:08: ioport range 0xc00-0xc01 has been reserved
[    0.113369] system 00:08: ioport range 0xc14-0xc14 has been reserved
[    0.113416] system 00:08: ioport range 0xc50-0xc52 has been reserved
[    0.113463] system 00:08: ioport range 0xc6c-0xc6c has been reserved
[    0.113510] system 00:08: ioport range 0xc6f-0xc6f has been reserved
[    0.113557] system 00:08: ioport range 0xcd0-0xcd3 has been reserved
[    0.113604] system 00:08: ioport range 0xcd4-0xcd5 has been reserved
[    0.113651] system 00:08: ioport range 0xcd6-0xcd7 has been reserved
[    0.113698] system 00:08: ioport range 0xcd8-0xcdf has been reserved
[    0.113745] system 00:08: ioport range 0x8000-0x805f has been reserved
[    0.113792] system 00:08: ioport range 0xf40-0xf47 has been reserved
[    0.113839] system 00:08: ioport range 0x87f-0x87f has been reserved
[    0.113889] system 00:09: iomem range 0xe0000-0xfffff could not be reserved
[    0.113937] system 00:09: iomem range 0xfff00000-0xffffffff could not be reserved
[    0.113990] system 00:09: iomem range 0xc0004800-0xc0004bff has been reserved
[    0.114038] system 00:09: iomem range 0xfed00000-0xfed003ff has been reserved
[    0.118893] pci 0000:00:01.0: PCI bridge, secondary bus 0000:01
[    0.118940] pci 0000:00:01.0:   IO window: 0x9000-0x9fff
[    0.118988] pci 0000:00:01.0:   MEM window: 0xc0100000-0xc01fffff
[    0.119035] pci 0000:00:01.0:   PREFETCH window: 0x000000c8000000-0x000000cfffffff
[    0.119089] pci 0000:00:05.0: PCI bridge, secondary bus 0000:02
[    0.119136] pci 0000:00:05.0:   IO window: 0x2000-0x2fff
[    0.119182] pci 0000:00:05.0:   MEM window: 0x80000000-0x801fffff
[    0.119230] pci 0000:00:05.0:   PREFETCH window: 0x00000080200000-0x000000803fffff
[    0.119283] pci 0000:00:06.0: PCI bridge, secondary bus 0000:05
[    0.119330] pci 0000:00:06.0:   IO window: 0x3000-0x3fff
[    0.119378] pci 0000:00:06.0:   MEM window: 0xc0200000-0xc02fffff
[    0.119425] pci 0000:00:06.0:   PREFETCH window: 0x00000080400000-0x000000805fffff
[    0.119480] pci 0000:00:14.4: PCI bridge, secondary bus 0000:08
[    0.119526] pci 0000:00:14.4:   IO window: disabled
[    0.119576] pci 0000:00:14.4:   MEM window: 0xc0300000-0xc03fffff
[    0.119625] pci 0000:00:14.4:   PREFETCH window: disabled
[    0.119683] pci 0000:00:05.0: enabling device (0000 -> 0003)
[    0.119731] pci 0000:00:05.0: setting latency timer to 64
[    0.119737] pci 0000:00:06.0: setting latency timer to 64
[    0.119747] pci_bus 0000:00: resource 0 io:  [0x00-0xffff]
[    0.119751] pci_bus 0000:00: resource 1 mem: [0x000000-0xffffffffffffffff]
[    0.119754] pci_bus 0000:01: resource 0 io:  [0x9000-0x9fff]
[    0.119757] pci_bus 0000:01: resource 1 mem: [0xc0100000-0xc01fffff]
[    0.119760] pci_bus 0000:01: resource 2 pref mem [0xc8000000-0xcfffffff]
[    0.119763] pci_bus 0000:02: resource 0 io:  [0x2000-0x2fff]
[    0.119766] pci_bus 0000:02: resource 1 mem: [0x80000000-0x801fffff]
[    0.119769] pci_bus 0000:02: resource 2 pref mem [0x80200000-0x803fffff]
[    0.119773] pci_bus 0000:05: resource 0 io:  [0x3000-0x3fff]
[    0.119776] pci_bus 0000:05: resource 1 mem: [0xc0200000-0xc02fffff]
[    0.119779] pci_bus 0000:05: resource 2 pref mem [0x80400000-0x805fffff]
[    0.119782] pci_bus 0000:08: resource 1 mem: [0xc0300000-0xc03fffff]
[    0.119785] pci_bus 0000:08: resource 3 io:  [0x00-0xffff]
[    0.119788] pci_bus 0000:08: resource 4 mem: [0x000000-0xffffffffffffffff]
[    0.119833] NET: Registered protocol family 2
[    0.120031] IP route cache hash table entries: 65536 (order: 7, 524288 bytes)
[    0.121200] TCP established hash table entries: 262144 (order: 10, 4194304 bytes)
[    0.124097] TCP bind hash table entries: 65536 (order: 8, 1048576 bytes)
[    0.124830] TCP: Hash tables configured (established 262144 bind 65536)
[    0.124878] TCP reno registered
[    0.125033] NET: Registered protocol family 1
[    0.125094] pci 0000:00:00.0: MSI quirk detected; MSI disabled
[    0.125143] pci 0000:00:01.0: MSI quirk detected; subordinate MSI disabled
[    0.125291] pci 0000:01:05.0: Boot video device
[    0.125356] Unpacking initramfs...
[    0.478217] Freeing initrd memory: 12163k freed
[    0.488110] audit: initializing netlink socket (disabled)
[    0.488171] type=2000 audit(1385371115.486:1): initialized
[    0.492052] HugeTLB registered 2 MB page size, pre-allocated 0 pages
[    0.493808] VFS: Disk quotas dquot_6.5.2
[    0.493922] Dquot-cache hash table entries: 512 (order 0, 4096 bytes)
[    0.494070] msgmni has been set to 3765
[    0.494346] alg: No test for stdrng (krng)
[    0.494458] Block layer SCSI generic (bsg) driver version 0.4 loaded (major 253)
[    0.494511] io scheduler noop registered
[    0.494556] io scheduler anticipatory registered
[    0.494601] io scheduler deadline registered
[    0.494719] io scheduler cfq registered (default)
[    0.496887] Linux agpgart interface v0.103
[    0.496989] Serial: 8250/16550 driver, 4 ports, IRQ sharing enabled
[    0.497466] input: Macintosh mouse button emulation as /devices/virtual/input/input0
[    0.497581] PNP: PS/2 Controller [PNP0303:KBC0,PNP0f13:MSE0] at 0x60,0x64 irq 1,12
[    0.499621] serio: i8042 KBD port at 0x60,0x64 irq 1
[    0.499673] serio: i8042 AUX port at 0x60,0x64 irq 12
[    0.499874] mice: PS/2 mouse device common for all mice
[    0.499978] rtc_cmos 00:04: RTC can wake from S4
[    0.500071] rtc_cmos 00:04: rtc core: registered rtc_cmos as rtc0
[    0.500146] rtc0: alarms up to one month, 114 bytes nvram, hpet irqs
[    0.500203] cpuidle: using governor ladder
[    0.500249] cpuidle: using governor menu
[    0.500296] No iBFT detected.
[    0.500747] TCP cubic registered
[    0.500936] NET: Registered protocol family 10
[    0.501902] Mobile IPv6
[    0.501947] NET: Registered protocol family 17
[    0.502097] PM: Resume from disk failed.
[    0.502110] registered taskstats version 1
[    0.502572] rtc_cmos 00:04: setting system clock to 2013-11-25 09:18:37 UTC (1385371117)
[    0.502684] Initalizing network drop monitor service
[    0.502760] Freeing unused kernel memory: 592k freed
[    0.503193] Write protecting the kernel read-only data: 4240k
[    0.526426] udev[74]: starting version 164
[    0.531495] input: AT Translated Set 2 keyboard as /devices/platform/i8042/serio0/input/input1
[    0.748716] SCSI subsystem initialized
[    0.779068] usbcore: registered new interface driver usbfs
[    0.779268] usbcore: registered new interface driver hub
[    0.779456] usbcore: registered new device driver usb
[    0.788316] libata version 3.00 loaded.
[    0.793549] ricoh-mmc: Ricoh MMC Controller disabling driver
[    0.793599] ricoh-mmc: Copyright(c) Philip Langdale
[    0.799124] ehci_hcd: USB 2.0 'Enhanced' Host Controller (EHCI) Driver
[    0.799229] ricoh-mmc: Ricoh MMC controller found at 0000:08:01.1 [1180:0843] (rev 1)
[    0.799289] ricoh-mmc: Main Ricoh function not found. Cannot disable controller.
[    0.799569]   alloc irq_desc for 19 on node 0
[    0.799572]   alloc kstat_irqs on node 0
[    0.799582] ehci_hcd 0000:00:13.5: PCI INT D -> GSI 19 (level, low) -> IRQ 19
[    0.799660] ehci_hcd 0000:00:13.5: EHCI Host Controller
[    0.799734] ehci_hcd 0000:00:13.5: new USB bus registered, assigned bus number 1
[    0.799815] ehci_hcd 0000:00:13.5: applying AMD SB600/SB700 USB freeze workaround
[    0.799880] ehci_hcd 0000:00:13.5: debug port 1
[    0.799955] ehci_hcd 0000:00:13.5: irq 19, io mem 0xc0004400
[    0.818121] ehci_hcd 0000:00:13.5: USB 2.0 started, EHCI 1.00
[    0.818216] usb usb1: New USB device found, idVendor=1d6b, idProduct=0002
[    0.818263] usb usb1: New USB device strings: Mfr=3, Product=2, SerialNumber=1
[    0.818315] usb usb1: Product: EHCI Host Controller
[    0.818361] usb usb1: Manufacturer: Linux 2.6.32-5-amd64 ehci_hcd
[    0.818407] usb usb1: SerialNumber: 0000:00:13.5
[    0.818560] usb usb1: configuration #1 chosen from 1 choice
[    0.818642] hub 1-0:1.0: USB hub found
[    0.818695] hub 1-0:1.0: 10 ports detected
[    0.819274] thermal LNXTHERM:01: registered as thermal_zone0
[    0.819333] ACPI: Thermal Zone [THRM] (58 C)
[    0.819557]   alloc irq_desc for 16 on node 0
[    0.819559]   alloc kstat_irqs on node 0
[    0.819569] pata_atiixp 0000:00:14.1: PCI INT A -> GSI 16 (level, low) -> IRQ 16
[    0.819664] pata_atiixp 0000:00:14.1: setting latency timer to 64
[    0.819746] scsi0 : pata_atiixp
[    0.819968] scsi1 : pata_atiixp
[    0.820901] ata1: PATA max UDMA/100 cmd 0x1f0 ctl 0x3f6 bmdma 0x8420 irq 14
[    0.820949] ata2: PATA max UDMA/100 cmd 0x170 ctl 0x376 bmdma 0x8428 irq 15
[    0.821272] ahci 0000:00:12.0: version 3.0
[    0.821289]   alloc irq_desc for 22 on node 0
[    0.821292]   alloc kstat_irqs on node 0
[    0.821300] ahci 0000:00:12.0: PCI INT A -> GSI 22 (level, low) -> IRQ 22
[    0.821385] ahci 0000:00:12.0: controller can't do 64bit DMA, forcing 32bit
[    0.821527] ahci 0000:00:12.0: AHCI 0001.0100 32 slots 4 ports 3 Gbps 0xf impl SATA mode
[    0.821582] ahci 0000:00:12.0: flags: ncq sntf ilck led clo pmp pio ccc 
[    0.822262] scsi2 : ahci
[    0.825376] ohci_hcd: USB 1.1 'Open' Host Controller (OHCI) Driver
[    0.826207] scsi3 : ahci
[    0.828284] scsi4 : ahci
[    0.828508] scsi5 : ahci
[    0.828705] ata3: SATA max UDMA/133 abar m1024@0xc0004000 port 0xc0004100 irq 22
[    0.830461] ata4: SATA max UDMA/133 abar m1024@0xc0004000 port 0xc0004180 irq 22
[    0.830515] ata5: SATA max UDMA/133 abar m1024@0xc0004000 port 0xc0004200 irq 22
[    0.830568] ata6: SATA max UDMA/133 abar m1024@0xc0004000 port 0xc0004280 irq 22
[    0.830969] ohci_hcd 0000:00:13.0: PCI INT A -> GSI 16 (level, low) -> IRQ 16
[    0.831044] ohci_hcd 0000:00:13.0: OHCI Host Controller
[    0.831106] ohci_hcd 0000:00:13.0: new USB bus registered, assigned bus number 2
[    0.831196] ohci_hcd 0000:00:13.0: irq 16, io mem 0xc0005000
[    0.886229] usb usb2: New USB device found, idVendor=1d6b, idProduct=0001
[    0.886282] usb usb2: New USB device strings: Mfr=3, Product=2, SerialNumber=1
[    0.886335] usb usb2: Product: OHCI Host Controller
[    0.886380] usb usb2: Manufacturer: Linux 2.6.32-5-amd64 ohci_hcd
[    0.886426] usb usb2: SerialNumber: 0000:00:13.0
[    0.886579] usb usb2: configuration #1 chosen from 1 choice
[    0.886661] hub 2-0:1.0: USB hub found
[    0.886717] hub 2-0:1.0: 2 ports detected
[    0.886962]   alloc irq_desc for 17 on node 0
[    0.886965]   alloc kstat_irqs on node 0
[    0.886974] ohci_hcd 0000:00:13.1: PCI INT B -> GSI 17 (level, low) -> IRQ 17
[    0.887049] ohci_hcd 0000:00:13.1: OHCI Host Controller
[    0.887103] ohci_hcd 0000:00:13.1: new USB bus registered, assigned bus number 3
[    0.887190] ohci_hcd 0000:00:13.1: irq 17, io mem 0xc0006000
[    0.932692]   alloc irq_desc for 18 on node 0
[    0.932696]   alloc kstat_irqs on node 0
[    0.932706] b43-pci-bridge 0000:05:00.0: PCI INT A -> GSI 18 (level, low) -> IRQ 18
[    0.932768] b43-pci-bridge 0000:05:00.0: setting latency timer to 64
[    0.942216] usb usb3: New USB device found, idVendor=1d6b, idProduct=0001
[    0.942263] usb usb3: New USB device strings: Mfr=3, Product=2, SerialNumber=1
[    0.942315] usb usb3: Product: OHCI Host Controller
[    0.942361] usb usb3: Manufacturer: Linux 2.6.32-5-amd64 ohci_hcd
[    0.942407] usb usb3: SerialNumber: 0000:00:13.1
[    0.942559] usb usb3: configuration #1 chosen from 1 choice
[    0.942642] hub 3-0:1.0: USB hub found
[    0.942697] hub 3-0:1.0: 2 ports detected
[    0.942915] ohci_hcd 0000:00:13.2: PCI INT C -> GSI 18 (level, low) -> IRQ 18
[    0.942988] ohci_hcd 0000:00:13.2: OHCI Host Controller
[    0.943042] ohci_hcd 0000:00:13.2: new USB bus registered, assigned bus number 4
[    0.943130] ohci_hcd 0000:00:13.2: irq 18, io mem 0xc0007000
[    0.986698] ata1.00: ATAPI: TEAC DVD-ROM DV28EV, D.AD, max UDMA/33
[    0.990278] ssb: Sonics Silicon Backplane found on PCI device 0000:05:00.0
[    0.998208] usb usb4: New USB device found, idVendor=1d6b, idProduct=0001
[    0.998256] usb usb4: New USB device strings: Mfr=3, Product=2, SerialNumber=1
[    0.998307] usb usb4: Product: OHCI Host Controller
[    0.998352] usb usb4: Manufacturer: Linux 2.6.32-5-amd64 ohci_hcd
[    0.998398] usb usb4: SerialNumber: 0000:00:13.2
[    0.998567] usb usb4: configuration #1 chosen from 1 choice
[    0.998674] hub 4-0:1.0: USB hub found
[    0.998730] hub 4-0:1.0: 2 ports detected
[    0.998886] ohci_hcd 0000:00:13.3: PCI INT B -> GSI 17 (level, low) -> IRQ 17
[    0.998959] ohci_hcd 0000:00:13.3: OHCI Host Controller
[    0.999014] ohci_hcd 0000:00:13.3: new USB bus registered, assigned bus number 5
[    0.999086] ohci_hcd 0000:00:13.3: irq 17, io mem 0xc0008000
[    1.002645] ata1.00: configured for UDMA/33
[    1.014998] scsi 0:0:0:0: CD-ROM            TEAC     DVD-ROM DV28EV   D.AD PQ: 0 ANSI: 5
[    1.056068] usb usb5: New USB device found, idVendor=1d6b, idProduct=0001
[    1.056120] usb usb5: New USB device strings: Mfr=3, Product=2, SerialNumber=1
[    1.056172] usb usb5: Product: OHCI Host Controller
[    1.056217] usb usb5: Manufacturer: Linux 2.6.32-5-amd64 ohci_hcd
[    1.056263] usb usb5: SerialNumber: 0000:00:13.3
[    1.056469] usb usb5: configuration #1 chosen from 1 choice
[    1.056580] hub 5-0:1.0: USB hub found
[    1.056636] hub 5-0:1.0: 2 ports detected
[    1.056809] ohci_hcd 0000:00:13.4: PCI INT C -> GSI 18 (level, low) -> IRQ 18
[    1.056885] ohci_hcd 0000:00:13.4: OHCI Host Controller
[    1.056939] ohci_hcd 0000:00:13.4: new USB bus registered, assigned bus number 6
[    1.057011] ohci_hcd 0000:00:13.4: irq 18, io mem 0xc0009000
[    1.112050] usb usb6: New USB device found, idVendor=1d6b, idProduct=0001
[    1.112099] usb usb6: New USB device strings: Mfr=3, Product=2, SerialNumber=1
[    1.112151] usb usb6: Product: OHCI Host Controller
[    1.112196] usb usb6: Manufacturer: Linux 2.6.32-5-amd64 ohci_hcd
[    1.112243] usb usb6: SerialNumber: 0000:00:13.4
[    1.112433] usb usb6: configuration #1 chosen from 1 choice
[    1.112544] hub 6-0:1.0: USB hub found
[    1.112600] hub 6-0:1.0: 2 ports detected
[    1.152030] ata5: SATA link down (SStatus 0 SControl 300)
[    1.152114] ata6: SATA link down (SStatus 0 SControl 300)
[    1.152190] ata4: SATA link down (SStatus 0 SControl 300)
[    1.316014] ata3: softreset failed (device not ready)
[    1.316066] ata3: applying SB600 PMP SRST workaround and retrying
[    1.480021] ata3: SATA link up 1.5 Gbps (SStatus 113 SControl 300)
[    1.480684] ata3.00: ATA-8: FUJITSU MHW2080BH, 0085001C, max UDMA/100
[    1.480733] ata3.00: 156301488 sectors, multi 16: LBA48 NCQ (depth 31/32), AA
[    1.480797] ata3.00: SB600 AHCI: limiting to 255 sectors per cmd
[    1.481657] ata3.00: SB600 AHCI: limiting to 255 sectors per cmd
[    1.481706] ata3.00: configured for UDMA/100
[    1.481866] scsi 2:0:0:0: Direct-Access     ATA      FUJITSU MHW2080B 0085 PQ: 0 ANSI: 5
[    1.483992] sdhci: Secure Digital Host Controller Interface driver
[    1.484059] sdhci: Copyright(c) Pierre Ossman
[    1.496433]   alloc irq_desc for 21 on node 0
[    1.496438]   alloc kstat_irqs on node 0
[    1.496451] b44 0000:08:00.0: PCI INT A -> GSI 21 (level, low) -> IRQ 21
[    1.511475] sd 2:0:0:0: [sda] 156301488 512-byte logical blocks: (80.0 GB/74.5 GiB)
[    1.511590] sd 2:0:0:0: [sda] Write Protect is off
[    1.511638] sd 2:0:0:0: [sda] Mode Sense: 00 3a 00 00
[    1.511662] sd 2:0:0:0: [sda] Write cache: enabled, read cache: enabled, doesn't support DPO or FUA
[    1.511866]  sda:sr0: scsi3-mmc drive: 24x/24x cd/rw xa/form2 cdda tray
[    1.529237] Uniform CD-ROM driver Revision: 3.20
[    1.529627] sr 0:0:0:0: Attached scsi CD-ROM sr0
[    1.533360]  sda1 sda2
[    1.548192] sd 2:0:0:0: [sda] Attached SCSI disk
[    1.556598] ssb: Sonics Silicon Backplane found on PCI device 0000:08:00.0
[    1.556696] b44.c:v2.0
[    1.557532] sdhci-pci 0000:08:01.0: SDHCI controller found [1180:0822] (rev 19)
[    1.557609]   alloc irq_desc for 20 on node 0
[    1.557612]   alloc kstat_irqs on node 0
[    1.557622] sdhci-pci 0000:08:01.0: PCI INT B -> GSI 20 (level, low) -> IRQ 20
[    1.562493] Registered led device: mmc0::
[    1.564684] sr 0:0:0:0: Attached scsi generic sg0 type 5
[    1.566156] sd 2:0:0:0: Attached scsi generic sg1 type 0
[    1.566461] mmc0: SDHCI controller on PCI [0000:08:01.0] using PIO
[    1.577014] eth0: Broadcom 44xx/47xx 10/100BaseT Ethernet 00:19:b9:7e:e0:a8
[    1.876059] Uniform Multi-Platform E-IDE driver
[    1.876914] ide_generic: please use "probe_mask=0x3f" module parameter for probing all legacy ISA IDE ports
[    2.238155] ADDRCONF(NETDEV_UP): eth0: link is not ready
[    5.816181] b44: eth0: Link is up at 100 Mbps, full duplex.
[    5.816233] b44: eth0: Flow control is off for TX and off for RX.
[    5.816793] ADDRCONF(NETDEV_CHANGE): eth0: link becomes ready
[    6.672220] RPC: Registered udp transport module.
[    6.672270] RPC: Registered tcp transport module.
[    6.672315] RPC: Registered tcp NFSv4.1 backchannel transport module.
[    6.683685] Slow work thread pool: Starting up
[    6.683785] Slow work thread pool: Ready
[    6.683897] FS-Cache: Loaded
[    6.704279] FS-Cache: Netfs 'nfs' registered for caching
[    6.888321] aufs: module is from the staging directory, the quality is unknown, you have been warned.
[    6.894175] aufs 2-standalone.tree-32-20100125
[   10.341944] udev[763]: starting version 164
[   10.762565] input: Power Button as /devices/LNXSYSTM:00/LNXSYBUS:00/PNP0C0C:00/input/input2
[   10.762626] ACPI: Power Button [PWRB]
[   10.762764] input: Sleep Button as /devices/LNXSYSTM:00/LNXSYBUS:00/PNP0C0E:00/input/input3
[   10.762847] ACPI: Sleep Button [SLPB]
[   10.763005] input: Lid Switch as /devices/LNXSYSTM:00/LNXSYBUS:00/PNP0C0D:00/input/input4
[   10.764389] ACPI: Lid Switch [LID]
[   10.766225] input: Power Button as /devices/LNXSYSTM:00/LNXPWRBN:00/input/input5
[   10.766282] ACPI: Power Button [PWRF]
[   10.771527] Marking TSC unstable due to TSC halts in idle
[   10.785831] processor LNXCPU:00: registered as cooling_device0
[   10.797980] Switching to clocksource hpet
[   10.898482] input: PC Speaker as /devices/platform/pcspkr/input/input6
[   10.911189] dcdbas dcdbas: Dell Systems Management Base Driver (version 5.6.0-3.2)
[   10.916262] pci_hotplug: PCI Hot Plug PCI Core version: 0.5
[   10.929547] k8temp 0000:00:18.3: Temperature readouts might be wrong - check erratum #141
[   10.943236] ACPI: AC Adapter [ACAD] (on-line)
[   10.960890] ACPI: WMI: Mapper loaded
[   10.990841] piix4_smbus 0000:00:14.0: SMBus Host Controller at 0x8410, revision 0
[   11.060929] shpchp: Standard Hot Plug PCI Controller Driver version: 0.4
[   11.088686] EDAC MC: Ver: 2.1.0 Sep 23 2013
[   11.456164] ACPI Warning for \_SB_.BAT1._BST: Return Package type mismatch at index 2 - found [NULL Object Descriptor], expected Integer (20090903/nspredef-1012)
[   11.750459] Synaptics Touchpad, model: 1, fw: 6.3, id: 0x180b1, caps: 0xa04713/0x200000/0x0
[   11.786047] input: SynPS/2 Synaptics TouchPad as /devices/platform/i8042/serio1/input/input7
[   11.892177] ACPI: Battery Slot [BAT1] (battery present)
[   11.943888] [Firmware Bug]: ACPI: ACPI brightness control misses _BQC function
[   11.956725] EDAC amd64_edac:  Ver: 3.2.0 Sep 23 2013
[   11.957097] acpi device:1c: registered as cooling_device1
[   11.957558] input: Video Bus as /devices/LNXSYSTM:00/LNXSYBUS:00/PNP0A08:00/device:1a/LNXVIDEO:00/input/input8
[   11.957699] ACPI: Video Device [VGA] (multi-head: yes  rom: no  post: no)
[   11.959689] EDAC amd64: This node reports that Memory ECC is currently disabled, set F3x44[22] (0000:00:18.3).
[   11.959752] EDAC amd64: ECC disabled in the BIOS or no ECC capability, module will not load.
[   11.959754]  Either enable ECC checking or force module loading by setting 'ecc_enable_override'.
[   11.959756]  (Note that use of the override may cause unknown side effects.)
[   11.959929] amd64_edac: probe of 0000:00:18.2 failed with error -22
[   12.014271] cfg80211: Using static regulatory domain info
[   12.014340] cfg80211: Regulatory domain: US
[   12.014385] 	(start_freq - end_freq @ bandwidth), (max_antenna_gain, max_eirp)
[   12.014457] 	(2402000 KHz - 2472000 KHz @ 40000 KHz), (600 mBi, 2700 mBm)
[   12.014516] 	(5170000 KHz - 5190000 KHz @ 40000 KHz), (600 mBi, 2300 mBm)
[   12.014579] 	(5190000 KHz - 5210000 KHz @ 40000 KHz), (600 mBi, 2300 mBm)
[   12.014626] 	(5210000 KHz - 5230000 KHz @ 40000 KHz), (600 mBi, 2300 mBm)
[   12.014691] 	(5230000 KHz - 5330000 KHz @ 40000 KHz), (600 mBi, 2300 mBm)
[   12.014749] 	(5735000 KHz - 5835000 KHz @ 40000 KHz), (600 mBi, 3000 mBm)
[   12.015258] cfg80211: Calling CRDA for country: US
[   12.059392] [drm] Initialized drm 1.1.0 20060810
[   12.128182] Error: Driver 'pcspkr' is already registered, aborting...
[   12.205166] HDA Intel 0000:00:14.2: PCI INT A -> GSI 16 (level, low) -> IRQ 16
[   12.246317] b43-phy0: Broadcom 4311 WLAN found (core revision 10)
[   12.367962] [drm] radeon kernel modesetting enabled.
[   12.368301] radeon 0000:01:05.0: power state changed by ACPI to D0
[   12.368354] radeon 0000:01:05.0: power state changed by ACPI to D0
[   12.368408] radeon 0000:01:05.0: PCI INT A -> GSI 17 (level, low) -> IRQ 17
[   12.375387] [drm] radeon: Initializing kernel modesetting.
[   12.375523] [drm] register mmio base: 0xC0100000
[   12.375568] [drm] register mmio size: 65536
[   12.375970] [drm] GPU reset succeed (RBBM_STATUS=0x00000140)
[   12.376055] [drm:rs400_gart_adjust_size] *ERROR* Forcing to 32M GART size (because of ASIC bug ?)
[   12.376110] [drm] Generation 2 PCI interface, using max accessible memory
[   12.376157] [drm] radeon: VRAM 128M
[   12.376202] [drm] radeon: VRAM from 0x78000000 to 0x7FFFFFFF
[   12.376247] [drm] radeon: GTT 32M
[   12.376293] [drm] radeon: GTT from 0x80000000 to 0x81FFFFFF
[   12.376357] [drm] radeon: irq initialized.
[   12.376510] [drm] Detected VRAM RAM=128M, BAR=128M
[   12.376562] [drm] RAM width 128bits DDR
[   12.379254] [TTM] Zone  kernel: Available graphics memory: 964284 kiB.
[   12.379331] [drm] radeon: 128M of VRAM memory ready
[   12.379418] [drm] radeon: 32M of GTT memory ready.
[   12.379487] [drm] GART: num cpu pages 8192, num gpu pages 8192
[   12.379964] [drm] radeon: 1 quad pipes, 1 z pipes initialized.
[   12.380495] input: HDA ATI SB Mic at Ext Right Jack as /devices/pci0000:00/0000:00:14.2/sound/card0/input9
[   12.380664] input: HDA ATI SB HP Out at Ext Right Jack as /devices/pci0000:00/0000:00:14.2/sound/card0/input10
[   12.386529] [drm] radeon: cp idle (0x10000C03)
[   12.386637] [drm] Loading R300 Microcode
[   12.387146] platform radeon_cp.0: firmware: requesting radeon/R300_cp.bin
[   12.423480] phy0: Selected rate control algorithm 'minstrel'
[   12.424384] Registered led device: b43-phy0::tx
[   12.424455] Registered led device: b43-phy0::rx
[   12.424520] Registered led device: b43-phy0::radio
[   12.424646] Broadcom 43xx driver loaded [ Features: PMLS, Firmware-ID: FW13 ]
[   12.435666] radeon_cp: Failed to load firmware "radeon/R300_cp.bin"
[   12.435718] [drm:r100_cp_init] *ERROR* Failed to load firmware!
[   12.435765] radeon 0000:01:05.0: failled initializing CP (-2).
[   12.435811] radeon 0000:01:05.0: Disabling GPU acceleration
[   12.435860] [drm] radeon: cp finalized
[   12.436146] [drm] Panel ID String: AUO                     
[   12.436192] [drm] Panel Size 1280x800
[   12.436291] [drm] Radeon Display Connectors
[   12.436336] [drm] Connector 0:
[   12.436380] [drm]   VGA
[   12.436424] [drm]   DDC: 0x68 0x68 0x68 0x68 0x68 0x68 0x68 0x68
[   12.436470] [drm]   Encoders:
[   12.436514] [drm]     CRT1: INTERNAL_DAC2
[   12.436559] [drm] Connector 1:
[   12.436602] [drm]   LVDS
[   12.436647] [drm]   DDC: 0x198 0x198 0x19c 0x19c 0x1a0 0x1a0 0x1a4 0x1a4
[   12.436693] [drm]   Encoders:
[   12.436737] [drm]     LCD1: INTERNAL_LVDS
[   12.612223] composite sync not supported
[   12.620811] [drm] fb mappable at 0xC8040000
[   12.620856] [drm] vram apper at 0xC8000000
[   12.620900] [drm] size 4096000
[   12.620943] [drm] fb depth is 24
[   12.620987] [drm]    pitch is 5120
[   12.663267] Console: switching to colour frame buffer device 160x50
[   12.672977] fb0: radeondrmfb frame buffer device
[   12.673047] registered panic notifier
[   12.673106] [drm] Initialized radeon 2.0.0 20080528 for 0000:01:05.0 on minor 0
[   16.796017] eth0: no IPv6 routers present
[   25.199101] ide-gd driver 1.18
[   25.225400] ide-cd driver 5.00
[   25.285754] usbcore: registered new interface driver hiddev
[   25.285903] usbcore: registered new interface driver usbhid
[   25.286035] usbhid: v2.6:USB HID core driver
[   25.379751] Fusion MPT base driver 3.04.12
[   25.379754] Copyright (c) 1999-2008 LSI Corporation
[   25.418273] Fusion MPT SPI Host driver 3.04.12
[   25.514628] device-mapper: uevent: version 1.0.3
[   25.515165] device-mapper: ioctl: 4.15.0-ioctl (2009-04-01) initialised: dm-devel@redhat.com
[   25.605964] padlock: VIA PadLock not detected.
[   34.490101] mdadm: sending ioctl 800c0910 to a partition!
[   34.492358] mdadm: sending ioctl 800c0910 to a partition!
[   34.494638] mdadm: sending ioctl 1261 to a partition!
[   34.496856] mdadm: sending ioctl 1261 to a partition!
[   34.499383] mdadm: sending ioctl 1261 to a partition!
[   34.501549] mdadm: sending ioctl 1261 to a partition!
[   34.503931] mdadm: sending ioctl 1261 to a partition!
[   34.506128] mdadm: sending ioctl 1261 to a partition!
[   34.508543] mdadm: sending ioctl 1261 to a partition!
[   34.510731] mdadm: sending ioctl 1261 to a partition!
[   34.513130] mdadm: sending ioctl 800c0910 to a partition!
[   34.515345] mdadm: sending ioctl 800c0910 to a partition!
[   34.517624] mdadm: sending ioctl 800c0910 to a partition!
[   34.519766] mdadm: sending ioctl 800c0910 to a partition!
[   39.132477] kjournald starting.  Commit interval 5 seconds
[   39.132866] EXT3 FS on sda1, internal journal
[   39.132871] EXT3-fs: mounted filesystem with ordered data mode.
