[    0.000000] Initializing cgroup subsys cpuset
[    0.000000] Initializing cgroup subsys cpu
[    0.000000] Linux version 2.6.32-5-amd64 (Debian 2.6.32-41) (ben@decadent.org.uk) (gcc version 4.3.5 (Debian 4.3.5-4) ) #1 SMP Mon Jan 16 16:22:28 UTC 2012
[    0.000000] Command line: initrd=initrd.img-2.6.32-5-amd64 ip=dhcp  root=/dev/nfs nfsroot=/srv/fai/nfsroot boot=live  FAI_FLAGS=verbose,sshd,reboot FAI_ACTION=install BOOT_IMAGE=vmlinuz-2.6.32-5-amd64 
[    0.000000] KERNEL supported cpus:
[    0.000000]   Intel GenuineIntel
[    0.000000]   AMD AuthenticAMD
[    0.000000]   Centaur CentaurHauls
[    0.000000] BIOS-provided physical RAM map:
[    0.000000]  BIOS-e820: 0000000000000000 - 000000000009d800 (usable)
[    0.000000]  BIOS-e820: 000000000009d800 - 00000000000a0000 (reserved)
[    0.000000]  BIOS-e820: 00000000000ce000 - 0000000000100000 (reserved)
[    0.000000]  BIOS-e820: 0000000000100000 - 0000000077e70000 (usable)
[    0.000000]  BIOS-e820: 0000000077e70000 - 0000000077e80000 (ACPI data)
[    0.000000]  BIOS-e820: 0000000077e80000 - 0000000077f00000 (ACPI NVS)
[    0.000000]  BIOS-e820: 0000000077f00000 - 0000000080000000 (reserved)
[    0.000000]  BIOS-e820: 00000000e0000000 - 00000000f0000000 (reserved)
[    0.000000]  BIOS-e820: 00000000fec00000 - 00000000fec10000 (reserved)
[    0.000000]  BIOS-e820: 00000000fee00000 - 00000000fee01000 (reserved)
[    0.000000]  BIOS-e820: 00000000fff80000 - 0000000100000000 (reserved)
[    0.000000] DMI present.
[    0.000000] last_pfn = 0x77e70 max_arch_pfn = 0x400000000
[    0.000000] MTRR default type: uncachable
[    0.000000] MTRR fixed ranges enabled:
[    0.000000]   00000-9FFFF write-back
[    0.000000]   A0000-BFFFF uncachable
[    0.000000]   C0000-CFFFF write-protect
[    0.000000]   D0000-E3FFF uncachable
[    0.000000]   E4000-FFFFF write-protect
[    0.000000] MTRR variable ranges enabled:
[    0.000000]   0 base 0000000000 mask FF80000000 write-back
[    0.000000]   1 base 0078000000 mask FFF8000000 uncachable
[    0.000000]   2 disabled
[    0.000000]   3 disabled
[    0.000000]   4 disabled
[    0.000000]   5 disabled
[    0.000000]   6 disabled
[    0.000000]   7 disabled
[    0.000000] x86 PAT enabled: cpu 0, old 0x7040600070406, new 0x7010600070106
[    0.000000] initial memory mapped : 0 - 20000000
[    0.000000] init_memory_mapping: 0000000000000000-0000000077e70000
[    0.000000]  0000000000 - 0077e00000 page 2M
[    0.000000]  0077e00000 - 0077e70000 page 4k
[    0.000000] kernel direct mapping tables up to 77e70000 @ 8000-c000
[    0.000000] RAMDISK: 7726e000 - 77e4ef9a
[    0.000000] ACPI: RSDP 00000000000f8500 00014 (v00 PTLTD )
[    0.000000] ACPI: RSDT 0000000077e79606 00040 (v01 DELL    M08     06040000  LTP 00000000)
[    0.000000] ACPI: FACP 0000000077e7fc36 00074 (v01 ATI    Bowfin   06040000 ATI  000F4240)
[    0.000000] ACPI: DSDT 0000000077e79646 065F0 (v01    ATI    SB600 06040000 MSFT 03000000)
[    0.000000] ACPI: FACS 0000000077e90fc0 00040
[    0.000000] ACPI: TCPA 0000000077e7fcaa 00032 (v02 AMD             06040000 PTEC 00000000)
[    0.000000] ACPI: SSDT 0000000077e7fcdc 000F4 (v01 PTLTD  POWERNOW 06040000  LTP 00000001)
[    0.000000] ACPI: APIC 0000000077e7fdd0 00046 (v01 PTLTD  ? APIC   06040000  LTP 00000000)
[    0.000000] ACPI: MCFG 0000000077e7fe16 0003C (v01 PTLTD    MCFG   06040000  LTP 00000000)
[    0.000000] ACPI: HPET 0000000077e7fe52 00038 (v01 PTLTD  HPETTBL  06040000  LTP 00000001)
[    0.000000] ACPI: SLIC 0000000077e7fe8a 00176 (v01 DELL    M08     06040000  LTP 00000000)
[    0.000000] ACPI: Local APIC address 0xfee00000
[    0.000000] Scanning NUMA topology in Northbridge 24
[    0.000000] No NUMA configuration found
[    0.000000] Faking a node at 0000000000000000-0000000077e70000
[    0.000000] Bootmem setup node 0 0000000000000000-0000000077e70000
[    0.000000]   NODE_DATA [000000000000a000 - 0000000000011fff]
[    0.000000]   bootmap [0000000000012000 -  0000000000020fcf] pages f
[    0.000000] (7 early reservations) ==> bootmem [0000000000 - 0077e70000]
[    0.000000]   #0 [0000000000 - 0000001000]   BIOS data page ==> [0000000000 - 0000001000]
[    0.000000]   #1 [0000006000 - 0000008000]       TRAMPOLINE ==> [0000006000 - 0000008000]
[    0.000000]   #2 [0001000000 - 00016d95c4]    TEXT DATA BSS ==> [0001000000 - 00016d95c4]
[    0.000000]   #3 [007726e000 - 0077e4ef9a]          RAMDISK ==> [007726e000 - 0077e4ef9a]
[    0.000000]   #4 [000009d800 - 0000100000]    BIOS reserved ==> [000009d800 - 0000100000]
[    0.000000]   #5 [00016da000 - 00016da18c]              BRK ==> [00016da000 - 00016da18c]
[    0.000000]   #6 [0000008000 - 000000a000]          PGTABLE ==> [0000008000 - 000000a000]
[    0.000000] found SMP MP-table at [ffff8800000f8530] f8530
[    0.000000]  [ffffea0000000000-ffffea0001bfffff] PMD -> [ffff880001c00000-ffff8800037fffff] on node 0
[    0.000000] Zone PFN ranges:
[    0.000000]   DMA      0x00000000 -> 0x00001000
[    0.000000]   DMA32    0x00001000 -> 0x00100000
[    0.000000]   Normal   0x00100000 -> 0x00100000
[    0.000000] Movable zone start PFN for each node
[    0.000000] early_node_map[2] active PFN ranges
[    0.000000]     0: 0x00000000 -> 0x0000009d
[    0.000000]     0: 0x00000100 -> 0x00077e70
[    0.000000] On node 0 totalpages: 491021
[    0.000000]   DMA zone: 56 pages used for memmap
[    0.000000]   DMA zone: 103 pages reserved
[    0.000000]   DMA zone: 3838 pages, LIFO batch:0
[    0.000000]   DMA32 zone: 6659 pages used for memmap
[    0.000000]   DMA32 zone: 480365 pages, LIFO batch:31
[    0.000000] Detected use of extended apic ids on hypertransport bus
[    0.000000] ACPI: PM-Timer IO Port: 0x8008
[    0.000000] ACPI: Local APIC address 0xfee00000
[    0.000000] ACPI: LAPIC (acpi_id[0x00] lapic_id[0x00] enabled)
[    0.000000] ACPI: LAPIC_NMI (acpi_id[0x00] high edge lint[0x1])
[    0.000000] ACPI: IOAPIC (id[0x01] address[0xfec00000] gsi_base[0])
[    0.000000] IOAPIC[0]: apic_id 1, version 33, address 0xfec00000, GSI 0-23
[    0.000000] ACPI: IRQ9 used by override.
[    0.000000] Using ACPI (MADT) for SMP configuration information
[    0.000000] ACPI: HPET id: 0x43538310 base: 0xfed00000
[    0.000000] SMP: Allowing 1 CPUs, 0 hotplug CPUs
[    0.000000] nr_irqs_gsi: 24
[    0.000000] PM: Registered nosave memory: 000000000009d000 - 000000000009e000
[    0.000000] PM: Registered nosave memory: 000000000009e000 - 00000000000a0000
[    0.000000] PM: Registered nosave memory: 00000000000a0000 - 00000000000ce000
[    0.000000] PM: Registered nosave memory: 00000000000ce000 - 0000000000100000
[    0.000000] Allocating PCI resources starting at 80000000 (gap: 80000000:60000000)
[    0.000000] Booting paravirtualized kernel on bare hardware
[    0.000000] NR_CPUS:512 nr_cpumask_bits:512 nr_cpu_ids:1 nr_node_ids:1
[    0.000000] PERCPU: Embedded 30 pages/cpu @ffff880001800000 s90328 r8192 d24360 u2097152
[    0.000000] pcpu-alloc: s90328 r8192 d24360 u2097152 alloc=1*2097152
[    0.000000] pcpu-alloc: [0] 0 
[    0.000000] Built 1 zonelists in Node order, mobility grouping on.  Total pages: 484203
[    0.000000] Policy zone: DMA32
[    0.000000] Kernel command line: initrd=initrd.img-2.6.32-5-amd64 ip=dhcp  root=/dev/nfs nfsroot=/srv/fai/nfsroot boot=live  FAI_FLAGS=verbose,sshd,reboot FAI_ACTION=install BOOT_IMAGE=vmlinuz-2.6.32-5-amd64 
[    0.000000] PID hash table entries: 4096 (order: 3, 32768 bytes)
[    0.000000] Initializing CPU#0
[    0.000000] Checking aperture...
[    0.000000] No AGP bridge found
[    0.000000] Node 0: aperture @ a412000000 size 32 MB
[    0.000000] Aperture beyond 4GB. Ignoring.
[    0.000000] Memory: 1915780k/1964480k available (3083k kernel code, 396k absent, 48304k reserved, 2048k data, 592k init)
[    0.000000] SLUB: Genslabs=14, HWalign=64, Order=0-3, MinObjects=0, CPUs=1, Nodes=1
[    0.000000] Hierarchical RCU implementation.
[    0.000000] NR_IRQS:4352 nr_irqs:256
[    0.000000] Console: colour VGA+ 80x25
[    0.000000] console [tty0] enabled
[    0.000000] hpet clockevent registered
[    0.000000] Fast TSC calibration using PIT
[    0.000000] Detected 1795.357 MHz processor.
[    0.004005] Calibrating delay loop (skipped), value calculated using timer frequency.. 3590.71 BogoMIPS (lpj=7181428)
[    0.004123] Security Framework initialized
[    0.004174] SELinux:  Disabled at boot.
[    0.008134] Dentry cache hash table entries: 262144 (order: 9, 2097152 bytes)
[    0.009609] Inode-cache hash table entries: 131072 (order: 8, 1048576 bytes)
[    0.010343] Mount-cache hash table entries: 256
[    0.010573] Initializing cgroup subsys ns
[    0.010621] Initializing cgroup subsys cpuacct
[    0.010669] Initializing cgroup subsys devices
[    0.010715] Initializing cgroup subsys freezer
[    0.010762] Initializing cgroup subsys net_cls
[    0.010835] CPU: L1 I Cache: 64K (64 bytes/line), D cache 64K (64 bytes/line)
[    0.010883] CPU: L2 Cache: 512K (64 bytes/line)
[    0.010929] CPU 0/0x0 -> Node 0
[    0.010974] tseg: 0077f00000
[    0.010978] mce: CPU supports 5 MCE banks
[    0.011035] using C1E aware idle routine
[    0.011080] Performance Events: AMD PMU driver.
[    0.011166] ... version:                0
[    0.011211] ... bit width:              48
[    0.011256] ... generic registers:      4
[    0.011301] ... value mask:             0000ffffffffffff
[    0.011347] ... max period:             00007fffffffffff
[    0.011393] ... fixed-purpose events:   0
[    0.011438] ... event mask:             000000000000000f
[    0.011496] SMP alternatives: switching to UP code
[    0.017831] Freeing SMP alternatives: 28k freed
[    0.017906] ACPI: Core revision 20090903
[    0.024080] Setting APIC routing to flat
[    0.024457] ..TIMER: vector=0x30 apic1=0 pin1=0 apic2=-1 pin2=-1
[    0.028001] ..MP-BIOS bug: 8254 timer not connected to IO-APIC
[    0.028001] ...trying to set up timer (IRQ0) through the 8259A ...
[    0.028001] ..... (found apic 0 pin 0) ...
[    0.070734] ....... works.
[    0.070779] CPU0: Mobile AMD Sempron(tm) Processor 3500+ stepping 02
[    0.072001] Brought up 1 CPUs
[    0.072001] Total of 1 processors activated (3590.71 BogoMIPS).
[    0.072001] CPU0 attaching NULL sched-domain.
[    0.072001] devtmpfs: initialized
[    0.072975] regulator: core version 0.5
[    0.073077] NET: Registered protocol family 16
[    0.073243] node 0 link 0: io port [1000, fffff]
[    0.073247] TOM: 0000000080000000 aka 2048M
[    0.073294] node 0 link 0: mmio [d0000000, dfffffff]
[    0.073297] node 0 link 0: mmio [c8000000, cfffffff]
[    0.073300] node 0 link 0: mmio [a0000, bffff]
[    0.073303] node 0 link 0: mmio [f0000000, ffffffff]
[    0.073307] node 0 link 0: mmio [e0000000, efffffff]
[    0.073310] node 0 link 0: mmio [80000000, c7ffffff]
[    0.073313] bus: [00,ff] on node 0 link 0
[    0.073316] bus: 00 index 0 io port: [0, ffff]
[    0.073319] bus: 00 index 1 mmio: [80000000, efffffff]
[    0.073321] bus: 00 index 2 mmio: [a0000, bffff]
[    0.073324] bus: 00 index 3 mmio: [f0000000, fcffffffff]
[    0.073330] ACPI: bus type pci registered
[    0.073448] PCI: MCFG configuration 0: base e0000000 segment 0 buses 0 - 9
[    0.073496] PCI: MCFG area at e0000000 reserved in E820
[    0.073826] PCI: Using MMCONFIG at e0000000 - e09fffff
[    0.073872] PCI: Using configuration type 1 for base access
[    0.074412] bio: create slab <bio-0> at 0
[    0.075016] ACPI: EC: Look up EC in DSDT
[    0.078096] ACPI: BIOS _OSI(Linux) query ignored
[    0.080072] ACPI: Interpreter enabled
[    0.080119] ACPI: (supports S0 S3 S4 S5)
[    0.080325] ACPI: Using IOAPIC for interrupt routing
[    0.087436] [Firmware Bug]: ACPI: ACPI brightness control misses _BQC function
[    0.088211] ACPI: EC: GPE = 0x14, I/O: command/status = 0x66, data = 0x62
[    0.088487] ACPI: No dock devices found.
[    0.092691] ACPI Error: Needed type [Reference], found [Device] ffff880076f23800 (20090903/exresop-104)
[    0.092822] ACPI Exception: AE_AML_OPERAND_TYPE, While resolving operands for [OpcodeName unavailable] (20090903/dswexec-460)
[    0.092952] ACPI Error (psparse-0537): Method parse/execution failed [\_SB_.PCI0._OSC] (Node ffff880076f2aa80), AE_AML_OPERAND_TYPE
[    0.093139] ACPI: PCI Root Bridge [PCI0] (0000:00)
[    0.093311] pci 0000:00:05.0: PME# supported from D0 D3hot D3cold
[    0.093358] pci 0000:00:05.0: PME# disabled
[    0.093438] pci 0000:00:06.0: PME# supported from D0 D3hot D3cold
[    0.093485] pci 0000:00:06.0: PME# disabled
[    0.093596] pci 0000:00:12.0: reg 10 io port: [0x8438-0x843f]
[    0.093604] pci 0000:00:12.0: reg 14 io port: [0x8454-0x8457]
[    0.093613] pci 0000:00:12.0: reg 18 io port: [0x8430-0x8437]
[    0.093621] pci 0000:00:12.0: reg 1c io port: [0x8450-0x8453]
[    0.093630] pci 0000:00:12.0: reg 20 io port: [0x8400-0x840f]
[    0.093638] pci 0000:00:12.0: reg 24 32bit mmio: [0xc0004000-0xc00043ff]
[    0.093659] pci 0000:00:12.0: set SATA to AHCI mode
[    0.093757] pci 0000:00:13.0: reg 10 32bit mmio: [0xc0005000-0xc0005fff]
[    0.093824] pci 0000:00:13.1: reg 10 32bit mmio: [0xc0006000-0xc0006fff]
[    0.093889] pci 0000:00:13.2: reg 10 32bit mmio: [0xc0007000-0xc0007fff]
[    0.093955] pci 0000:00:13.3: reg 10 32bit mmio: [0xc0008000-0xc0008fff]
[    0.094021] pci 0000:00:13.4: reg 10 32bit mmio: [0xc0009000-0xc0009fff]
[    0.094109] pci 0000:00:13.5: reg 10 32bit mmio: [0xc0004400-0xc00044ff]
[    0.094169] pci 0000:00:13.5: supports D1 D2
[    0.094172] pci 0000:00:13.5: PME# supported from D0 D1 D2 D3hot
[    0.094220] pci 0000:00:13.5: PME# disabled
[    0.094317] pci 0000:00:14.0: reg 10 io port: [0x8410-0x841f]
[    0.094325] pci 0000:00:14.0: reg 14 32bit mmio: [0xfed00000-0xfed003ff]
[    0.094413] pci 0000:00:14.1: reg 10 io port: [0x1f0-0x1f7]
[    0.094421] pci 0000:00:14.1: reg 14 io port: [0x3f4-0x3f7]
[    0.094429] pci 0000:00:14.1: reg 18 io port: [0x00-0x07]
[    0.094437] pci 0000:00:14.1: reg 1c io port: [0x00-0x03]
[    0.094446] pci 0000:00:14.1: reg 20 io port: [0x8420-0x842f]
[    0.094533] pci 0000:00:14.2: reg 10 64bit mmio: [0xc0000000-0xc0003fff]
[    0.094588] pci 0000:00:14.2: PME# supported from D0 D3hot D3cold
[    0.094636] pci 0000:00:14.2: PME# disabled
[    0.094897] pci 0000:01:05.0: reg 10 32bit mmio pref: [0xc8000000-0xcfffffff]
[    0.094902] pci 0000:01:05.0: reg 14 io port: [0x9000-0x90ff]
[    0.094907] pci 0000:01:05.0: reg 18 32bit mmio: [0xc0100000-0xc010ffff]
[    0.094916] pci 0000:01:05.0: reg 30 32bit mmio pref: [0x000000-0x01ffff]
[    0.094925] pci 0000:01:05.0: supports D1 D2
[    0.094942] pci 0000:00:01.0: bridge io port: [0x9000-0x9fff]
[    0.094946] pci 0000:00:01.0: bridge 32bit mmio: [0xc0100000-0xc01fffff]
[    0.094950] pci 0000:00:01.0: bridge 64bit mmio pref: [0xc8000000-0xcfffffff]
[    0.095002] pci 0000:00:05.0: bridge io port: [0x00-0xfff]
[    0.095006] pci 0000:00:05.0: bridge 32bit mmio: [0x000000-0x0fffff]
[    0.095054] pci 0000:05:00.0: reg 10 32bit mmio: [0xc0200000-0xc0203fff]
[    0.095119] pci 0000:05:00.0: supports D1 D2
[    0.095148] pci 0000:05:00.0: disabling ASPM on pre-1.1 PCIe device.  You can enable it with 'pcie_aspm=force'
[    0.095276] pci 0000:00:06.0: bridge 32bit mmio: [0xc0200000-0xc02fffff]
[    0.095329] pci 0000:08:00.0: reg 10 32bit mmio: [0xc0300000-0xc0301fff]
[    0.095396] pci 0000:08:00.0: supports D1 D2
[    0.095399] pci 0000:08:00.0: PME# supported from D0 D1 D2 D3hot D3cold
[    0.095449] pci 0000:08:00.0: PME# disabled
[    0.095548] pci 0000:08:01.0: reg 10 32bit mmio: [0xc0302800-0xc03028ff]
[    0.095616] pci 0000:08:01.0: supports D1 D2
[    0.095619] pci 0000:08:01.0: PME# supported from D0 D1 D2 D3hot D3cold
[    0.095670] pci 0000:08:01.0: PME# disabled
[    0.095763] pci 0000:08:01.1: reg 10 32bit mmio: [0xc0302c00-0xc0302cff]
[    0.095830] pci 0000:08:01.1: supports D1 D2
[    0.095833] pci 0000:08:01.1: PME# supported from D0 D1 D2 D3hot D3cold
[    0.095883] pci 0000:08:01.1: PME# disabled
[    0.096012] pci 0000:00:14.4: transparent bridge
[    0.097733] pci 0000:00:14.4: bridge 32bit mmio: [0xc0300000-0xc03fffff]
[    0.097753] ACPI: PCI Interrupt Routing Table [\_SB_.PCI0._PRT]
[    0.097877] ACPI: PCI Interrupt Routing Table [\_SB_.PCI0.PB5_._PRT]
[    0.097953] ACPI: PCI Interrupt Routing Table [\_SB_.PCI0.PB6_._PRT]
[    0.098055] ACPI: PCI Interrupt Routing Table [\_SB_.PCI0.P2P_._PRT]
[    0.098119] ACPI: PCI Interrupt Routing Table [\_SB_.PCI0.AGP_._PRT]
[    0.098248] ACPI Error: Needed type [Reference], found [Device] ffff880076f23800 (20090903/exresop-104)
[    0.098376] ACPI Exception: AE_AML_OPERAND_TYPE, While resolving operands for [OpcodeName unavailable] (20090903/dswexec-460)
[    0.098506] ACPI Error (psparse-0537): Method parse/execution failed [\_SB_.PCI0._OSC] (Node ffff880076f2aa80), AE_AML_OPERAND_TYPE
[    0.103298] ACPI: PCI Interrupt Link [LNKA] (IRQs 10 11) *0, disabled.
[    0.103672] ACPI: PCI Interrupt Link [LNKB] (IRQs 10 11) *0, disabled.
[    0.104053] ACPI: PCI Interrupt Link [LNKC] (IRQs 10 11) *0, disabled.
[    0.104424] ACPI: PCI Interrupt Link [LNKD] (IRQs 10 11) *0, disabled.
[    0.104797] ACPI: PCI Interrupt Link [LNKE] (IRQs 10 11) *0, disabled.
[    0.105169] ACPI: PCI Interrupt Link [LNKF] (IRQs 10 11) *0, disabled.
[    0.105540] ACPI: PCI Interrupt Link [LNKG] (IRQs 10 11) *0, disabled.
[    0.105912] ACPI: PCI Interrupt Link [LNKH] (IRQs 10 11) *0, disabled.
[    0.106283] ACPI: PCI Interrupt Link [LNKU] (IRQs 3 4 5 7) *0, disabled.
[    0.106734] vgaarb: device added: PCI:0000:01:05.0,decodes=io+mem,owns=io+mem,locks=none
[    0.106788] vgaarb: loaded
[    0.106931] PCI: Using ACPI for IRQ routing
[    0.106981] pci 0000:00:05.0: BAR 13: can't allocate resource
[    0.107027] pci 0000:00:05.0: BAR 14: can't allocate resource
[    0.107276] hpet0: at MMIO 0xfed00000, IRQs 2, 8, 0, 0
[    0.107504] hpet0: 4 comparators, 32-bit 14.318180 MHz counter
[    0.109042] Switching to clocksource tsc
[    0.110364] pnp: PnP ACPI init
[    0.110433] ACPI: bus type pnp registered
[    0.112029] pnp 00:09: mem resource (0x0-0xfff) overlaps 0000:01:05.0 BAR 6 (0x0-0x1ffff), disabling
[    0.112769] pnp: PnP ACPI: found 11 devices
[    0.112814] ACPI: ACPI bus type pnp unregistered
[    0.112871] system 00:01: iomem range 0xe0000000-0xefffffff has been reserved
[    0.112919] system 00:01: iomem range 0xfec00000-0xfec00fff could not be reserved
[    0.112972] system 00:01: iomem range 0xfee00000-0xfee00fff has been reserved
[    0.113025] system 00:08: ioport range 0x1080-0x1080 has been reserved
[    0.113073] system 00:08: ioport range 0x220-0x22f has been reserved
[    0.113120] system 00:08: ioport range 0x40b-0x40b has been reserved
[    0.113167] system 00:08: ioport range 0x4d0-0x4d1 has been reserved
[    0.113215] system 00:08: ioport range 0x4d6-0x4d6 has been reserved
[    0.113262] system 00:08: ioport range 0x530-0x537 has been reserved
[    0.113310] system 00:08: ioport range 0xc00-0xc01 has been reserved
[    0.113357] system 00:08: ioport range 0xc14-0xc14 has been reserved
[    0.113405] system 00:08: ioport range 0xc50-0xc52 has been reserved
[    0.113453] system 00:08: ioport range 0xc6c-0xc6c has been reserved
[    0.113501] system 00:08: ioport range 0xc6f-0xc6f has been reserved
[    0.113549] system 00:08: ioport range 0xcd0-0xcd3 has been reserved
[    0.113596] system 00:08: ioport range 0xcd4-0xcd5 has been reserved
[    0.113643] system 00:08: ioport range 0xcd6-0xcd7 has been reserved
[    0.113691] system 00:08: ioport range 0xcd8-0xcdf has been reserved
[    0.113738] system 00:08: ioport range 0x8000-0x805f has been reserved
[    0.113786] system 00:08: ioport range 0xf40-0xf47 has been reserved
[    0.113833] system 00:08: ioport range 0x87f-0x87f has been reserved
[    0.113883] system 00:09: iomem range 0xe0000-0xfffff could not be reserved
[    0.113931] system 00:09: iomem range 0xfff00000-0xffffffff could not be reserved
[    0.113983] system 00:09: iomem range 0xc0004800-0xc0004bff has been reserved
[    0.114031] system 00:09: iomem range 0xfed00000-0xfed003ff has been reserved
[    0.118880] pci 0000:00:01.0: PCI bridge, secondary bus 0000:01
[    0.118927] pci 0000:00:01.0:   IO window: 0x9000-0x9fff
[    0.118975] pci 0000:00:01.0:   MEM window: 0xc0100000-0xc01fffff
[    0.119022] pci 0000:00:01.0:   PREFETCH window: 0x000000c8000000-0x000000cfffffff
[    0.119077] pci 0000:00:05.0: PCI bridge, secondary bus 0000:02
[    0.119123] pci 0000:00:05.0:   IO window: 0x2000-0x2fff
[    0.119170] pci 0000:00:05.0:   MEM window: 0x80000000-0x801fffff
[    0.119217] pci 0000:00:05.0:   PREFETCH window: 0x00000080200000-0x000000803fffff
[    0.119270] pci 0000:00:06.0: PCI bridge, secondary bus 0000:05
[    0.119317] pci 0000:00:06.0:   IO window: 0x3000-0x3fff
[    0.119364] pci 0000:00:06.0:   MEM window: 0xc0200000-0xc02fffff
[    0.119411] pci 0000:00:06.0:   PREFETCH window: 0x00000080400000-0x000000805fffff
[    0.119465] pci 0000:00:14.4: PCI bridge, secondary bus 0000:08
[    0.119511] pci 0000:00:14.4:   IO window: disabled
[    0.119561] pci 0000:00:14.4:   MEM window: 0xc0300000-0xc03fffff
[    0.119609] pci 0000:00:14.4:   PREFETCH window: disabled
[    0.119668] pci 0000:00:05.0: enabling device (0000 -> 0003)
[    0.119716] pci 0000:00:05.0: setting latency timer to 64
[    0.119722] pci 0000:00:06.0: setting latency timer to 64
[    0.119732] pci_bus 0000:00: resource 0 io:  [0x00-0xffff]
[    0.119735] pci_bus 0000:00: resource 1 mem: [0x000000-0xffffffffffffffff]
[    0.119738] pci_bus 0000:01: resource 0 io:  [0x9000-0x9fff]
[    0.119741] pci_bus 0000:01: resource 1 mem: [0xc0100000-0xc01fffff]
[    0.119744] pci_bus 0000:01: resource 2 pref mem [0xc8000000-0xcfffffff]
[    0.119748] pci_bus 0000:02: resource 0 io:  [0x2000-0x2fff]
[    0.119751] pci_bus 0000:02: resource 1 mem: [0x80000000-0x801fffff]
[    0.119754] pci_bus 0000:02: resource 2 pref mem [0x80200000-0x803fffff]
[    0.119757] pci_bus 0000:05: resource 0 io:  [0x3000-0x3fff]
[    0.119760] pci_bus 0000:05: resource 1 mem: [0xc0200000-0xc02fffff]
[    0.119763] pci_bus 0000:05: resource 2 pref mem [0x80400000-0x805fffff]
[    0.119767] pci_bus 0000:08: resource 1 mem: [0xc0300000-0xc03fffff]
[    0.119770] pci_bus 0000:08: resource 3 io:  [0x00-0xffff]
[    0.119773] pci_bus 0000:08: resource 4 mem: [0x000000-0xffffffffffffffff]
[    0.119816] NET: Registered protocol family 2
[    0.120017] IP route cache hash table entries: 65536 (order: 7, 524288 bytes)
[    0.121195] TCP established hash table entries: 262144 (order: 10, 4194304 bytes)
[    0.124083] TCP bind hash table entries: 65536 (order: 8, 1048576 bytes)
[    0.124815] TCP: Hash tables configured (established 262144 bind 65536)
[    0.124863] TCP reno registered
[    0.125019] NET: Registered protocol family 1
[    0.125079] pci 0000:00:00.0: MSI quirk detected; MSI disabled
[    0.125129] pci 0000:00:01.0: MSI quirk detected; subordinate MSI disabled
[    0.125277] pci 0000:01:05.0: Boot video device
[    0.125342] Unpacking initramfs...
[    0.478233] Freeing initrd memory: 12163k freed
[    0.488103] audit: initializing netlink socket (disabled)
[    0.488165] type=2000 audit(1385314130.486:1): initialized
[    0.492045] HugeTLB registered 2 MB page size, pre-allocated 0 pages
[    0.493804] VFS: Disk quotas dquot_6.5.2
[    0.493919] Dquot-cache hash table entries: 512 (order 0, 4096 bytes)
[    0.494066] msgmni has been set to 3765
[    0.494323] alg: No test for stdrng (krng)
[    0.494456] Block layer SCSI generic (bsg) driver version 0.4 loaded (major 253)
[    0.494509] io scheduler noop registered
[    0.494554] io scheduler anticipatory registered
[    0.494599] io scheduler deadline registered
[    0.494715] io scheduler cfq registered (default)
[    0.496883] Linux agpgart interface v0.103
[    0.496985] Serial: 8250/16550 driver, 4 ports, IRQ sharing enabled
[    0.497464] input: Macintosh mouse button emulation as /devices/virtual/input/input0
[    0.497582] PNP: PS/2 Controller [PNP0303:KBC0,PNP0f13:MSE0] at 0x60,0x64 irq 1,12
[    0.500809] serio: i8042 KBD port at 0x60,0x64 irq 1
[    0.500861] serio: i8042 AUX port at 0x60,0x64 irq 12
[    0.501059] mice: PS/2 mouse device common for all mice
[    0.501161] rtc_cmos 00:04: RTC can wake from S4
[    0.501253] rtc_cmos 00:04: rtc core: registered rtc_cmos as rtc0
[    0.501328] rtc0: alarms up to one month, 114 bytes nvram, hpet irqs
[    0.501386] cpuidle: using governor ladder
[    0.501430] cpuidle: using governor menu
[    0.501478] No iBFT detected.
[    0.501931] TCP cubic registered
[    0.502120] NET: Registered protocol family 10
[    0.503105] Mobile IPv6
[    0.503151] NET: Registered protocol family 17
[    0.503303] PM: Resume from disk failed.
[    0.503316] registered taskstats version 1
[    0.503744] rtc_cmos 00:04: setting system clock to 2013-11-24 17:28:51 UTC (1385314131)
[    0.503853] Initalizing network drop monitor service
[    0.503930] Freeing unused kernel memory: 592k freed
[    0.504360] Write protecting the kernel read-only data: 4240k
[    0.528801] udev[74]: starting version 164
[    0.533040] input: AT Translated Set 2 keyboard as /devices/platform/i8042/serio0/input/input1
[    0.751813] SCSI subsystem initialized
[    0.782372] usbcore: registered new interface driver usbfs
[    0.782576] usbcore: registered new interface driver hub
[    0.782766] usbcore: registered new device driver usb
[    0.794918] ehci_hcd: USB 2.0 'Enhanced' Host Controller (EHCI) Driver
[    0.795073]   alloc irq_desc for 19 on node 0
[    0.795075]   alloc kstat_irqs on node 0
[    0.795085] ehci_hcd 0000:00:13.5: PCI INT D -> GSI 19 (level, low) -> IRQ 19
[    0.795157] ehci_hcd 0000:00:13.5: EHCI Host Controller
[    0.795229] ehci_hcd 0000:00:13.5: new USB bus registered, assigned bus number 1
[    0.795312] ehci_hcd 0000:00:13.5: applying AMD SB600/SB700 USB freeze workaround
[    0.795377] ehci_hcd 0000:00:13.5: debug port 1
[    0.795452] ehci_hcd 0000:00:13.5: irq 19, io mem 0xc0004400
[    0.795512] libata version 3.00 loaded.
[    0.797660] ricoh-mmc: Ricoh MMC Controller disabling driver
[    0.797710] ricoh-mmc: Copyright(c) Philip Langdale
[    0.803612] ricoh-mmc: Ricoh MMC controller found at 0000:08:01.1 [1180:0843] (rev 1)
[    0.803676] ricoh-mmc: Main Ricoh function not found. Cannot disable controller.
[    0.807726] ehci_hcd 0000:00:13.5: USB 2.0 started, EHCI 1.00
[    0.807803] usb usb1: New USB device found, idVendor=1d6b, idProduct=0002
[    0.807852] usb usb1: New USB device strings: Mfr=3, Product=2, SerialNumber=1
[    0.807904] usb usb1: Product: EHCI Host Controller
[    0.807950] usb usb1: Manufacturer: Linux 2.6.32-5-amd64 ehci_hcd
[    0.807997] usb usb1: SerialNumber: 0000:00:13.5
[    0.808139] usb usb1: configuration #1 chosen from 1 choice
[    0.808224] hub 1-0:1.0: USB hub found
[    0.808278] hub 1-0:1.0: 10 ports detected
[    0.814769]   alloc irq_desc for 16 on node 0
[    0.814773]   alloc kstat_irqs on node 0
[    0.814783] pata_atiixp 0000:00:14.1: PCI INT A -> GSI 16 (level, low) -> IRQ 16
[    0.814902] pata_atiixp 0000:00:14.1: setting latency timer to 64
[    0.815241] thermal LNXTHERM:01: registered as thermal_zone0
[    0.815296] ACPI: Thermal Zone [THRM] (52 C)
[    0.823523] scsi0 : pata_atiixp
[    0.823830] scsi1 : pata_atiixp
[    0.824709] ata1: PATA max UDMA/100 cmd 0x1f0 ctl 0x3f6 bmdma 0x8420 irq 14
[    0.824757] ata2: PATA max UDMA/100 cmd 0x170 ctl 0x376 bmdma 0x8428 irq 15
[    0.825235] ahci 0000:00:12.0: version 3.0
[    0.825252]   alloc irq_desc for 22 on node 0
[    0.825255]   alloc kstat_irqs on node 0
[    0.825264] ahci 0000:00:12.0: PCI INT A -> GSI 22 (level, low) -> IRQ 22
[    0.825349] ahci 0000:00:12.0: controller can't do 64bit DMA, forcing 32bit
[    0.825492] ahci 0000:00:12.0: AHCI 0001.0100 32 slots 4 ports 3 Gbps 0xf impl SATA mode
[    0.825547] ahci 0000:00:12.0: flags: ncq sntf ilck led clo pmp pio ccc 
[    0.826066] scsi2 : ahci
[    0.826336] scsi3 : ahci
[    0.830094] ohci_hcd: USB 1.1 'Open' Host Controller (OHCI) Driver
[    0.830197] scsi4 : ahci
[    0.832284] scsi5 : ahci
[    0.832491] ata3: SATA max UDMA/133 abar m1024@0xc0004000 port 0xc0004100 irq 22
[    0.834213] ata4: SATA max UDMA/133 abar m1024@0xc0004000 port 0xc0004180 irq 22
[    0.834267] ata5: SATA max UDMA/133 abar m1024@0xc0004000 port 0xc0004200 irq 22
[    0.834321] ata6: SATA max UDMA/133 abar m1024@0xc0004000 port 0xc0004280 irq 22
[    0.834758] ohci_hcd 0000:00:13.0: PCI INT A -> GSI 16 (level, low) -> IRQ 16
[    0.834834] ohci_hcd 0000:00:13.0: OHCI Host Controller
[    0.834895] ohci_hcd 0000:00:13.0: new USB bus registered, assigned bus number 2
[    0.834985] ohci_hcd 0000:00:13.0: irq 16, io mem 0xc0005000
[    0.890583] usb usb2: New USB device found, idVendor=1d6b, idProduct=0001
[    0.890632] usb usb2: New USB device strings: Mfr=3, Product=2, SerialNumber=1
[    0.890685] usb usb2: Product: OHCI Host Controller
[    0.890730] usb usb2: Manufacturer: Linux 2.6.32-5-amd64 ohci_hcd
[    0.890777] usb usb2: SerialNumber: 0000:00:13.0
[    0.890920] usb usb2: configuration #1 chosen from 1 choice
[    0.891001] hub 2-0:1.0: USB hub found
[    0.891056] hub 2-0:1.0: 2 ports detected
[    0.891308]   alloc irq_desc for 17 on node 0
[    0.891311]   alloc kstat_irqs on node 0
[    0.891321] ohci_hcd 0000:00:13.1: PCI INT B -> GSI 17 (level, low) -> IRQ 17
[    0.891393] ohci_hcd 0000:00:13.1: OHCI Host Controller
[    0.891448] ohci_hcd 0000:00:13.1: new USB bus registered, assigned bus number 3
[    0.891532] ohci_hcd 0000:00:13.1: irq 17, io mem 0xc0006000
[    0.936879]   alloc irq_desc for 18 on node 0
[    0.936883]   alloc kstat_irqs on node 0
[    0.936894] b43-pci-bridge 0000:05:00.0: PCI INT A -> GSI 18 (level, low) -> IRQ 18
[    0.936959] b43-pci-bridge 0000:05:00.0: setting latency timer to 64
[    0.946422] usb usb3: New USB device found, idVendor=1d6b, idProduct=0001
[    0.946469] usb usb3: New USB device strings: Mfr=3, Product=2, SerialNumber=1
[    0.946522] usb usb3: Product: OHCI Host Controller
[    0.946567] usb usb3: Manufacturer: Linux 2.6.32-5-amd64 ohci_hcd
[    0.946614] usb usb3: SerialNumber: 0000:00:13.1
[    0.946756] usb usb3: configuration #1 chosen from 1 choice
[    0.946838] hub 3-0:1.0: USB hub found
[    0.946894] hub 3-0:1.0: 2 ports detected
[    0.947119] ohci_hcd 0000:00:13.2: PCI INT C -> GSI 18 (level, low) -> IRQ 18
[    0.947191] ohci_hcd 0000:00:13.2: OHCI Host Controller
[    0.947245] ohci_hcd 0000:00:13.2: new USB bus registered, assigned bus number 4
[    0.947331] ohci_hcd 0000:00:13.2: irq 18, io mem 0xc0007000
[    0.986888] ata1.00: ATAPI: TEAC DVD-ROM DV28EV, D.AD, max UDMA/33
[    0.994695] ssb: Sonics Silicon Backplane found on PCI device 0000:05:00.0
[    1.002902] ata1.00: configured for UDMA/33
[    1.003077] usb usb4: New USB device found, idVendor=1d6b, idProduct=0001
[    1.003124] usb usb4: New USB device strings: Mfr=3, Product=2, SerialNumber=1
[    1.003176] usb usb4: Product: OHCI Host Controller
[    1.003221] usb usb4: Manufacturer: Linux 2.6.32-5-amd64 ohci_hcd
[    1.003267] usb usb4: SerialNumber: 0000:00:13.2
[    1.003444] usb usb4: configuration #1 chosen from 1 choice
[    1.003554] hub 4-0:1.0: USB hub found
[    1.003611] hub 4-0:1.0: 2 ports detected
[    1.003769] ohci_hcd 0000:00:13.3: PCI INT B -> GSI 17 (level, low) -> IRQ 17
[    1.003842] ohci_hcd 0000:00:13.3: OHCI Host Controller
[    1.003895] ohci_hcd 0000:00:13.3: new USB bus registered, assigned bus number 5
[    1.003968] ohci_hcd 0000:00:13.3: irq 17, io mem 0xc0008000
[    1.015341] scsi 0:0:0:0: CD-ROM            TEAC     DVD-ROM DV28EV   D.AD PQ: 0 ANSI: 5
[    1.060069] usb usb5: New USB device found, idVendor=1d6b, idProduct=0001
[    1.060121] usb usb5: New USB device strings: Mfr=3, Product=2, SerialNumber=1
[    1.060174] usb usb5: Product: OHCI Host Controller
[    1.060219] usb usb5: Manufacturer: Linux 2.6.32-5-amd64 ohci_hcd
[    1.060264] usb usb5: SerialNumber: 0000:00:13.3
[    1.060467] usb usb5: configuration #1 chosen from 1 choice
[    1.060579] hub 5-0:1.0: USB hub found
[    1.060636] hub 5-0:1.0: 2 ports detected
[    1.060808] ohci_hcd 0000:00:13.4: PCI INT C -> GSI 18 (level, low) -> IRQ 18
[    1.060884] ohci_hcd 0000:00:13.4: OHCI Host Controller
[    1.060939] ohci_hcd 0000:00:13.4: new USB bus registered, assigned bus number 6
[    1.061014] ohci_hcd 0000:00:13.4: irq 18, io mem 0xc0009000
[    1.116050] usb usb6: New USB device found, idVendor=1d6b, idProduct=0001
[    1.116099] usb usb6: New USB device strings: Mfr=3, Product=2, SerialNumber=1
[    1.116150] usb usb6: Product: OHCI Host Controller
[    1.116196] usb usb6: Manufacturer: Linux 2.6.32-5-amd64 ohci_hcd
[    1.116243] usb usb6: SerialNumber: 0000:00:13.4
[    1.116438] usb usb6: configuration #1 chosen from 1 choice
[    1.116550] hub 6-0:1.0: USB hub found
[    1.116606] hub 6-0:1.0: 2 ports detected
[    1.156030] ata4: SATA link down (SStatus 0 SControl 300)
[    1.156115] ata6: SATA link down (SStatus 0 SControl 300)
[    1.156192] ata5: SATA link down (SStatus 0 SControl 300)
[    1.320014] ata3: softreset failed (device not ready)
[    1.320065] ata3: applying SB600 PMP SRST workaround and retrying
[    1.484023] ata3: SATA link up 1.5 Gbps (SStatus 113 SControl 300)
[    1.484686] ata3.00: ATA-8: FUJITSU MHW2080BH, 0085001C, max UDMA/100
[    1.484733] ata3.00: 156301488 sectors, multi 16: LBA48 NCQ (depth 31/32), AA
[    1.484799] ata3.00: SB600 AHCI: limiting to 255 sectors per cmd
[    1.485576] ata3.00: SB600 AHCI: limiting to 255 sectors per cmd
[    1.485623] ata3.00: configured for UDMA/100
[    1.485784] scsi 2:0:0:0: Direct-Access     ATA      FUJITSU MHW2080B 0085 PQ: 0 ANSI: 5
[    1.492677] sdhci: Secure Digital Host Controller Interface driver
[    1.492729] sdhci: Copyright(c) Pierre Ossman
[    1.499338]   alloc irq_desc for 21 on node 0
[    1.499343]   alloc kstat_irqs on node 0
[    1.499354] b44 0000:08:00.0: PCI INT A -> GSI 21 (level, low) -> IRQ 21
[    1.515686] sd 2:0:0:0: [sda] 156301488 512-byte logical blocks: (80.0 GB/74.5 GiB)
[    1.515799] sd 2:0:0:0: [sda] Write Protect is off
[    1.515845] sd 2:0:0:0: [sda] Mode Sense: 00 3a 00 00
[    1.515869] sd 2:0:0:0: [sda] Write cache: enabled, read cache: enabled, doesn't support DPO or FUA
[    1.516164]  sda:sr0: scsi3-mmc drive: 24x/24x cd/rw xa/form2 cdda tray
[    1.533489] Uniform CD-ROM driver Revision: 3.20
[    1.533864] sr 0:0:0:0: Attached scsi CD-ROM sr0
[    1.534315]  sda1 sda2
[    1.549126] sd 2:0:0:0: [sda] Attached SCSI disk
[    1.557771] ssb: Sonics Silicon Backplane found on PCI device 0000:08:00.0
[    1.557869] b44.c:v2.0
[    1.558583] sdhci-pci 0000:08:01.0: SDHCI controller found [1180:0822] (rev 19)
[    1.558659]   alloc irq_desc for 20 on node 0
[    1.558662]   alloc kstat_irqs on node 0
[    1.558673] sdhci-pci 0000:08:01.0: PCI INT B -> GSI 20 (level, low) -> IRQ 20
[    1.562988] Registered led device: mmc0::
[    1.566463] sr 0:0:0:0: Attached scsi generic sg0 type 5
[    1.566906] sd 2:0:0:0: Attached scsi generic sg1 type 0
[    1.567164] mmc0: SDHCI controller on PCI [0000:08:01.0] using PIO
[    1.576877] eth0: Broadcom 44xx/47xx 10/100BaseT Ethernet 00:19:b9:7e:e0:a8
[    1.873133] Uniform Multi-Platform E-IDE driver
[    1.873982] ide_generic: please use "probe_mask=0x3f" module parameter for probing all legacy ISA IDE ports
[    2.248883] ADDRCONF(NETDEV_UP): eth0: link is not ready
[    5.816184] b44: eth0: Link is up at 100 Mbps, full duplex.
[    5.816235] b44: eth0: Flow control is off for TX and off for RX.
[    5.816799] ADDRCONF(NETDEV_CHANGE): eth0: link becomes ready
[    6.682987] RPC: Registered udp transport module.
[    6.683039] RPC: Registered tcp transport module.
[    6.683084] RPC: Registered tcp NFSv4.1 backchannel transport module.
[    6.694516] Slow work thread pool: Starting up
[    6.694617] Slow work thread pool: Ready
[    6.694728] FS-Cache: Loaded
[    6.715135] FS-Cache: Netfs 'nfs' registered for caching
[    6.738774] aufs: module is from the staging directory, the quality is unknown, you have been warned.
[    6.744689] aufs 2-standalone.tree-32-20100125
[    8.724376] udev[763]: starting version 164
[    9.089512] pci_hotplug: PCI Hot Plug PCI Core version: 0.5
[    9.180241] input: Power Button as /devices/LNXSYSTM:00/LNXSYBUS:00/PNP0C0C:00/input/input2
[    9.180320] ACPI: Power Button [PWRB]
[    9.180497] input: Sleep Button as /devices/LNXSYSTM:00/LNXSYBUS:00/PNP0C0E:00/input/input3
[    9.180573] ACPI: Sleep Button [SLPB]
[    9.180958] input: Lid Switch as /devices/LNXSYSTM:00/LNXSYBUS:00/PNP0C0D:00/input/input4
[    9.189721] Marking TSC unstable due to TSC halts in idle
[    9.192684] processor LNXCPU:00: registered as cooling_device0
[    9.204765] Switching to clocksource hpet
[    9.231947] ACPI: Lid Switch [LID]
[    9.232364] input: Power Button as /devices/LNXSYSTM:00/LNXPWRBN:00/input/input5
[    9.232423] ACPI: Power Button [PWRF]
[    9.257763] input: PC Speaker as /devices/platform/pcspkr/input/input6
[    9.267897] dcdbas dcdbas: Dell Systems Management Base Driver (version 5.6.0-3.2)
[    9.279041] ACPI: AC Adapter [ACAD] (on-line)
[    9.279880] ACPI: WMI: Mapper loaded
[    9.289227] k8temp 0000:00:18.3: Temperature readouts might be wrong - check erratum #141
[    9.341282] shpchp: Standard Hot Plug PCI Controller Driver version: 0.4
[    9.412501] EDAC MC: Ver: 2.1.0 Sep 23 2013
[    9.576130] cfg80211: Using static regulatory domain info
[    9.576182] cfg80211: Regulatory domain: US
[    9.576249] 	(start_freq - end_freq @ bandwidth), (max_antenna_gain, max_eirp)
[    9.576314] 	(2402000 KHz - 2472000 KHz @ 40000 KHz), (600 mBi, 2700 mBm)
[    9.576377] 	(5170000 KHz - 5190000 KHz @ 40000 KHz), (600 mBi, 2300 mBm)
[    9.576426] 	(5190000 KHz - 5210000 KHz @ 40000 KHz), (600 mBi, 2300 mBm)
[    9.576492] 	(5210000 KHz - 5230000 KHz @ 40000 KHz), (600 mBi, 2300 mBm)
[    9.576550] 	(5230000 KHz - 5330000 KHz @ 40000 KHz), (600 mBi, 2300 mBm)
[    9.576612] 	(5735000 KHz - 5835000 KHz @ 40000 KHz), (600 mBi, 3000 mBm)
[    9.752159] ACPI Warning for \_SB_.BAT1._BST: Return Package type mismatch at index 2 - found [NULL Object Descriptor], expected Integer (20090903/nspredef-1012)
[    9.752352] cfg80211: Calling CRDA for country: US
[   10.144175] ACPI: Battery Slot [BAT1] (battery present)
[   10.171518] EDAC amd64_edac:  Ver: 3.2.0 Sep 23 2013
[   10.172123] EDAC amd64: This node reports that Memory ECC is currently disabled, set F3x44[22] (0000:00:18.3).
[   10.172203] EDAC amd64: ECC disabled in the BIOS or no ECC capability, module will not load.
[   10.172205]  Either enable ECC checking or force module loading by setting 'ecc_enable_override'.
[   10.172207]  (Note that use of the override may cause unknown side effects.)
[   10.172416] amd64_edac: probe of 0000:00:18.2 failed with error -22
[   10.176523] [Firmware Bug]: ACPI: ACPI brightness control misses _BQC function
[   10.203168] piix4_smbus 0000:00:14.0: SMBus Host Controller at 0x8410, revision 0
[   10.216032] Synaptics Touchpad, model: 1, fw: 6.3, id: 0x180b1, caps: 0xa04713/0x200000/0x0
[   10.268586] [drm] Initialized drm 1.1.0 20060810
[   10.269422] acpi device:1c: registered as cooling_device1
[   10.270050] input: Video Bus as /devices/LNXSYSTM:00/LNXSYBUS:00/PNP0A08:00/device:1a/LNXVIDEO:00/input/input7
[   10.270207] ACPI: Video Device [VGA] (multi-head: yes  rom: no  post: no)
[   10.307871] Error: Driver 'pcspkr' is already registered, aborting...
[   10.341945] b43-phy0: Broadcom 4311 WLAN found (core revision 10)
[   10.371785] HDA Intel 0000:00:14.2: PCI INT A -> GSI 16 (level, low) -> IRQ 16
[   10.466726] [drm] radeon kernel modesetting enabled.
[   10.466898] radeon 0000:01:05.0: power state changed by ACPI to D0
[   10.466951] radeon 0000:01:05.0: power state changed by ACPI to D0
[   10.467004] radeon 0000:01:05.0: PCI INT A -> GSI 17 (level, low) -> IRQ 17
[   10.470205] input: SynPS/2 Synaptics TouchPad as /devices/platform/i8042/serio1/input/input8
[   10.481523] [drm] radeon: Initializing kernel modesetting.
[   10.481757] [drm] register mmio base: 0xC0100000
[   10.481802] [drm] register mmio size: 65536
[   10.482268] [drm] GPU reset succeed (RBBM_STATUS=0x00000140)
[   10.482327] [drm:rs400_gart_adjust_size] *ERROR* Forcing to 32M GART size (because of ASIC bug ?)
[   10.482382] [drm] Generation 2 PCI interface, using max accessible memory
[   10.482429] [drm] radeon: VRAM 128M
[   10.482474] [drm] radeon: VRAM from 0x78000000 to 0x7FFFFFFF
[   10.482519] [drm] radeon: GTT 32M
[   10.482564] [drm] radeon: GTT from 0x80000000 to 0x81FFFFFF
[   10.482629] [drm] radeon: irq initialized.
[   10.482778] [drm] Detected VRAM RAM=128M, BAR=128M
[   10.482832] [drm] RAM width 128bits DDR
[   10.483172] [TTM] Zone  kernel: Available graphics memory: 964284 kiB.
[   10.483238] [drm] radeon: 128M of VRAM memory ready
[   10.483285] [drm] radeon: 32M of GTT memory ready.
[   10.483384] [drm] GART: num cpu pages 8192, num gpu pages 8192
[   10.484766] [drm] radeon: 1 quad pipes, 1 z pipes initialized.
[   10.484841] [drm] radeon: cp idle (0x10000C03)
[   10.484957] [drm] Loading R300 Microcode
[   10.485518] platform radeon_cp.0: firmware: requesting radeon/R300_cp.bin
[   10.513387] phy0: Selected rate control algorithm 'minstrel'
[   10.514423] Registered led device: b43-phy0::tx
[   10.514509] Registered led device: b43-phy0::rx
[   10.514605] Registered led device: b43-phy0::radio
[   10.514748] Broadcom 43xx driver loaded [ Features: PMLS, Firmware-ID: FW13 ]
[   10.527234] radeon_cp: Failed to load firmware "radeon/R300_cp.bin"
[   10.527285] [drm:r100_cp_init] *ERROR* Failed to load firmware!
[   10.527333] radeon 0000:01:05.0: failled initializing CP (-2).
[   10.527379] radeon 0000:01:05.0: Disabling GPU acceleration
[   10.527427] [drm] radeon: cp finalized
[   10.527674] [drm] Panel ID String: AUO                     
[   10.527721] [drm] Panel Size 1280x800
[   10.527817] [drm] Radeon Display Connectors
[   10.527862] [drm] Connector 0:
[   10.527906] [drm]   VGA
[   10.527951] [drm]   DDC: 0x68 0x68 0x68 0x68 0x68 0x68 0x68 0x68
[   10.528030] [drm]   Encoders:
[   10.528074] [drm]     CRT1: INTERNAL_DAC2
[   10.528119] [drm] Connector 1:
[   10.528164] [drm]   LVDS
[   10.528208] [drm]   DDC: 0x198 0x198 0x19c 0x19c 0x1a0 0x1a0 0x1a4 0x1a4
[   10.528254] [drm]   Encoders:
[   10.528298] [drm]     LCD1: INTERNAL_LVDS
[   10.616494] input: HDA ATI SB Mic at Ext Right Jack as /devices/pci0000:00/0000:00:14.2/sound/card0/input9
[   10.616668] input: HDA ATI SB HP Out at Ext Right Jack as /devices/pci0000:00/0000:00:14.2/sound/card0/input10
[   10.747175] composite sync not supported
[   10.755762] [drm] fb mappable at 0xC8040000
[   10.755807] [drm] vram apper at 0xC8000000
[   10.755852] [drm] size 4096000
[   10.755895] [drm] fb depth is 24
[   10.755939] [drm]    pitch is 5120
[   10.797958] Console: switching to colour frame buffer device 160x50
[   10.807827] fb0: radeondrmfb frame buffer device
[   10.807898] registered panic notifier
[   10.807959] [drm] Initialized radeon 2.0.0 20080528 for 0000:01:05.0 on minor 0
[   16.480017] eth0: no IPv6 routers present
[   22.942198] ide-gd driver 1.18
[   22.959113] ide-cd driver 5.00
[   23.003111] usbcore: registered new interface driver hiddev
[   23.003264] usbcore: registered new interface driver usbhid
[   23.003387] usbhid: v2.6:USB HID core driver
[   23.049711] Fusion MPT base driver 3.04.12
[   23.049714] Copyright (c) 1999-2008 LSI Corporation
[   23.067588] Fusion MPT SPI Host driver 3.04.12
[   23.110665] device-mapper: uevent: version 1.0.3
[   23.111198] device-mapper: ioctl: 4.15.0-ioctl (2009-04-01) initialised: dm-devel@redhat.com
[   23.165430] padlock: VIA PadLock not detected.
[   31.604505] mdadm: sending ioctl 800c0910 to a partition!
[   31.606703] mdadm: sending ioctl 800c0910 to a partition!
[   31.609027] mdadm: sending ioctl 1261 to a partition!
[   31.611227] mdadm: sending ioctl 1261 to a partition!
[   31.613775] mdadm: sending ioctl 1261 to a partition!
[   31.615965] mdadm: sending ioctl 1261 to a partition!
[   31.618366] mdadm: sending ioctl 1261 to a partition!
[   31.620515] mdadm: sending ioctl 1261 to a partition!
[   31.622920] mdadm: sending ioctl 1261 to a partition!
[   31.625111] mdadm: sending ioctl 1261 to a partition!
[   31.627491] mdadm: sending ioctl 800c0910 to a partition!
[   31.629716] mdadm: sending ioctl 800c0910 to a partition!
[   31.632014] mdadm: sending ioctl 800c0910 to a partition!
[   31.634141] mdadm: sending ioctl 800c0910 to a partition!
[   36.650139] kjournald starting.  Commit interval 5 seconds
[   36.650469] EXT3 FS on sda1, internal journal
[   36.650475] EXT3-fs: mounted filesystem with ordered data mode.
