[    0.000000] Initializing cgroup subsys cpuset
[    0.000000] Initializing cgroup subsys cpu
[    0.000000] Linux version 2.6.32-5-amd64 (Debian 2.6.32-41) (ben@decadent.org.uk) (gcc version 4.3.5 (Debian 4.3.5-4) ) #1 SMP Mon Jan 16 16:22:28 UTC 2012
[    0.000000] Command line: initrd=initrd.img-2.6.32-5-amd64 ip=dhcp  root=/dev/nfs nfsroot=/srv/fai/nfsroot boot=live  FAI_FLAGS=verbose,sshd,reboot FAI_ACTION=install BOOT_IMAGE=vmlinuz-2.6.32-5-amd64 
[    0.000000] KERNEL supported cpus:
[    0.000000]   Intel GenuineIntel
[    0.000000]   AMD AuthenticAMD
[    0.000000]   Centaur CentaurHauls
[    0.000000] BIOS-provided physical RAM map:
[    0.000000]  BIOS-e820: 0000000000000000 - 000000000009d800 (usable)
[    0.000000]  BIOS-e820: 000000000009d800 - 00000000000a0000 (reserved)
[    0.000000]  BIOS-e820: 00000000000ce000 - 0000000000100000 (reserved)
[    0.000000]  BIOS-e820: 0000000000100000 - 0000000077e70000 (usable)
[    0.000000]  BIOS-e820: 0000000077e70000 - 0000000077e80000 (ACPI data)
[    0.000000]  BIOS-e820: 0000000077e80000 - 0000000077f00000 (ACPI NVS)
[    0.000000]  BIOS-e820: 0000000077f00000 - 0000000080000000 (reserved)
[    0.000000]  BIOS-e820: 00000000e0000000 - 00000000f0000000 (reserved)
[    0.000000]  BIOS-e820: 00000000fec00000 - 00000000fec10000 (reserved)
[    0.000000]  BIOS-e820: 00000000fee00000 - 00000000fee01000 (reserved)
[    0.000000]  BIOS-e820: 00000000fff80000 - 0000000100000000 (reserved)
[    0.000000] DMI present.
[    0.000000] last_pfn = 0x77e70 max_arch_pfn = 0x400000000
[    0.000000] MTRR default type: uncachable
[    0.000000] MTRR fixed ranges enabled:
[    0.000000]   00000-9FFFF write-back
[    0.000000]   A0000-BFFFF uncachable
[    0.000000]   C0000-CFFFF write-protect
[    0.000000]   D0000-E3FFF uncachable
[    0.000000]   E4000-FFFFF write-protect
[    0.000000] MTRR variable ranges enabled:
[    0.000000]   0 base 0000000000 mask FF80000000 write-back
[    0.000000]   1 base 0078000000 mask FFF8000000 uncachable
[    0.000000]   2 disabled
[    0.000000]   3 disabled
[    0.000000]   4 disabled
[    0.000000]   5 disabled
[    0.000000]   6 disabled
[    0.000000]   7 disabled
[    0.000000] x86 PAT enabled: cpu 0, old 0x7040600070406, new 0x7010600070106
[    0.000000] initial memory mapped : 0 - 20000000
[    0.000000] init_memory_mapping: 0000000000000000-0000000077e70000
[    0.000000]  0000000000 - 0077e00000 page 2M
[    0.000000]  0077e00000 - 0077e70000 page 4k
[    0.000000] kernel direct mapping tables up to 77e70000 @ 8000-c000
[    0.000000] RAMDISK: 7726e000 - 77e4ef9a
[    0.000000] ACPI: RSDP 00000000000f8500 00014 (v00 PTLTD )
[    0.000000] ACPI: RSDT 0000000077e79606 00040 (v01 DELL    M08     06040000  LTP 00000000)
[    0.000000] ACPI: FACP 0000000077e7fc36 00074 (v01 ATI    Bowfin   06040000 ATI  000F4240)
[    0.000000] ACPI: DSDT 0000000077e79646 065F0 (v01    ATI    SB600 06040000 MSFT 03000000)
[    0.000000] ACPI: FACS 0000000077e90fc0 00040
[    0.000000] ACPI: TCPA 0000000077e7fcaa 00032 (v02 AMD             06040000 PTEC 00000000)
[    0.000000] ACPI: SSDT 0000000077e7fcdc 000F4 (v01 PTLTD  POWERNOW 06040000  LTP 00000001)
[    0.000000] ACPI: APIC 0000000077e7fdd0 00046 (v01 PTLTD  ? APIC   06040000  LTP 00000000)
[    0.000000] ACPI: MCFG 0000000077e7fe16 0003C (v01 PTLTD    MCFG   06040000  LTP 00000000)
[    0.000000] ACPI: HPET 0000000077e7fe52 00038 (v01 PTLTD  HPETTBL  06040000  LTP 00000001)
[    0.000000] ACPI: SLIC 0000000077e7fe8a 00176 (v01 DELL    M08     06040000  LTP 00000000)
[    0.000000] ACPI: Local APIC address 0xfee00000
[    0.000000] Scanning NUMA topology in Northbridge 24
[    0.000000] No NUMA configuration found
[    0.000000] Faking a node at 0000000000000000-0000000077e70000
[    0.000000] Bootmem setup node 0 0000000000000000-0000000077e70000
[    0.000000]   NODE_DATA [000000000000a000 - 0000000000011fff]
[    0.000000]   bootmap [0000000000012000 -  0000000000020fcf] pages f
[    0.000000] (7 early reservations) ==> bootmem [0000000000 - 0077e70000]
[    0.000000]   #0 [0000000000 - 0000001000]   BIOS data page ==> [0000000000 - 0000001000]
[    0.000000]   #1 [0000006000 - 0000008000]       TRAMPOLINE ==> [0000006000 - 0000008000]
[    0.000000]   #2 [0001000000 - 00016d95c4]    TEXT DATA BSS ==> [0001000000 - 00016d95c4]
[    0.000000]   #3 [007726e000 - 0077e4ef9a]          RAMDISK ==> [007726e000 - 0077e4ef9a]
[    0.000000]   #4 [000009d800 - 0000100000]    BIOS reserved ==> [000009d800 - 0000100000]
[    0.000000]   #5 [00016da000 - 00016da18c]              BRK ==> [00016da000 - 00016da18c]
[    0.000000]   #6 [0000008000 - 000000a000]          PGTABLE ==> [0000008000 - 000000a000]
[    0.000000] found SMP MP-table at [ffff8800000f8530] f8530
[    0.000000]  [ffffea0000000000-ffffea0001bfffff] PMD -> [ffff880001c00000-ffff8800037fffff] on node 0
[    0.000000] Zone PFN ranges:
[    0.000000]   DMA      0x00000000 -> 0x00001000
[    0.000000]   DMA32    0x00001000 -> 0x00100000
[    0.000000]   Normal   0x00100000 -> 0x00100000
[    0.000000] Movable zone start PFN for each node
[    0.000000] early_node_map[2] active PFN ranges
[    0.000000]     0: 0x00000000 -> 0x0000009d
[    0.000000]     0: 0x00000100 -> 0x00077e70
[    0.000000] On node 0 totalpages: 491021
[    0.000000]   DMA zone: 56 pages used for memmap
[    0.000000]   DMA zone: 103 pages reserved
[    0.000000]   DMA zone: 3838 pages, LIFO batch:0
[    0.000000]   DMA32 zone: 6659 pages used for memmap
[    0.000000]   DMA32 zone: 480365 pages, LIFO batch:31
[    0.000000] Detected use of extended apic ids on hypertransport bus
[    0.000000] ACPI: PM-Timer IO Port: 0x8008
[    0.000000] ACPI: Local APIC address 0xfee00000
[    0.000000] ACPI: LAPIC (acpi_id[0x00] lapic_id[0x00] enabled)
[    0.000000] ACPI: LAPIC_NMI (acpi_id[0x00] high edge lint[0x1])
[    0.000000] ACPI: IOAPIC (id[0x01] address[0xfec00000] gsi_base[0])
[    0.000000] IOAPIC[0]: apic_id 1, version 33, address 0xfec00000, GSI 0-23
[    0.000000] ACPI: IRQ9 used by override.
[    0.000000] Using ACPI (MADT) for SMP configuration information
[    0.000000] ACPI: HPET id: 0x43538310 base: 0xfed00000
[    0.000000] SMP: Allowing 1 CPUs, 0 hotplug CPUs
[    0.000000] nr_irqs_gsi: 24
[    0.000000] PM: Registered nosave memory: 000000000009d000 - 000000000009e000
[    0.000000] PM: Registered nosave memory: 000000000009e000 - 00000000000a0000
[    0.000000] PM: Registered nosave memory: 00000000000a0000 - 00000000000ce000
[    0.000000] PM: Registered nosave memory: 00000000000ce000 - 0000000000100000
[    0.000000] Allocating PCI resources starting at 80000000 (gap: 80000000:60000000)
[    0.000000] Booting paravirtualized kernel on bare hardware
[    0.000000] NR_CPUS:512 nr_cpumask_bits:512 nr_cpu_ids:1 nr_node_ids:1
[    0.000000] PERCPU: Embedded 30 pages/cpu @ffff880001800000 s90328 r8192 d24360 u2097152
[    0.000000] pcpu-alloc: s90328 r8192 d24360 u2097152 alloc=1*2097152
[    0.000000] pcpu-alloc: [0] 0 
[    0.000000] Built 1 zonelists in Node order, mobility grouping on.  Total pages: 484203
[    0.000000] Policy zone: DMA32
[    0.000000] Kernel command line: initrd=initrd.img-2.6.32-5-amd64 ip=dhcp  root=/dev/nfs nfsroot=/srv/fai/nfsroot boot=live  FAI_FLAGS=verbose,sshd,reboot FAI_ACTION=install BOOT_IMAGE=vmlinuz-2.6.32-5-amd64 
[    0.000000] PID hash table entries: 4096 (order: 3, 32768 bytes)
[    0.000000] Initializing CPU#0
[    0.000000] Checking aperture...
[    0.000000] No AGP bridge found
[    0.000000] Node 0: aperture @ a410000000 size 32 MB
[    0.000000] Aperture beyond 4GB. Ignoring.
[    0.000000] Memory: 1915780k/1964480k available (3083k kernel code, 396k absent, 48304k reserved, 2048k data, 592k init)
[    0.000000] SLUB: Genslabs=14, HWalign=64, Order=0-3, MinObjects=0, CPUs=1, Nodes=1
[    0.000000] Hierarchical RCU implementation.
[    0.000000] NR_IRQS:4352 nr_irqs:256
[    0.000000] Console: colour VGA+ 80x25
[    0.000000] console [tty0] enabled
[    0.000000] hpet clockevent registered
[    0.000000] Fast TSC calibration using PIT
[    0.000000] Detected 1795.331 MHz processor.
[    0.004005] Calibrating delay loop (skipped), value calculated using timer frequency.. 3590.66 BogoMIPS (lpj=7181324)
[    0.004123] Security Framework initialized
[    0.004172] SELinux:  Disabled at boot.
[    0.004409] Dentry cache hash table entries: 262144 (order: 9, 2097152 bytes)
[    0.005880] Inode-cache hash table entries: 131072 (order: 8, 1048576 bytes)
[    0.006612] Mount-cache hash table entries: 256
[    0.006840] Initializing cgroup subsys ns
[    0.006887] Initializing cgroup subsys cpuacct
[    0.006935] Initializing cgroup subsys devices
[    0.006981] Initializing cgroup subsys freezer
[    0.007027] Initializing cgroup subsys net_cls
[    0.007102] CPU: L1 I Cache: 64K (64 bytes/line), D cache 64K (64 bytes/line)
[    0.007149] CPU: L2 Cache: 512K (64 bytes/line)
[    0.007196] CPU 0/0x0 -> Node 0
[    0.007240] tseg: 0077f00000
[    0.007244] mce: CPU supports 5 MCE banks
[    0.007300] using C1E aware idle routine
[    0.007345] Performance Events: AMD PMU driver.
[    0.007431] ... version:                0
[    0.007476] ... bit width:              48
[    0.007521] ... generic registers:      4
[    0.007566] ... value mask:             0000ffffffffffff
[    0.007611] ... max period:             00007fffffffffff
[    0.007656] ... fixed-purpose events:   0
[    0.007701] ... event mask:             000000000000000f
[    0.007758] SMP alternatives: switching to UP code
[    0.014246] Freeing SMP alternatives: 28k freed
[    0.014322] ACPI: Core revision 20090903
[    0.024078] Setting APIC routing to flat
[    0.024455] ..TIMER: vector=0x30 apic1=0 pin1=0 apic2=-1 pin2=-1
[    0.028001] ..MP-BIOS bug: 8254 timer not connected to IO-APIC
[    0.028001] ...trying to set up timer (IRQ0) through the 8259A ...
[    0.028001] ..... (found apic 0 pin 0) ...
[    0.071271] ....... works.
[    0.071316] CPU0: Mobile AMD Sempron(tm) Processor 3500+ stepping 02
[    0.072001] Brought up 1 CPUs
[    0.072001] Total of 1 processors activated (3590.66 BogoMIPS).
[    0.072001] CPU0 attaching NULL sched-domain.
[    0.072001] devtmpfs: initialized
[    0.072979] regulator: core version 0.5
[    0.073080] NET: Registered protocol family 16
[    0.073248] node 0 link 0: io port [1000, fffff]
[    0.073251] TOM: 0000000080000000 aka 2048M
[    0.073298] node 0 link 0: mmio [d0000000, dfffffff]
[    0.073302] node 0 link 0: mmio [c8000000, cfffffff]
[    0.073305] node 0 link 0: mmio [a0000, bffff]
[    0.073308] node 0 link 0: mmio [f0000000, ffffffff]
[    0.073311] node 0 link 0: mmio [e0000000, efffffff]
[    0.073314] node 0 link 0: mmio [80000000, c7ffffff]
[    0.073317] bus: [00,ff] on node 0 link 0
[    0.073320] bus: 00 index 0 io port: [0, ffff]
[    0.073322] bus: 00 index 1 mmio: [80000000, efffffff]
[    0.073325] bus: 00 index 2 mmio: [a0000, bffff]
[    0.073328] bus: 00 index 3 mmio: [f0000000, fcffffffff]
[    0.073334] ACPI: bus type pci registered
[    0.073451] PCI: MCFG configuration 0: base e0000000 segment 0 buses 0 - 9
[    0.073499] PCI: MCFG area at e0000000 reserved in E820
[    0.073828] PCI: Using MMCONFIG at e0000000 - e09fffff
[    0.073873] PCI: Using configuration type 1 for base access
[    0.074416] bio: create slab <bio-0> at 0
[    0.075020] ACPI: EC: Look up EC in DSDT
[    0.078103] ACPI: BIOS _OSI(Linux) query ignored
[    0.080072] ACPI: Interpreter enabled
[    0.080117] ACPI: (supports S0 S3 S4 S5)
[    0.080323] ACPI: Using IOAPIC for interrupt routing
[    0.087448] [Firmware Bug]: ACPI: ACPI brightness control misses _BQC function
[    0.088212] ACPI: EC: GPE = 0x14, I/O: command/status = 0x66, data = 0x62
[    0.088490] ACPI: No dock devices found.
[    0.092714] ACPI Error: Needed type [Reference], found [Device] ffff880076f23800 (20090903/exresop-104)
[    0.092844] ACPI Exception: AE_AML_OPERAND_TYPE, While resolving operands for [OpcodeName unavailable] (20090903/dswexec-460)
[    0.092974] ACPI Error (psparse-0537): Method parse/execution failed [\_SB_.PCI0._OSC] (Node ffff880076f2aa80), AE_AML_OPERAND_TYPE
[    0.093161] ACPI: PCI Root Bridge [PCI0] (0000:00)
[    0.093332] pci 0000:00:05.0: PME# supported from D0 D3hot D3cold
[    0.093380] pci 0000:00:05.0: PME# disabled
[    0.093459] pci 0000:00:06.0: PME# supported from D0 D3hot D3cold
[    0.093506] pci 0000:00:06.0: PME# disabled
[    0.093615] pci 0000:00:12.0: reg 10 io port: [0x8438-0x843f]
[    0.093624] pci 0000:00:12.0: reg 14 io port: [0x8454-0x8457]
[    0.093632] pci 0000:00:12.0: reg 18 io port: [0x8430-0x8437]
[    0.093640] pci 0000:00:12.0: reg 1c io port: [0x8450-0x8453]
[    0.093649] pci 0000:00:12.0: reg 20 io port: [0x8400-0x840f]
[    0.093657] pci 0000:00:12.0: reg 24 32bit mmio: [0xc0004000-0xc00043ff]
[    0.093678] pci 0000:00:12.0: set SATA to AHCI mode
[    0.093777] pci 0000:00:13.0: reg 10 32bit mmio: [0xc0005000-0xc0005fff]
[    0.093843] pci 0000:00:13.1: reg 10 32bit mmio: [0xc0006000-0xc0006fff]
[    0.093910] pci 0000:00:13.2: reg 10 32bit mmio: [0xc0007000-0xc0007fff]
[    0.093975] pci 0000:00:13.3: reg 10 32bit mmio: [0xc0008000-0xc0008fff]
[    0.094041] pci 0000:00:13.4: reg 10 32bit mmio: [0xc0009000-0xc0009fff]
[    0.094129] pci 0000:00:13.5: reg 10 32bit mmio: [0xc0004400-0xc00044ff]
[    0.094189] pci 0000:00:13.5: supports D1 D2
[    0.094192] pci 0000:00:13.5: PME# supported from D0 D1 D2 D3hot
[    0.094240] pci 0000:00:13.5: PME# disabled
[    0.094336] pci 0000:00:14.0: reg 10 io port: [0x8410-0x841f]
[    0.094345] pci 0000:00:14.0: reg 14 32bit mmio: [0xfed00000-0xfed003ff]
[    0.094432] pci 0000:00:14.1: reg 10 io port: [0x1f0-0x1f7]
[    0.094440] pci 0000:00:14.1: reg 14 io port: [0x3f4-0x3f7]
[    0.094449] pci 0000:00:14.1: reg 18 io port: [0x00-0x07]
[    0.094457] pci 0000:00:14.1: reg 1c io port: [0x00-0x03]
[    0.094465] pci 0000:00:14.1: reg 20 io port: [0x8420-0x842f]
[    0.094552] pci 0000:00:14.2: reg 10 64bit mmio: [0xc0000000-0xc0003fff]
[    0.094607] pci 0000:00:14.2: PME# supported from D0 D3hot D3cold
[    0.094656] pci 0000:00:14.2: PME# disabled
[    0.094915] pci 0000:01:05.0: reg 10 32bit mmio pref: [0xc8000000-0xcfffffff]
[    0.094921] pci 0000:01:05.0: reg 14 io port: [0x9000-0x90ff]
[    0.094925] pci 0000:01:05.0: reg 18 32bit mmio: [0xc0100000-0xc010ffff]
[    0.094935] pci 0000:01:05.0: reg 30 32bit mmio pref: [0x000000-0x01ffff]
[    0.094943] pci 0000:01:05.0: supports D1 D2
[    0.094961] pci 0000:00:01.0: bridge io port: [0x9000-0x9fff]
[    0.094964] pci 0000:00:01.0: bridge 32bit mmio: [0xc0100000-0xc01fffff]
[    0.094969] pci 0000:00:01.0: bridge 64bit mmio pref: [0xc8000000-0xcfffffff]
[    0.095022] pci 0000:00:05.0: bridge io port: [0x00-0xfff]
[    0.095025] pci 0000:00:05.0: bridge 32bit mmio: [0x000000-0x0fffff]
[    0.095073] pci 0000:05:00.0: reg 10 32bit mmio: [0xc0200000-0xc0203fff]
[    0.095137] pci 0000:05:00.0: supports D1 D2
[    0.095167] pci 0000:05:00.0: disabling ASPM on pre-1.1 PCIe device.  You can enable it with 'pcie_aspm=force'
[    0.095296] pci 0000:00:06.0: bridge 32bit mmio: [0xc0200000-0xc02fffff]
[    0.095348] pci 0000:08:00.0: reg 10 32bit mmio: [0xc0300000-0xc0301fff]
[    0.095416] pci 0000:08:00.0: supports D1 D2
[    0.095418] pci 0000:08:00.0: PME# supported from D0 D1 D2 D3hot D3cold
[    0.095469] pci 0000:08:00.0: PME# disabled
[    0.095568] pci 0000:08:01.0: reg 10 32bit mmio: [0xc0302800-0xc03028ff]
[    0.095636] pci 0000:08:01.0: supports D1 D2
[    0.095639] pci 0000:08:01.0: PME# supported from D0 D1 D2 D3hot D3cold
[    0.095689] pci 0000:08:01.0: PME# disabled
[    0.095782] pci 0000:08:01.1: reg 10 32bit mmio: [0xc0302c00-0xc0302cff]
[    0.095850] pci 0000:08:01.1: supports D1 D2
[    0.095853] pci 0000:08:01.1: PME# supported from D0 D1 D2 D3hot D3cold
[    0.095903] pci 0000:08:01.1: PME# disabled
[    0.096032] pci 0000:00:14.4: transparent bridge
[    0.097754] pci 0000:00:14.4: bridge 32bit mmio: [0xc0300000-0xc03fffff]
[    0.097774] ACPI: PCI Interrupt Routing Table [\_SB_.PCI0._PRT]
[    0.097899] ACPI: PCI Interrupt Routing Table [\_SB_.PCI0.PB5_._PRT]
[    0.097976] ACPI: PCI Interrupt Routing Table [\_SB_.PCI0.PB6_._PRT]
[    0.098078] ACPI: PCI Interrupt Routing Table [\_SB_.PCI0.P2P_._PRT]
[    0.098142] ACPI: PCI Interrupt Routing Table [\_SB_.PCI0.AGP_._PRT]
[    0.098272] ACPI Error: Needed type [Reference], found [Device] ffff880076f23800 (20090903/exresop-104)
[    0.098400] ACPI Exception: AE_AML_OPERAND_TYPE, While resolving operands for [OpcodeName unavailable] (20090903/dswexec-460)
[    0.098530] ACPI Error (psparse-0537): Method parse/execution failed [\_SB_.PCI0._OSC] (Node ffff880076f2aa80), AE_AML_OPERAND_TYPE
[    0.103325] ACPI: PCI Interrupt Link [LNKA] (IRQs 10 11) *0, disabled.
[    0.103698] ACPI: PCI Interrupt Link [LNKB] (IRQs 10 11) *0, disabled.
[    0.104079] ACPI: PCI Interrupt Link [LNKC] (IRQs 10 11) *0, disabled.
[    0.104451] ACPI: PCI Interrupt Link [LNKD] (IRQs 10 11) *0, disabled.
[    0.104824] ACPI: PCI Interrupt Link [LNKE] (IRQs 10 11) *0, disabled.
[    0.105195] ACPI: PCI Interrupt Link [LNKF] (IRQs 10 11) *0, disabled.
[    0.105566] ACPI: PCI Interrupt Link [LNKG] (IRQs 10 11) *0, disabled.
[    0.105940] ACPI: PCI Interrupt Link [LNKH] (IRQs 10 11) *0, disabled.
[    0.106312] ACPI: PCI Interrupt Link [LNKU] (IRQs 3 4 5 7) *0, disabled.
[    0.106764] vgaarb: device added: PCI:0000:01:05.0,decodes=io+mem,owns=io+mem,locks=none
[    0.106818] vgaarb: loaded
[    0.106961] PCI: Using ACPI for IRQ routing
[    0.107012] pci 0000:00:05.0: BAR 13: can't allocate resource
[    0.107058] pci 0000:00:05.0: BAR 14: can't allocate resource
[    0.107306] hpet0: at MMIO 0xfed00000, IRQs 2, 8, 0, 0
[    0.107535] hpet0: 4 comparators, 32-bit 14.318180 MHz counter
[    0.109043] Switching to clocksource tsc
[    0.110365] pnp: PnP ACPI init
[    0.110434] ACPI: bus type pnp registered
[    0.112027] pnp 00:09: mem resource (0x0-0xfff) overlaps 0000:01:05.0 BAR 6 (0x0-0x1ffff), disabling
[    0.112768] pnp: PnP ACPI: found 11 devices
[    0.112813] ACPI: ACPI bus type pnp unregistered
[    0.112869] system 00:01: iomem range 0xe0000000-0xefffffff has been reserved
[    0.112918] system 00:01: iomem range 0xfec00000-0xfec00fff could not be reserved
[    0.112971] system 00:01: iomem range 0xfee00000-0xfee00fff has been reserved
[    0.113024] system 00:08: ioport range 0x1080-0x1080 has been reserved
[    0.113072] system 00:08: ioport range 0x220-0x22f has been reserved
[    0.113119] system 00:08: ioport range 0x40b-0x40b has been reserved
[    0.113167] system 00:08: ioport range 0x4d0-0x4d1 has been reserved
[    0.113215] system 00:08: ioport range 0x4d6-0x4d6 has been reserved
[    0.113263] system 00:08: ioport range 0x530-0x537 has been reserved
[    0.113310] system 00:08: ioport range 0xc00-0xc01 has been reserved
[    0.113358] system 00:08: ioport range 0xc14-0xc14 has been reserved
[    0.113406] system 00:08: ioport range 0xc50-0xc52 has been reserved
[    0.113453] system 00:08: ioport range 0xc6c-0xc6c has been reserved
[    0.113500] system 00:08: ioport range 0xc6f-0xc6f has been reserved
[    0.113548] system 00:08: ioport range 0xcd0-0xcd3 has been reserved
[    0.113595] system 00:08: ioport range 0xcd4-0xcd5 has been reserved
[    0.113642] system 00:08: ioport range 0xcd6-0xcd7 has been reserved
[    0.113689] system 00:08: ioport range 0xcd8-0xcdf has been reserved
[    0.113737] system 00:08: ioport range 0x8000-0x805f has been reserved
[    0.113785] system 00:08: ioport range 0xf40-0xf47 has been reserved
[    0.113832] system 00:08: ioport range 0x87f-0x87f has been reserved
[    0.113881] system 00:09: iomem range 0xe0000-0xfffff could not be reserved
[    0.113929] system 00:09: iomem range 0xfff00000-0xffffffff could not be reserved
[    0.113981] system 00:09: iomem range 0xc0004800-0xc0004bff has been reserved
[    0.114029] system 00:09: iomem range 0xfed00000-0xfed003ff has been reserved
[    0.118877] pci 0000:00:01.0: PCI bridge, secondary bus 0000:01
[    0.118925] pci 0000:00:01.0:   IO window: 0x9000-0x9fff
[    0.118972] pci 0000:00:01.0:   MEM window: 0xc0100000-0xc01fffff
[    0.119020] pci 0000:00:01.0:   PREFETCH window: 0x000000c8000000-0x000000cfffffff
[    0.119073] pci 0000:00:05.0: PCI bridge, secondary bus 0000:02
[    0.119120] pci 0000:00:05.0:   IO window: 0x2000-0x2fff
[    0.119166] pci 0000:00:05.0:   MEM window: 0x80000000-0x801fffff
[    0.119214] pci 0000:00:05.0:   PREFETCH window: 0x00000080200000-0x000000803fffff
[    0.119267] pci 0000:00:06.0: PCI bridge, secondary bus 0000:05
[    0.119314] pci 0000:00:06.0:   IO window: 0x3000-0x3fff
[    0.119361] pci 0000:00:06.0:   MEM window: 0xc0200000-0xc02fffff
[    0.119408] pci 0000:00:06.0:   PREFETCH window: 0x00000080400000-0x000000805fffff
[    0.119463] pci 0000:00:14.4: PCI bridge, secondary bus 0000:08
[    0.119509] pci 0000:00:14.4:   IO window: disabled
[    0.119558] pci 0000:00:14.4:   MEM window: 0xc0300000-0xc03fffff
[    0.119607] pci 0000:00:14.4:   PREFETCH window: disabled
[    0.119666] pci 0000:00:05.0: enabling device (0000 -> 0003)
[    0.119714] pci 0000:00:05.0: setting latency timer to 64
[    0.119720] pci 0000:00:06.0: setting latency timer to 64
[    0.119730] pci_bus 0000:00: resource 0 io:  [0x00-0xffff]
[    0.119733] pci_bus 0000:00: resource 1 mem: [0x000000-0xffffffffffffffff]
[    0.119736] pci_bus 0000:01: resource 0 io:  [0x9000-0x9fff]
[    0.119739] pci_bus 0000:01: resource 1 mem: [0xc0100000-0xc01fffff]
[    0.119742] pci_bus 0000:01: resource 2 pref mem [0xc8000000-0xcfffffff]
[    0.119745] pci_bus 0000:02: resource 0 io:  [0x2000-0x2fff]
[    0.119748] pci_bus 0000:02: resource 1 mem: [0x80000000-0x801fffff]
[    0.119751] pci_bus 0000:02: resource 2 pref mem [0x80200000-0x803fffff]
[    0.119755] pci_bus 0000:05: resource 0 io:  [0x3000-0x3fff]
[    0.119758] pci_bus 0000:05: resource 1 mem: [0xc0200000-0xc02fffff]
[    0.119761] pci_bus 0000:05: resource 2 pref mem [0x80400000-0x805fffff]
[    0.119764] pci_bus 0000:08: resource 1 mem: [0xc0300000-0xc03fffff]
[    0.119767] pci_bus 0000:08: resource 3 io:  [0x00-0xffff]
[    0.119770] pci_bus 0000:08: resource 4 mem: [0x000000-0xffffffffffffffff]
[    0.119814] NET: Registered protocol family 2
[    0.120013] IP route cache hash table entries: 65536 (order: 7, 524288 bytes)
[    0.121193] TCP established hash table entries: 262144 (order: 10, 4194304 bytes)
[    0.124087] TCP bind hash table entries: 65536 (order: 8, 1048576 bytes)
[    0.124819] TCP: Hash tables configured (established 262144 bind 65536)
[    0.124867] TCP reno registered
[    0.125024] NET: Registered protocol family 1
[    0.125083] pci 0000:00:00.0: MSI quirk detected; MSI disabled
[    0.125133] pci 0000:00:01.0: MSI quirk detected; subordinate MSI disabled
[    0.125280] pci 0000:01:05.0: Boot video device
[    0.125346] Unpacking initramfs...
[    0.478277] Freeing initrd memory: 12163k freed
[    0.488148] audit: initializing netlink socket (disabled)
[    0.488211] type=2000 audit(1386251349.486:1): initialized
[    0.492089] HugeTLB registered 2 MB page size, pre-allocated 0 pages
[    0.493843] VFS: Disk quotas dquot_6.5.2
[    0.493957] Dquot-cache hash table entries: 512 (order 0, 4096 bytes)
[    0.494104] msgmni has been set to 3765
[    0.494381] alg: No test for stdrng (krng)
[    0.494494] Block layer SCSI generic (bsg) driver version 0.4 loaded (major 253)
[    0.494547] io scheduler noop registered
[    0.494592] io scheduler anticipatory registered
[    0.494638] io scheduler deadline registered
[    0.494755] io scheduler cfq registered (default)
[    0.496926] Linux agpgart interface v0.103
[    0.497028] Serial: 8250/16550 driver, 4 ports, IRQ sharing enabled
[    0.497508] input: Macintosh mouse button emulation as /devices/virtual/input/input0
[    0.497626] PNP: PS/2 Controller [PNP0303:KBC0,PNP0f13:MSE0] at 0x60,0x64 irq 1,12
[    0.499666] serio: i8042 KBD port at 0x60,0x64 irq 1
[    0.499717] serio: i8042 AUX port at 0x60,0x64 irq 12
[    0.499919] mice: PS/2 mouse device common for all mice
[    0.500023] rtc_cmos 00:04: RTC can wake from S4
[    0.500116] rtc_cmos 00:04: rtc core: registered rtc_cmos as rtc0
[    0.500191] rtc0: alarms up to one month, 114 bytes nvram, hpet irqs
[    0.500248] cpuidle: using governor ladder
[    0.500294] cpuidle: using governor menu
[    0.500341] No iBFT detected.
[    0.500793] TCP cubic registered
[    0.500982] NET: Registered protocol family 10
[    0.501945] Mobile IPv6
[    0.501989] NET: Registered protocol family 17
[    0.502139] PM: Resume from disk failed.
[    0.502152] registered taskstats version 1
[    0.502613] rtc_cmos 00:04: setting system clock to 2013-12-05 13:49:11 UTC (1386251351)
[    0.502724] Initalizing network drop monitor service
[    0.502801] Freeing unused kernel memory: 592k freed
[    0.503234] Write protecting the kernel read-only data: 4240k
[    0.525349] udev[74]: starting version 164
[    0.531656] input: AT Translated Set 2 keyboard as /devices/platform/i8042/serio0/input/input1
[    0.748940] SCSI subsystem initialized
[    0.767329] usbcore: registered new interface driver usbfs
[    0.767520] usbcore: registered new interface driver hub
[    0.767708] usbcore: registered new device driver usb
[    0.769951] ricoh-mmc: Ricoh MMC Controller disabling driver
[    0.770001] ricoh-mmc: Copyright(c) Philip Langdale
[    0.791081] ricoh-mmc: Ricoh MMC controller found at 0000:08:01.1 [1180:0843] (rev 1)
[    0.791146] ricoh-mmc: Main Ricoh function not found. Cannot disable controller.
[    0.799615] ehci_hcd: USB 2.0 'Enhanced' Host Controller (EHCI) Driver
[    0.799737]   alloc irq_desc for 19 on node 0
[    0.799740]   alloc kstat_irqs on node 0
[    0.799750] ehci_hcd 0000:00:13.5: PCI INT D -> GSI 19 (level, low) -> IRQ 19
[    0.799819] ehci_hcd 0000:00:13.5: EHCI Host Controller
[    0.799893] ehci_hcd 0000:00:13.5: new USB bus registered, assigned bus number 1
[    0.799975] ehci_hcd 0000:00:13.5: applying AMD SB600/SB700 USB freeze workaround
[    0.800041] ehci_hcd 0000:00:13.5: debug port 1
[    0.800116] ehci_hcd 0000:00:13.5: irq 19, io mem 0xc0004400
[    0.800198] libata version 3.00 loaded.
[    0.812349] ehci_hcd 0000:00:13.5: USB 2.0 started, EHCI 1.00
[    0.812429] usb usb1: New USB device found, idVendor=1d6b, idProduct=0002
[    0.812476] usb usb1: New USB device strings: Mfr=3, Product=2, SerialNumber=1
[    0.812529] usb usb1: Product: EHCI Host Controller
[    0.812574] usb usb1: Manufacturer: Linux 2.6.32-5-amd64 ehci_hcd
[    0.812621] usb usb1: SerialNumber: 0000:00:13.5
[    0.812872] usb usb1: configuration #1 chosen from 1 choice
[    0.812990] hub 1-0:1.0: USB hub found
[    0.813044] hub 1-0:1.0: 10 ports detected
[    0.813763]   alloc irq_desc for 16 on node 0
[    0.813766]   alloc kstat_irqs on node 0
[    0.813776] pata_atiixp 0000:00:14.1: PCI INT A -> GSI 16 (level, low) -> IRQ 16
[    0.814539] pata_atiixp 0000:00:14.1: setting latency timer to 64
[    0.814629] scsi0 : pata_atiixp
[    0.814852] scsi1 : pata_atiixp
[    0.815826] thermal LNXTHERM:01: registered as thermal_zone0
[    0.815881] ACPI: Thermal Zone [THRM] (52 C)
[    0.816129] ata1: PATA max UDMA/100 cmd 0x1f0 ctl 0x3f6 bmdma 0x8420 irq 14
[    0.816179] ata2: PATA max UDMA/100 cmd 0x170 ctl 0x376 bmdma 0x8428 irq 15
[    0.829055] ahci 0000:00:12.0: version 3.0
[    0.829078]   alloc irq_desc for 22 on node 0
[    0.829080]   alloc kstat_irqs on node 0
[    0.829090] ahci 0000:00:12.0: PCI INT A -> GSI 22 (level, low) -> IRQ 22
[    0.829179] ahci 0000:00:12.0: controller can't do 64bit DMA, forcing 32bit
[    0.829323] ahci 0000:00:12.0: AHCI 0001.0100 32 slots 4 ports 3 Gbps 0xf impl SATA mode
[    0.829378] ahci 0000:00:12.0: flags: ncq sntf ilck led clo pmp pio ccc 
[    0.831596] scsi2 : ahci
[    0.833304] scsi3 : ahci
[    0.834413] scsi4 : ahci
[    0.834676]   alloc irq_desc for 18 on node 0
[    0.834679]   alloc kstat_irqs on node 0
[    0.834689] b43-pci-bridge 0000:05:00.0: PCI INT A -> GSI 18 (level, low) -> IRQ 18
[    0.834750] b43-pci-bridge 0000:05:00.0: setting latency timer to 64
[    0.836118] scsi5 : ahci
[    0.836338] ata3: SATA max UDMA/133 abar m1024@0xc0004000 port 0xc0004100 irq 22
[    0.838059] ata4: SATA max UDMA/133 abar m1024@0xc0004000 port 0xc0004180 irq 22
[    0.838113] ata5: SATA max UDMA/133 abar m1024@0xc0004000 port 0xc0004200 irq 22
[    0.838167] ata6: SATA max UDMA/133 abar m1024@0xc0004000 port 0xc0004280 irq 22
[    0.865055] ohci_hcd: USB 1.1 'Open' Host Controller (OHCI) Driver
[    0.865171] ohci_hcd 0000:00:13.0: PCI INT A -> GSI 16 (level, low) -> IRQ 16
[    0.865241] ohci_hcd 0000:00:13.0: OHCI Host Controller
[    0.865301] ohci_hcd 0000:00:13.0: new USB bus registered, assigned bus number 2
[    0.865387] ohci_hcd 0000:00:13.0: irq 16, io mem 0xc0005000
[    0.894583] ssb: Sonics Silicon Backplane found on PCI device 0000:05:00.0
[    0.921443] usb usb2: New USB device found, idVendor=1d6b, idProduct=0001
[    0.921495] usb usb2: New USB device strings: Mfr=3, Product=2, SerialNumber=1
[    0.921547] usb usb2: Product: OHCI Host Controller
[    0.921592] usb usb2: Manufacturer: Linux 2.6.32-5-amd64 ohci_hcd
[    0.921639] usb usb2: SerialNumber: 0000:00:13.0
[    0.921900] usb usb2: configuration #1 chosen from 1 choice
[    0.922017] hub 2-0:1.0: USB hub found
[    0.922074] hub 2-0:1.0: 2 ports detected
[    0.922233]   alloc irq_desc for 21 on node 0
[    0.922236]   alloc kstat_irqs on node 0
[    0.922245] b44 0000:08:00.0: PCI INT A -> GSI 21 (level, low) -> IRQ 21
[    0.922320]   alloc irq_desc for 17 on node 0
[    0.922322]   alloc kstat_irqs on node 0
[    0.922327] ohci_hcd 0000:00:13.1: PCI INT B -> GSI 17 (level, low) -> IRQ 17
[    0.922412] ohci_hcd 0000:00:13.1: OHCI Host Controller
[    0.922466] ohci_hcd 0000:00:13.1: new USB bus registered, assigned bus number 3
[    0.922553] ohci_hcd 0000:00:13.1: irq 17, io mem 0xc0006000
[    0.978403] usb usb3: New USB device found, idVendor=1d6b, idProduct=0001
[    0.978451] usb usb3: New USB device strings: Mfr=3, Product=2, SerialNumber=1
[    0.978504] usb usb3: Product: OHCI Host Controller
[    0.978549] usb usb3: Manufacturer: Linux 2.6.32-5-amd64 ohci_hcd
[    0.978596] usb usb3: SerialNumber: 0000:00:13.1
[    0.978731] usb usb3: configuration #1 chosen from 1 choice
[    0.978813] hub 3-0:1.0: USB hub found
[    0.978869] hub 3-0:1.0: 2 ports detected
[    0.979598] ata1.00: ATAPI: TEAC DVD-ROM DV28EV, D.AD, max UDMA/33
[    0.979891] ssb: Sonics Silicon Backplane found on PCI device 0000:08:00.0
[    0.979991] b44.c:v2.0
[    0.980238] ohci_hcd 0000:00:13.2: PCI INT C -> GSI 18 (level, low) -> IRQ 18
[    0.980308] ohci_hcd 0000:00:13.2: OHCI Host Controller
[    0.980366] ohci_hcd 0000:00:13.2: new USB bus registered, assigned bus number 4
[    0.980452] ohci_hcd 0000:00:13.2: irq 18, io mem 0xc0007000
[    0.994830] ata1.00: configured for UDMA/33
[    0.999340] eth0: Broadcom 44xx/47xx 10/100BaseT Ethernet 00:19:b9:7e:e0:a8
[    1.010436] scsi 0:0:0:0: CD-ROM            TEAC     DVD-ROM DV28EV   D.AD PQ: 0 ANSI: 5
[    1.036054] usb usb4: New USB device found, idVendor=1d6b, idProduct=0001
[    1.036102] usb usb4: New USB device strings: Mfr=3, Product=2, SerialNumber=1
[    1.036154] usb usb4: Product: OHCI Host Controller
[    1.036200] usb usb4: Manufacturer: Linux 2.6.32-5-amd64 ohci_hcd
[    1.036246] usb usb4: SerialNumber: 0000:00:13.2
[    1.036400] usb usb4: configuration #1 chosen from 1 choice
[    1.036515] hub 4-0:1.0: USB hub found
[    1.036570] hub 4-0:1.0: 2 ports detected
[    1.036736] ohci_hcd 0000:00:13.3: PCI INT B -> GSI 17 (level, low) -> IRQ 17
[    1.036812] ohci_hcd 0000:00:13.3: OHCI Host Controller
[    1.036873] ohci_hcd 0000:00:13.3: new USB bus registered, assigned bus number 5
[    1.036948] ohci_hcd 0000:00:13.3: irq 17, io mem 0xc0008000
[    1.092050] usb usb5: New USB device found, idVendor=1d6b, idProduct=0001
[    1.092099] usb usb5: New USB device strings: Mfr=3, Product=2, SerialNumber=1
[    1.092151] usb usb5: Product: OHCI Host Controller
[    1.092196] usb usb5: Manufacturer: Linux 2.6.32-5-amd64 ohci_hcd
[    1.092242] usb usb5: SerialNumber: 0000:00:13.3
[    1.092435] usb usb5: configuration #1 chosen from 1 choice
[    1.092545] hub 5-0:1.0: USB hub found
[    1.092601] hub 5-0:1.0: 2 ports detected
[    1.092754] ohci_hcd 0000:00:13.4: PCI INT C -> GSI 18 (level, low) -> IRQ 18
[    1.092825] ohci_hcd 0000:00:13.4: OHCI Host Controller
[    1.092878] ohci_hcd 0000:00:13.4: new USB bus registered, assigned bus number 6
[    1.092949] ohci_hcd 0000:00:13.4: irq 18, io mem 0xc0009000
[    1.148058] usb usb6: New USB device found, idVendor=1d6b, idProduct=0001
[    1.148108] usb usb6: New USB device strings: Mfr=3, Product=2, SerialNumber=1
[    1.148160] usb usb6: Product: OHCI Host Controller
[    1.148206] usb usb6: Manufacturer: Linux 2.6.32-5-amd64 ohci_hcd
[    1.148252] usb usb6: SerialNumber: 0000:00:13.4
[    1.148433] usb usb6: configuration #1 chosen from 1 choice
[    1.148541] hub 6-0:1.0: USB hub found
[    1.148597] hub 6-0:1.0: 2 ports detected
[    1.160057] ata5: SATA link down (SStatus 0 SControl 300)
[    1.160140] ata6: SATA link down (SStatus 0 SControl 300)
[    1.160215] ata4: SATA link down (SStatus 0 SControl 300)
[    1.324015] ata3: softreset failed (device not ready)
[    1.324066] ata3: applying SB600 PMP SRST workaround and retrying
[    1.488024] ata3: SATA link up 1.5 Gbps (SStatus 113 SControl 300)
[    1.488738] ata3.00: ATA-8: FUJITSU MHW2080BH, 0085001C, max UDMA/100
[    1.488786] ata3.00: 156301488 sectors, multi 16: LBA48 NCQ (depth 31/32), AA
[    1.488851] ata3.00: SB600 AHCI: limiting to 255 sectors per cmd
[    1.489653] ata3.00: SB600 AHCI: limiting to 255 sectors per cmd
[    1.489700] ata3.00: configured for UDMA/100
[    1.489863] scsi 2:0:0:0: Direct-Access     ATA      FUJITSU MHW2080B 0085 PQ: 0 ANSI: 5
[    1.496920] sdhci: Secure Digital Host Controller Interface driver
[    1.496973] sdhci: Copyright(c) Pierre Ossman
[    1.512712] sdhci-pci 0000:08:01.0: SDHCI controller found [1180:0822] (rev 19)
[    1.512790]   alloc irq_desc for 20 on node 0
[    1.512794]   alloc kstat_irqs on node 0
[    1.512804] sdhci-pci 0000:08:01.0: PCI INT B -> GSI 20 (level, low) -> IRQ 20
[    1.521948] Registered led device: mmc0::
[    1.523172] mmc0: SDHCI controller on PCI [0000:08:01.0] using PIO
[    1.527567] sd 2:0:0:0: [sda] 156301488 512-byte logical blocks: (80.0 GB/74.5 GiB)
[    1.527683] sd 2:0:0:0: [sda] Write Protect is off
[    1.527729] sd 2:0:0:0: [sda] Mode Sense: 00 3a 00 00
[    1.527754] sd 2:0:0:0: [sda] Write cache: enabled, read cache: enabled, doesn't support DPO or FUA
[    1.527959]  sda:sr0: scsi3-mmc drive: 24x/24x cd/rw xa/form2 cdda tray
[    1.545927] Uniform CD-ROM driver Revision: 3.20
[    1.546287] sr 0:0:0:0: Attached scsi CD-ROM sr0
[    1.555047]  sda1 sda2
[    1.578743] sd 2:0:0:0: [sda] Attached SCSI disk
[    1.590652] sr 0:0:0:0: Attached scsi generic sg0 type 5
[    1.591083] sd 2:0:0:0: Attached scsi generic sg1 type 0
[    1.901155] Uniform Multi-Platform E-IDE driver
[    1.902007] ide_generic: please use "probe_mask=0x3f" module parameter for probing all legacy ISA IDE ports
[    2.278558] ADDRCONF(NETDEV_UP): eth0: link is not ready
[    5.816186] b44: eth0: Link is up at 100 Mbps, full duplex.
[    5.816238] b44: eth0: Flow control is off for TX and off for RX.
[    5.816797] ADDRCONF(NETDEV_CHANGE): eth0: link becomes ready
[    6.712814] RPC: Registered udp transport module.
[    6.712864] RPC: Registered tcp transport module.
[    6.712910] RPC: Registered tcp NFSv4.1 backchannel transport module.
[    6.724330] Slow work thread pool: Starting up
[    6.724430] Slow work thread pool: Ready
[    6.724542] FS-Cache: Loaded
[    6.745018] FS-Cache: Netfs 'nfs' registered for caching
[    6.766675] aufs: module is from the staging directory, the quality is unknown, you have been warned.
[    6.772578] aufs 2-standalone.tree-32-20100125
[    8.738089] udev[767]: starting version 164
[    9.074934] pci_hotplug: PCI Hot Plug PCI Core version: 0.5
[    9.178810] input: PC Speaker as /devices/platform/pcspkr/input/input2
[    9.187708] dcdbas dcdbas: Dell Systems Management Base Driver (version 5.6.0-3.2)
[    9.259227] k8temp 0000:00:18.3: Temperature readouts might be wrong - check erratum #141
[    9.288734] input: Power Button as /devices/LNXSYSTM:00/LNXSYBUS:00/PNP0C0C:00/input/input3
[    9.290511] ACPI: Power Button [PWRB]
[    9.331138] Marking TSC unstable due to TSC halts in idle
[    9.332280] processor LNXCPU:00: registered as cooling_device0
[    9.333012] input: Sleep Button as /devices/LNXSYSTM:00/LNXSYBUS:00/PNP0C0E:00/input/input4
[    9.333201] ACPI: Sleep Button [SLPB]
[    9.333377] input: Lid Switch as /devices/LNXSYSTM:00/LNXSYBUS:00/PNP0C0D:00/input/input5
[    9.333825] shpchp: Standard Hot Plug PCI Controller Driver version: 0.4
[    9.338106] ACPI: Lid Switch [LID]
[    9.338414] input: Power Button as /devices/LNXSYSTM:00/LNXPWRBN:00/input/input6
[    9.338610] ACPI: Power Button [PWRF]
[    9.352875] ACPI: AC Adapter [ACAD] (on-line)
[    9.353395] ACPI: WMI: Mapper loaded
[    9.355203] Switching to clocksource hpet
[    9.443167] EDAC MC: Ver: 2.1.0 Sep 23 2013
[    9.455531] piix4_smbus 0000:00:14.0: SMBus Host Controller at 0x8410, revision 0
[    9.592395] cfg80211: Using static regulatory domain info
[    9.592446] cfg80211: Regulatory domain: US
[    9.592490] 	(start_freq - end_freq @ bandwidth), (max_antenna_gain, max_eirp)
[    9.592543] 	(2402000 KHz - 2472000 KHz @ 40000 KHz), (600 mBi, 2700 mBm)
[    9.592590] 	(5170000 KHz - 5190000 KHz @ 40000 KHz), (600 mBi, 2300 mBm)
[    9.592637] 	(5190000 KHz - 5210000 KHz @ 40000 KHz), (600 mBi, 2300 mBm)
[    9.592685] 	(5210000 KHz - 5230000 KHz @ 40000 KHz), (600 mBi, 2300 mBm)
[    9.592732] 	(5230000 KHz - 5330000 KHz @ 40000 KHz), (600 mBi, 2300 mBm)
[    9.592780] 	(5735000 KHz - 5835000 KHz @ 40000 KHz), (600 mBi, 3000 mBm)
[    9.856162] ACPI Warning for \_SB_.BAT1._BST: Return Package type mismatch at index 2 - found [NULL Object Descriptor], expected Integer (20090903/nspredef-1012)
[    9.856529] cfg80211: Calling CRDA for country: US
[   10.072864] Synaptics Touchpad, model: 1, fw: 6.3, id: 0x180b1, caps: 0xa04713/0x200000/0x0
[   10.108946] input: SynPS/2 Synaptics TouchPad as /devices/platform/i8042/serio1/input/input7
[   10.264170] ACPI: Battery Slot [BAT1] (battery present)
[   10.299275] EDAC amd64_edac:  Ver: 3.2.0 Sep 23 2013
[   10.305862] [Firmware Bug]: ACPI: ACPI brightness control misses _BQC function
[   10.307850] EDAC amd64: This node reports that Memory ECC is currently disabled, set F3x44[22] (0000:00:18.3).
[   10.307934] EDAC amd64: ECC disabled in the BIOS or no ECC capability, module will not load.
[   10.307936]  Either enable ECC checking or force module loading by setting 'ecc_enable_override'.
[   10.307938]  (Note that use of the override may cause unknown side effects.)
[   10.308198] amd64_edac: probe of 0000:00:18.2 failed with error -22
[   10.328332] acpi device:1c: registered as cooling_device1
[   10.328958] input: Video Bus as /devices/LNXSYSTM:00/LNXSYBUS:00/PNP0A08:00/device:1a/LNXVIDEO:00/input/input8
[   10.329157] ACPI: Video Device [VGA] (multi-head: yes  rom: no  post: no)
[   10.404150] Error: Driver 'pcspkr' is already registered, aborting...
[   10.404776] [drm] Initialized drm 1.1.0 20060810
[   10.473328] b43-phy0: Broadcom 4311 WLAN found (core revision 10)
[   10.473852] HDA Intel 0000:00:14.2: PCI INT A -> GSI 16 (level, low) -> IRQ 16
[   10.593822] [drm] radeon kernel modesetting enabled.
[   10.593982] radeon 0000:01:05.0: power state changed by ACPI to D0
[   10.594037] radeon 0000:01:05.0: power state changed by ACPI to D0
[   10.594090] radeon 0000:01:05.0: PCI INT A -> GSI 17 (level, low) -> IRQ 17
[   10.601927] [drm] radeon: Initializing kernel modesetting.
[   10.602254] [drm] register mmio base: 0xC0100000
[   10.602302] [drm] register mmio size: 65536
[   10.602790] [drm] GPU reset succeed (RBBM_STATUS=0x00000140)
[   10.602878] [drm:rs400_gart_adjust_size] *ERROR* Forcing to 32M GART size (because of ASIC bug ?)
[   10.602934] [drm] Generation 2 PCI interface, using max accessible memory
[   10.602997] [drm] radeon: VRAM 128M
[   10.603042] [drm] radeon: VRAM from 0x78000000 to 0x7FFFFFFF
[   10.603106] [drm] radeon: GTT 32M
[   10.603163] [drm] radeon: GTT from 0x80000000 to 0x81FFFFFF
[   10.603243] [drm] radeon: irq initialized.
[   10.603469] [drm] Detected VRAM RAM=128M, BAR=128M
[   10.603522] [drm] RAM width 128bits DDR
[   10.603695] [TTM] Zone  kernel: Available graphics memory: 964284 kiB.
[   10.603764] [drm] radeon: 128M of VRAM memory ready
[   10.603830] [drm] radeon: 32M of GTT memory ready.
[   10.603912] [drm] GART: num cpu pages 8192, num gpu pages 8192
[   10.604476] [drm] radeon: 1 quad pipes, 1 z pipes initialized.
[   10.604535] [drm] radeon: cp idle (0x10000C03)
[   10.604651] [drm] Loading R300 Microcode
[   10.605322] platform radeon_cp.0: firmware: requesting radeon/R300_cp.bin
[   10.621345] radeon_cp: Failed to load firmware "radeon/R300_cp.bin"
[   10.621397] [drm:r100_cp_init] *ERROR* Failed to load firmware!
[   10.621444] radeon 0000:01:05.0: failled initializing CP (-2).
[   10.621490] radeon 0000:01:05.0: Disabling GPU acceleration
[   10.621537] [drm] radeon: cp finalized
[   10.621784] [drm] Panel ID String: AUO                     
[   10.621832] [drm] Panel Size 1280x800
[   10.621928] [drm] Radeon Display Connectors
[   10.621974] [drm] Connector 0:
[   10.622017] [drm]   VGA
[   10.622062] [drm]   DDC: 0x68 0x68 0x68 0x68 0x68 0x68 0x68 0x68
[   10.622107] [drm]   Encoders:
[   10.622151] [drm]     CRT1: INTERNAL_DAC2
[   10.622196] [drm] Connector 1:
[   10.622240] [drm]   LVDS
[   10.622285] [drm]   DDC: 0x198 0x198 0x19c 0x19c 0x1a0 0x1a0 0x1a4 0x1a4
[   10.622330] [drm]   Encoders:
[   10.622374] [drm]     LCD1: INTERNAL_LVDS
[   10.648537] input: HDA ATI SB Mic at Ext Right Jack as /devices/pci0000:00/0000:00:14.2/sound/card0/input9
[   10.648716] input: HDA ATI SB HP Out at Ext Right Jack as /devices/pci0000:00/0000:00:14.2/sound/card0/input10
[   10.672860] phy0: Selected rate control algorithm 'minstrel'
[   10.673723] Registered led device: b43-phy0::tx
[   10.673792] Registered led device: b43-phy0::rx
[   10.673857] Registered led device: b43-phy0::radio
[   10.673988] Broadcom 43xx driver loaded [ Features: PMLS, Firmware-ID: FW13 ]
[   10.849589] composite sync not supported
[   10.858178] [drm] fb mappable at 0xC8040000
[   10.858223] [drm] vram apper at 0xC8000000
[   10.858267] [drm] size 4096000
[   10.858311] [drm] fb depth is 24
[   10.858354] [drm]    pitch is 5120
[   10.901006] Console: switching to colour frame buffer device 160x50
[   10.910716] fb0: radeondrmfb frame buffer device
[   10.910787] registered panic notifier
[   10.911010] [drm] Initialized radeon 2.0.0 20080528 for 0000:01:05.0 on minor 0
[   16.268017] eth0: no IPv6 routers present
[   23.922472] ide-gd driver 1.18
[   23.939432] ide-cd driver 5.00
[   23.983506] usbcore: registered new interface driver hiddev
[   23.983655] usbcore: registered new interface driver usbhid
[   23.983781] usbhid: v2.6:USB HID core driver
[   24.030203] Fusion MPT base driver 3.04.12
[   24.030206] Copyright (c) 1999-2008 LSI Corporation
[   24.048108] Fusion MPT SPI Host driver 3.04.12
[   24.090972] device-mapper: uevent: version 1.0.3
[   24.091511] device-mapper: ioctl: 4.15.0-ioctl (2009-04-01) initialised: dm-devel@redhat.com
[   24.145127] padlock: VIA PadLock not detected.
[   32.604244] mdadm: sending ioctl 800c0910 to a partition!
[   32.606407] mdadm: sending ioctl 800c0910 to a partition!
[   32.608733] mdadm: sending ioctl 1261 to a partition!
[   32.610942] mdadm: sending ioctl 1261 to a partition!
[   32.613498] mdadm: sending ioctl 1261 to a partition!
[   32.615694] mdadm: sending ioctl 1261 to a partition!
[   32.618099] mdadm: sending ioctl 1261 to a partition!
[   32.620311] mdadm: sending ioctl 1261 to a partition!
[   32.622709] mdadm: sending ioctl 1261 to a partition!
[   32.624911] mdadm: sending ioctl 1261 to a partition!
[   32.627301] mdadm: sending ioctl 800c0910 to a partition!
[   32.629538] mdadm: sending ioctl 800c0910 to a partition!
[   32.631852] mdadm: sending ioctl 800c0910 to a partition!
[   32.634012] mdadm: sending ioctl 800c0910 to a partition!
[   37.543604] kjournald starting.  Commit interval 5 seconds
[   37.544147] EXT3 FS on sda1, internal journal
[   37.544153] EXT3-fs: mounted filesystem with ordered data mode.
[  409.040031] nfs: server 10.0.0.1 not responding, still trying
[  413.244025] nfs: server 10.0.0.1 not responding, still trying
[  497.948436] nfs: server 10.0.0.1 OK
[  497.952559] nfs: server 10.0.0.1 OK
[  562.212028] nfs: server 10.0.0.1 not responding, still trying
[  566.416027] nfs: server 10.0.0.1 not responding, still trying
[  587.428613] nfs: server 10.0.0.1 OK
[  587.433333] nfs: server 10.0.0.1 OK
[  614.076027] nfs: server 10.0.0.1 not responding, still trying
[  622.448478] nfs: server 10.0.0.1 OK
[  686.720040] nfs: server 10.0.0.1 not responding, still trying
[  694.968465] nfs: server 10.0.0.1 OK
[  733.068027] nfs: server 10.0.0.1 not responding, still trying
[  789.720441] nfs: server 10.0.0.1 OK
[  834.152030] nfs: server 10.0.0.1 not responding, still trying
[  845.804441] nfs: server 10.0.0.1 OK
[  873.996023] nfs: server 10.0.0.1 not responding, still trying
[  912.648500] nfs: server 10.0.0.1 OK
[  936.868239] nfs: server 10.0.0.1 not responding, still trying
[  984.520462] nfs: server 10.0.0.1 OK
[  998.732034] nfs: server 10.0.0.1 not responding, still trying
[ 1026.948455] nfs: server 10.0.0.1 OK
[ 1062.256023] nfs: server 10.0.0.1 not responding, still trying
[ 1070.380473] nfs: server 10.0.0.1 OK
[ 1124.632025] nfs: server 10.0.0.1 not responding, still trying
[ 1132.880448] nfs: server 10.0.0.1 OK
[ 1187.132027] nfs: server 10.0.0.1 not responding, still trying
[ 1213.916028] nfs: server 10.0.0.1 not responding, still trying
[ 1237.380459] nfs: server 10.0.0.1 OK
[ 1237.916476] nfs: server 10.0.0.1 OK
[ 1281.616028] nfs: server 10.0.0.1 not responding, still trying
[ 1665.316450] nfs: server 10.0.0.1 OK
[ 1729.576021] nfs: server 10.0.0.1 not responding, still trying
[ 1737.700419] nfs: server 10.0.0.1 OK
[ 1791.948022] nfs: server 10.0.0.1 not responding, still trying
[ 1800.072462] nfs: server 10.0.0.1 OK
[ 1914.380021] nfs: server 10.0.0.1 not responding, still trying
[ 1919.504442] nfs: server 10.0.0.1 OK
[ 1978.760022] nfs: server 10.0.0.1 not responding, still trying
[ 1986.884421] nfs: server 10.0.0.1 OK
[ 2041.136022] nfs: server 10.0.0.1 not responding, still trying
[ 2091.260413] nfs: server 10.0.0.1 OK
[ 2165.528023] nfs: server 10.0.0.1 not responding, still trying
[ 2173.652420] nfs: server 10.0.0.1 OK
[ 2227.904020] nfs: server 10.0.0.1 not responding, still trying
[ 2278.028388] nfs: server 10.0.0.1 OK
[ 2292.240020] nfs: server 10.0.0.1 not responding, still trying
[ 2639.940408] nfs: server 10.0.0.1 OK
[ 2704.200019] nfs: server 10.0.0.1 not responding, still trying
[ 2712.324435] nfs: server 10.0.0.1 OK
[ 2766.576021] nfs: server 10.0.0.1 not responding, still trying
[ 2774.700411] nfs: server 10.0.0.1 OK
[ 2828.948022] nfs: server 10.0.0.1 not responding, still trying
[ 2951.072434] nfs: server 10.0.0.1 OK
[ 3015.332022] nfs: server 10.0.0.1 not responding, still trying
[ 3038.072430] nfs: server 10.0.0.1 OK
[ 3077.308030] nfs: server 10.0.0.1 not responding, still trying
[ 3091.960420] nfs: server 10.0.0.1 OK
[ 3141.208021] nfs: server 10.0.0.1 not responding, still trying
[ 3155.860402] nfs: server 10.0.0.1 OK
[ 3205.108018] nfs: server 10.0.0.1 not responding, still trying
[ 3213.232433] nfs: server 10.0.0.1 OK
[ 3267.484021] nfs: server 10.0.0.1 not responding, still trying
[ 3317.608391] nfs: server 10.0.0.1 OK
[ 3331.820018] nfs: server 10.0.0.1 not responding, still trying
[ 3679.520454] nfs: server 10.0.0.1 OK
[ 3743.780020] nfs: server 10.0.0.1 not responding, still trying
[ 3751.904394] nfs: server 10.0.0.1 OK
[ 3806.156022] nfs: server 10.0.0.1 not responding, still trying
[ 3814.280407] nfs: server 10.0.0.1 OK
[ 3868.528022] nfs: server 10.0.0.1 not responding, still trying
[ 3918.652451] nfs: server 10.0.0.1 OK
[ 3992.924023] nfs: server 10.0.0.1 not responding, still trying
[ 4001.048425] nfs: server 10.0.0.1 OK
[ 4055.300031] nfs: server 10.0.0.1 not responding, still trying
[ 4063.424424] nfs: server 10.0.0.1 OK
[ 4117.676033] nfs: server 10.0.0.1 not responding, still trying
[ 4465.376473] nfs: server 10.0.0.1 OK
[ 4529.636023] nfs: server 10.0.0.1 not responding, still trying
[ 4537.760432] nfs: server 10.0.0.1 OK
[ 4592.012024] nfs: server 10.0.0.1 not responding, still trying
[ 4600.136402] nfs: server 10.0.0.1 OK
[ 4654.388020] nfs: server 10.0.0.1 not responding, still trying
[ 4662.512390] nfs: server 10.0.0.1 OK
[ 4716.760022] nfs: server 10.0.0.1 not responding, still trying
[ 4724.884431] nfs: server 10.0.0.1 OK
[ 4779.136022] nfs: server 10.0.0.1 not responding, still trying
[ 4787.260423] nfs: server 10.0.0.1 OK
[ 4841.512031] nfs: server 10.0.0.1 not responding, still trying
[ 4849.636402] nfs: server 10.0.0.1 OK
[ 4903.888019] nfs: server 10.0.0.1 not responding, still trying
[ 4912.012410] nfs: server 10.0.0.1 OK
[ 4966.264022] nfs: server 10.0.0.1 not responding, still trying
[ 4974.388420] nfs: server 10.0.0.1 OK
[ 5028.640023] nfs: server 10.0.0.1 not responding, still trying
[ 5036.764423] nfs: server 10.0.0.1 OK
[ 5091.016021] nfs: server 10.0.0.1 not responding, still trying
[ 5099.140422] nfs: server 10.0.0.1 OK
[ 5153.392019] nfs: server 10.0.0.1 not responding, still trying
[ 5161.516403] nfs: server 10.0.0.1 OK
[ 5215.768021] nfs: server 10.0.0.1 not responding, still trying
[ 5599.468444] nfs: server 10.0.0.1 OK
[ 5663.728022] nfs: server 10.0.0.1 not responding, still trying
[ 5671.852441] nfs: server 10.0.0.1 OK
[ 5726.104033] nfs: server 10.0.0.1 not responding, still trying
[ 5734.228402] nfs: server 10.0.0.1 OK
[ 5788.480028] nfs: server 10.0.0.1 not responding, still trying
[ 5796.604457] nfs: server 10.0.0.1 OK
[ 5850.856021] nfs: server 10.0.0.1 not responding, still trying
[ 5858.980450] nfs: server 10.0.0.1 OK
[ 5913.232021] nfs: server 10.0.0.1 not responding, still trying
[ 5921.356459] nfs: server 10.0.0.1 OK
[ 5975.608021] nfs: server 10.0.0.1 not responding, still trying
[ 5983.732443] nfs: server 10.0.0.1 OK
[ 6037.984020] nfs: server 10.0.0.1 not responding, still trying
[ 6046.108439] nfs: server 10.0.0.1 OK
[ 6100.360022] nfs: server 10.0.0.1 not responding, still trying
[ 6150.484425] nfs: server 10.0.0.1 OK
[ 6224.756022] nfs: server 10.0.0.1 not responding, still trying
[ 6232.880457] nfs: server 10.0.0.1 OK
[ 6287.128022] nfs: server 10.0.0.1 not responding, still trying
[ 6295.252442] nfs: server 10.0.0.1 OK
[ 6349.504026] nfs: server 10.0.0.1 not responding, still trying
[ 6357.628414] nfs: server 10.0.0.1 OK
[ 6411.880020] nfs: server 10.0.0.1 not responding, still trying
[ 6420.004458] nfs: server 10.0.0.1 OK
[ 6474.256019] nfs: server 10.0.0.1 not responding, still trying
[ 6482.380438] nfs: server 10.0.0.1 OK
[ 6536.632021] nfs: server 10.0.0.1 not responding, still trying
[ 6544.756415] nfs: server 10.0.0.1 OK
[ 6599.008021] nfs: server 10.0.0.1 not responding, still trying
[ 6607.132438] nfs: server 10.0.0.1 OK
[ 6655.588021] nfs: server 10.0.0.1 not responding, still trying
[ 6663.712497] nfs: server 10.0.0.1 OK
