[    0.000000] Initializing cgroup subsys cpuset
[    0.000000] Initializing cgroup subsys cpu
[    0.000000] Linux version 2.6.32-5-amd64 (Debian 2.6.32-41) (ben@decadent.org.uk) (gcc version 4.3.5 (Debian 4.3.5-4) ) #1 SMP Mon Jan 16 16:22:28 UTC 2012
[    0.000000] Command line: initrd=initrd.img-2.6.32-5-amd64 ip=dhcp  root=/dev/nfs nfsroot=/srv/fai/nfsroot boot=live  FAI_FLAGS=verbose,sshd,reboot FAI_ACTION=install BOOT_IMAGE=vmlinuz-2.6.32-5-amd64 
[    0.000000] KERNEL supported cpus:
[    0.000000]   Intel GenuineIntel
[    0.000000]   AMD AuthenticAMD
[    0.000000]   Centaur CentaurHauls
[    0.000000] BIOS-provided physical RAM map:
[    0.000000]  BIOS-e820: 0000000000000000 - 000000000009d800 (usable)
[    0.000000]  BIOS-e820: 000000000009d800 - 00000000000a0000 (reserved)
[    0.000000]  BIOS-e820: 00000000000ce000 - 0000000000100000 (reserved)
[    0.000000]  BIOS-e820: 0000000000100000 - 0000000077e70000 (usable)
[    0.000000]  BIOS-e820: 0000000077e70000 - 0000000077e80000 (ACPI data)
[    0.000000]  BIOS-e820: 0000000077e80000 - 0000000077f00000 (ACPI NVS)
[    0.000000]  BIOS-e820: 0000000077f00000 - 0000000080000000 (reserved)
[    0.000000]  BIOS-e820: 00000000e0000000 - 00000000f0000000 (reserved)
[    0.000000]  BIOS-e820: 00000000fec00000 - 00000000fec10000 (reserved)
[    0.000000]  BIOS-e820: 00000000fee00000 - 00000000fee01000 (reserved)
[    0.000000]  BIOS-e820: 00000000fff80000 - 0000000100000000 (reserved)
[    0.000000] DMI present.
[    0.000000] last_pfn = 0x77e70 max_arch_pfn = 0x400000000
[    0.000000] MTRR default type: uncachable
[    0.000000] MTRR fixed ranges enabled:
[    0.000000]   00000-9FFFF write-back
[    0.000000]   A0000-BFFFF uncachable
[    0.000000]   C0000-CFFFF write-protect
[    0.000000]   D0000-E3FFF uncachable
[    0.000000]   E4000-FFFFF write-protect
[    0.000000] MTRR variable ranges enabled:
[    0.000000]   0 base 0000000000 mask FF80000000 write-back
[    0.000000]   1 base 0078000000 mask FFF8000000 uncachable
[    0.000000]   2 disabled
[    0.000000]   3 disabled
[    0.000000]   4 disabled
[    0.000000]   5 disabled
[    0.000000]   6 disabled
[    0.000000]   7 disabled
[    0.000000] x86 PAT enabled: cpu 0, old 0x7040600070406, new 0x7010600070106
[    0.000000] initial memory mapped : 0 - 20000000
[    0.000000] init_memory_mapping: 0000000000000000-0000000077e70000
[    0.000000]  0000000000 - 0077e00000 page 2M
[    0.000000]  0077e00000 - 0077e70000 page 4k
[    0.000000] kernel direct mapping tables up to 77e70000 @ 8000-c000
[    0.000000] RAMDISK: 7726e000 - 77e4ef9a
[    0.000000] ACPI: RSDP 00000000000f8500 00014 (v00 PTLTD )
[    0.000000] ACPI: RSDT 0000000077e79606 00040 (v01 DELL    M08     06040000  LTP 00000000)
[    0.000000] ACPI: FACP 0000000077e7fc36 00074 (v01 ATI    Bowfin   06040000 ATI  000F4240)
[    0.000000] ACPI: DSDT 0000000077e79646 065F0 (v01    ATI    SB600 06040000 MSFT 03000000)
[    0.000000] ACPI: FACS 0000000077e90fc0 00040
[    0.000000] ACPI: TCPA 0000000077e7fcaa 00032 (v02 AMD             06040000 PTEC 00000000)
[    0.000000] ACPI: SSDT 0000000077e7fcdc 000F4 (v01 PTLTD  POWERNOW 06040000  LTP 00000001)
[    0.000000] ACPI: APIC 0000000077e7fdd0 00046 (v01 PTLTD  ? APIC   06040000  LTP 00000000)
[    0.000000] ACPI: MCFG 0000000077e7fe16 0003C (v01 PTLTD    MCFG   06040000  LTP 00000000)
[    0.000000] ACPI: HPET 0000000077e7fe52 00038 (v01 PTLTD  HPETTBL  06040000  LTP 00000001)
[    0.000000] ACPI: SLIC 0000000077e7fe8a 00176 (v01 DELL    M08     06040000  LTP 00000000)
[    0.000000] ACPI: Local APIC address 0xfee00000
[    0.000000] Scanning NUMA topology in Northbridge 24
[    0.000000] No NUMA configuration found
[    0.000000] Faking a node at 0000000000000000-0000000077e70000
[    0.000000] Bootmem setup node 0 0000000000000000-0000000077e70000
[    0.000000]   NODE_DATA [000000000000a000 - 0000000000011fff]
[    0.000000]   bootmap [0000000000012000 -  0000000000020fcf] pages f
[    0.000000] (7 early reservations) ==> bootmem [0000000000 - 0077e70000]
[    0.000000]   #0 [0000000000 - 0000001000]   BIOS data page ==> [0000000000 - 0000001000]
[    0.000000]   #1 [0000006000 - 0000008000]       TRAMPOLINE ==> [0000006000 - 0000008000]
[    0.000000]   #2 [0001000000 - 00016d95c4]    TEXT DATA BSS ==> [0001000000 - 00016d95c4]
[    0.000000]   #3 [007726e000 - 0077e4ef9a]          RAMDISK ==> [007726e000 - 0077e4ef9a]
[    0.000000]   #4 [000009d800 - 0000100000]    BIOS reserved ==> [000009d800 - 0000100000]
[    0.000000]   #5 [00016da000 - 00016da18c]              BRK ==> [00016da000 - 00016da18c]
[    0.000000]   #6 [0000008000 - 000000a000]          PGTABLE ==> [0000008000 - 000000a000]
[    0.000000] found SMP MP-table at [ffff8800000f8530] f8530
[    0.000000]  [ffffea0000000000-ffffea0001bfffff] PMD -> [ffff880001c00000-ffff8800037fffff] on node 0
[    0.000000] Zone PFN ranges:
[    0.000000]   DMA      0x00000000 -> 0x00001000
[    0.000000]   DMA32    0x00001000 -> 0x00100000
[    0.000000]   Normal   0x00100000 -> 0x00100000
[    0.000000] Movable zone start PFN for each node
[    0.000000] early_node_map[2] active PFN ranges
[    0.000000]     0: 0x00000000 -> 0x0000009d
[    0.000000]     0: 0x00000100 -> 0x00077e70
[    0.000000] On node 0 totalpages: 491021
[    0.000000]   DMA zone: 56 pages used for memmap
[    0.000000]   DMA zone: 103 pages reserved
[    0.000000]   DMA zone: 3838 pages, LIFO batch:0
[    0.000000]   DMA32 zone: 6659 pages used for memmap
[    0.000000]   DMA32 zone: 480365 pages, LIFO batch:31
[    0.000000] Detected use of extended apic ids on hypertransport bus
[    0.000000] ACPI: PM-Timer IO Port: 0x8008
[    0.000000] ACPI: Local APIC address 0xfee00000
[    0.000000] ACPI: LAPIC (acpi_id[0x00] lapic_id[0x00] enabled)
[    0.000000] ACPI: LAPIC_NMI (acpi_id[0x00] high edge lint[0x1])
[    0.000000] ACPI: IOAPIC (id[0x01] address[0xfec00000] gsi_base[0])
[    0.000000] IOAPIC[0]: apic_id 1, version 33, address 0xfec00000, GSI 0-23
[    0.000000] ACPI: IRQ9 used by override.
[    0.000000] Using ACPI (MADT) for SMP configuration information
[    0.000000] ACPI: HPET id: 0x43538310 base: 0xfed00000
[    0.000000] SMP: Allowing 1 CPUs, 0 hotplug CPUs
[    0.000000] nr_irqs_gsi: 24
[    0.000000] PM: Registered nosave memory: 000000000009d000 - 000000000009e000
[    0.000000] PM: Registered nosave memory: 000000000009e000 - 00000000000a0000
[    0.000000] PM: Registered nosave memory: 00000000000a0000 - 00000000000ce000
[    0.000000] PM: Registered nosave memory: 00000000000ce000 - 0000000000100000
[    0.000000] Allocating PCI resources starting at 80000000 (gap: 80000000:60000000)
[    0.000000] Booting paravirtualized kernel on bare hardware
[    0.000000] NR_CPUS:512 nr_cpumask_bits:512 nr_cpu_ids:1 nr_node_ids:1
[    0.000000] PERCPU: Embedded 30 pages/cpu @ffff880001800000 s90328 r8192 d24360 u2097152
[    0.000000] pcpu-alloc: s90328 r8192 d24360 u2097152 alloc=1*2097152
[    0.000000] pcpu-alloc: [0] 0 
[    0.000000] Built 1 zonelists in Node order, mobility grouping on.  Total pages: 484203
[    0.000000] Policy zone: DMA32
[    0.000000] Kernel command line: initrd=initrd.img-2.6.32-5-amd64 ip=dhcp  root=/dev/nfs nfsroot=/srv/fai/nfsroot boot=live  FAI_FLAGS=verbose,sshd,reboot FAI_ACTION=install BOOT_IMAGE=vmlinuz-2.6.32-5-amd64 
[    0.000000] PID hash table entries: 4096 (order: 3, 32768 bytes)
[    0.000000] Initializing CPU#0
[    0.000000] Checking aperture...
[    0.000000] No AGP bridge found
[    0.000000] Node 0: aperture @ a512000000 size 32 MB
[    0.000000] Aperture beyond 4GB. Ignoring.
[    0.000000] Memory: 1915780k/1964480k available (3083k kernel code, 396k absent, 48304k reserved, 2048k data, 592k init)
[    0.000000] SLUB: Genslabs=14, HWalign=64, Order=0-3, MinObjects=0, CPUs=1, Nodes=1
[    0.000000] Hierarchical RCU implementation.
[    0.000000] NR_IRQS:4352 nr_irqs:256
[    0.000000] Console: colour VGA+ 80x25
[    0.000000] console [tty0] enabled
[    0.000000] hpet clockevent registered
[    0.000000] Fast TSC calibration using PIT
[    0.000000] Detected 1795.730 MHz processor.
[    0.004005] Calibrating delay loop (skipped), value calculated using timer frequency.. 3591.46 BogoMIPS (lpj=7182920)
[    0.008029] Security Framework initialized
[    0.008079] SELinux:  Disabled at boot.
[    0.008317] Dentry cache hash table entries: 262144 (order: 9, 2097152 bytes)
[    0.009789] Inode-cache hash table entries: 131072 (order: 8, 1048576 bytes)
[    0.010521] Mount-cache hash table entries: 256
[    0.010750] Initializing cgroup subsys ns
[    0.010797] Initializing cgroup subsys cpuacct
[    0.010845] Initializing cgroup subsys devices
[    0.010891] Initializing cgroup subsys freezer
[    0.010937] Initializing cgroup subsys net_cls
[    0.011010] CPU: L1 I Cache: 64K (64 bytes/line), D cache 64K (64 bytes/line)
[    0.011058] CPU: L2 Cache: 512K (64 bytes/line)
[    0.011104] CPU 0/0x0 -> Node 0
[    0.011148] tseg: 0077f00000
[    0.011152] mce: CPU supports 5 MCE banks
[    0.011209] using C1E aware idle routine
[    0.011254] Performance Events: AMD PMU driver.
[    0.011340] ... version:                0
[    0.011385] ... bit width:              48
[    0.011430] ... generic registers:      4
[    0.011474] ... value mask:             0000ffffffffffff
[    0.011520] ... max period:             00007fffffffffff
[    0.011567] ... fixed-purpose events:   0
[    0.011612] ... event mask:             000000000000000f
[    0.011669] SMP alternatives: switching to UP code
[    0.018042] Freeing SMP alternatives: 28k freed
[    0.018116] ACPI: Core revision 20090903
[    0.028078] Setting APIC routing to flat
[    0.028456] ..TIMER: vector=0x30 apic1=0 pin1=0 apic2=-1 pin2=-1
[    0.032001] ..MP-BIOS bug: 8254 timer not connected to IO-APIC
[    0.032001] ...trying to set up timer (IRQ0) through the 8259A ...
[    0.032001] ..... (found apic 0 pin 0) ...
[    0.075307] ....... works.
[    0.075351] CPU0: Mobile AMD Sempron(tm) Processor 3500+ stepping 02
[    0.076001] Brought up 1 CPUs
[    0.076001] Total of 1 processors activated (3591.46 BogoMIPS).
[    0.076001] CPU0 attaching NULL sched-domain.
[    0.076001] devtmpfs: initialized
[    0.076975] regulator: core version 0.5
[    0.077077] NET: Registered protocol family 16
[    0.077244] node 0 link 0: io port [1000, fffff]
[    0.077247] TOM: 0000000080000000 aka 2048M
[    0.077294] node 0 link 0: mmio [d0000000, dfffffff]
[    0.077297] node 0 link 0: mmio [c8000000, cfffffff]
[    0.077301] node 0 link 0: mmio [a0000, bffff]
[    0.077304] node 0 link 0: mmio [f0000000, ffffffff]
[    0.077307] node 0 link 0: mmio [e0000000, efffffff]
[    0.077310] node 0 link 0: mmio [80000000, c7ffffff]
[    0.077314] bus: [00,ff] on node 0 link 0
[    0.077316] bus: 00 index 0 io port: [0, ffff]
[    0.077319] bus: 00 index 1 mmio: [80000000, efffffff]
[    0.077321] bus: 00 index 2 mmio: [a0000, bffff]
[    0.077324] bus: 00 index 3 mmio: [f0000000, fcffffffff]
[    0.077331] ACPI: bus type pci registered
[    0.077448] PCI: MCFG configuration 0: base e0000000 segment 0 buses 0 - 9
[    0.077496] PCI: MCFG area at e0000000 reserved in E820
[    0.077826] PCI: Using MMCONFIG at e0000000 - e09fffff
[    0.077871] PCI: Using configuration type 1 for base access
[    0.078411] bio: create slab <bio-0> at 0
[    0.079016] ACPI: EC: Look up EC in DSDT
[    0.082106] ACPI: BIOS _OSI(Linux) query ignored
[    0.084072] ACPI: Interpreter enabled
[    0.084118] ACPI: (supports S0 S3 S4 S5)
[    0.084324] ACPI: Using IOAPIC for interrupt routing
[    0.091752] [Firmware Bug]: ACPI: ACPI brightness control misses _BQC function
[    0.092212] ACPI: EC: GPE = 0x14, I/O: command/status = 0x66, data = 0x62
[    0.092487] ACPI: No dock devices found.
[    0.097022] ACPI Error: Needed type [Reference], found [Device] ffff880076f23800 (20090903/exresop-104)
[    0.097153] ACPI Exception: AE_AML_OPERAND_TYPE, While resolving operands for [OpcodeName unavailable] (20090903/dswexec-460)
[    0.097282] ACPI Error (psparse-0537): Method parse/execution failed [\_SB_.PCI0._OSC] (Node ffff880076f2aa80), AE_AML_OPERAND_TYPE
[    0.097469] ACPI: PCI Root Bridge [PCI0] (0000:00)
[    0.097640] pci 0000:00:05.0: PME# supported from D0 D3hot D3cold
[    0.097688] pci 0000:00:05.0: PME# disabled
[    0.097767] pci 0000:00:06.0: PME# supported from D0 D3hot D3cold
[    0.097813] pci 0000:00:06.0: PME# disabled
[    0.097923] pci 0000:00:12.0: reg 10 io port: [0x8438-0x843f]
[    0.097932] pci 0000:00:12.0: reg 14 io port: [0x8454-0x8457]
[    0.097940] pci 0000:00:12.0: reg 18 io port: [0x8430-0x8437]
[    0.097948] pci 0000:00:12.0: reg 1c io port: [0x8450-0x8453]
[    0.097957] pci 0000:00:12.0: reg 20 io port: [0x8400-0x840f]
[    0.097966] pci 0000:00:12.0: reg 24 32bit mmio: [0xc0004000-0xc00043ff]
[    0.097987] pci 0000:00:12.0: set SATA to AHCI mode
[    0.098085] pci 0000:00:13.0: reg 10 32bit mmio: [0xc0005000-0xc0005fff]
[    0.098152] pci 0000:00:13.1: reg 10 32bit mmio: [0xc0006000-0xc0006fff]
[    0.098219] pci 0000:00:13.2: reg 10 32bit mmio: [0xc0007000-0xc0007fff]
[    0.098286] pci 0000:00:13.3: reg 10 32bit mmio: [0xc0008000-0xc0008fff]
[    0.098352] pci 0000:00:13.4: reg 10 32bit mmio: [0xc0009000-0xc0009fff]
[    0.098441] pci 0000:00:13.5: reg 10 32bit mmio: [0xc0004400-0xc00044ff]
[    0.098502] pci 0000:00:13.5: supports D1 D2
[    0.098504] pci 0000:00:13.5: PME# supported from D0 D1 D2 D3hot
[    0.098554] pci 0000:00:13.5: PME# disabled
[    0.098650] pci 0000:00:14.0: reg 10 io port: [0x8410-0x841f]
[    0.098659] pci 0000:00:14.0: reg 14 32bit mmio: [0xfed00000-0xfed003ff]
[    0.098746] pci 0000:00:14.1: reg 10 io port: [0x1f0-0x1f7]
[    0.098755] pci 0000:00:14.1: reg 14 io port: [0x3f4-0x3f7]
[    0.098763] pci 0000:00:14.1: reg 18 io port: [0x00-0x07]
[    0.098771] pci 0000:00:14.1: reg 1c io port: [0x00-0x03]
[    0.098779] pci 0000:00:14.1: reg 20 io port: [0x8420-0x842f]
[    0.098868] pci 0000:00:14.2: reg 10 64bit mmio: [0xc0000000-0xc0003fff]
[    0.098924] pci 0000:00:14.2: PME# supported from D0 D3hot D3cold
[    0.098973] pci 0000:00:14.2: PME# disabled
[    0.099233] pci 0000:01:05.0: reg 10 32bit mmio pref: [0xc8000000-0xcfffffff]
[    0.099239] pci 0000:01:05.0: reg 14 io port: [0x9000-0x90ff]
[    0.099243] pci 0000:01:05.0: reg 18 32bit mmio: [0xc0100000-0xc010ffff]
[    0.099253] pci 0000:01:05.0: reg 30 32bit mmio pref: [0x000000-0x01ffff]
[    0.099261] pci 0000:01:05.0: supports D1 D2
[    0.099279] pci 0000:00:01.0: bridge io port: [0x9000-0x9fff]
[    0.099282] pci 0000:00:01.0: bridge 32bit mmio: [0xc0100000-0xc01fffff]
[    0.099287] pci 0000:00:01.0: bridge 64bit mmio pref: [0xc8000000-0xcfffffff]
[    0.099339] pci 0000:00:05.0: bridge io port: [0x00-0xfff]
[    0.099342] pci 0000:00:05.0: bridge 32bit mmio: [0x000000-0x0fffff]
[    0.099390] pci 0000:05:00.0: reg 10 32bit mmio: [0xc0200000-0xc0203fff]
[    0.099456] pci 0000:05:00.0: supports D1 D2
[    0.099486] pci 0000:05:00.0: disabling ASPM on pre-1.1 PCIe device.  You can enable it with 'pcie_aspm=force'
[    0.099614] pci 0000:00:06.0: bridge 32bit mmio: [0xc0200000-0xc02fffff]
[    0.099667] pci 0000:08:00.0: reg 10 32bit mmio: [0xc0300000-0xc0301fff]
[    0.099735] pci 0000:08:00.0: supports D1 D2
[    0.099738] pci 0000:08:00.0: PME# supported from D0 D1 D2 D3hot D3cold
[    0.099788] pci 0000:08:00.0: PME# disabled
[    0.099888] pci 0000:08:01.0: reg 10 32bit mmio: [0xc0302800-0xc03028ff]
[    0.099956] pci 0000:08:01.0: supports D1 D2
[    0.099958] pci 0000:08:01.0: PME# supported from D0 D1 D2 D3hot D3cold
[    0.100007] pci 0000:08:01.0: PME# disabled
[    0.100100] pci 0000:08:01.1: reg 10 32bit mmio: [0xc0302c00-0xc0302cff]
[    0.100168] pci 0000:08:01.1: supports D1 D2
[    0.100171] pci 0000:08:01.1: PME# supported from D0 D1 D2 D3hot D3cold
[    0.100220] pci 0000:08:01.1: PME# disabled
[    0.100342] pci 0000:00:14.4: transparent bridge
[    0.102062] pci 0000:00:14.4: bridge 32bit mmio: [0xc0300000-0xc03fffff]
[    0.102082] ACPI: PCI Interrupt Routing Table [\_SB_.PCI0._PRT]
[    0.102207] ACPI: PCI Interrupt Routing Table [\_SB_.PCI0.PB5_._PRT]
[    0.102284] ACPI: PCI Interrupt Routing Table [\_SB_.PCI0.PB6_._PRT]
[    0.102386] ACPI: PCI Interrupt Routing Table [\_SB_.PCI0.P2P_._PRT]
[    0.102450] ACPI: PCI Interrupt Routing Table [\_SB_.PCI0.AGP_._PRT]
[    0.102580] ACPI Error: Needed type [Reference], found [Device] ffff880076f23800 (20090903/exresop-104)
[    0.102707] ACPI Exception: AE_AML_OPERAND_TYPE, While resolving operands for [OpcodeName unavailable] (20090903/dswexec-460)
[    0.102835] ACPI Error (psparse-0537): Method parse/execution failed [\_SB_.PCI0._OSC] (Node ffff880076f2aa80), AE_AML_OPERAND_TYPE
[    0.107633] ACPI: PCI Interrupt Link [LNKA] (IRQs 10 11) *0, disabled.
[    0.108012] ACPI: PCI Interrupt Link [LNKB] (IRQs 10 11) *0, disabled.
[    0.108384] ACPI: PCI Interrupt Link [LNKC] (IRQs 10 11) *0, disabled.
[    0.108757] ACPI: PCI Interrupt Link [LNKD] (IRQs 10 11) *0, disabled.
[    0.109127] ACPI: PCI Interrupt Link [LNKE] (IRQs 10 11) *0, disabled.
[    0.109498] ACPI: PCI Interrupt Link [LNKF] (IRQs 10 11) *0, disabled.
[    0.109871] ACPI: PCI Interrupt Link [LNKG] (IRQs 10 11) *0, disabled.
[    0.110240] ACPI: PCI Interrupt Link [LNKH] (IRQs 10 11) *0, disabled.
[    0.110610] ACPI: PCI Interrupt Link [LNKU] (IRQs 3 4 5 7) *0, disabled.
[    0.111061] vgaarb: device added: PCI:0000:01:05.0,decodes=io+mem,owns=io+mem,locks=none
[    0.111115] vgaarb: loaded
[    0.111258] PCI: Using ACPI for IRQ routing
[    0.111310] pci 0000:00:05.0: BAR 13: can't allocate resource
[    0.111355] pci 0000:00:05.0: BAR 14: can't allocate resource
[    0.111603] hpet0: at MMIO 0xfed00000, IRQs 2, 8, 0, 0
[    0.111830] hpet0: 4 comparators, 32-bit 14.318180 MHz counter
[    0.113040] Switching to clocksource tsc
[    0.114364] pnp: PnP ACPI init
[    0.114435] ACPI: bus type pnp registered
[    0.116039] pnp 00:09: mem resource (0x0-0xfff) overlaps 0000:01:05.0 BAR 6 (0x0-0x1ffff), disabling
[    0.116780] pnp: PnP ACPI: found 11 devices
[    0.116825] ACPI: ACPI bus type pnp unregistered
[    0.116881] system 00:01: iomem range 0xe0000000-0xefffffff has been reserved
[    0.116930] system 00:01: iomem range 0xfec00000-0xfec00fff could not be reserved
[    0.116983] system 00:01: iomem range 0xfee00000-0xfee00fff has been reserved
[    0.117036] system 00:08: ioport range 0x1080-0x1080 has been reserved
[    0.117084] system 00:08: ioport range 0x220-0x22f has been reserved
[    0.117131] system 00:08: ioport range 0x40b-0x40b has been reserved
[    0.117178] system 00:08: ioport range 0x4d0-0x4d1 has been reserved
[    0.117226] system 00:08: ioport range 0x4d6-0x4d6 has been reserved
[    0.117274] system 00:08: ioport range 0x530-0x537 has been reserved
[    0.117320] system 00:08: ioport range 0xc00-0xc01 has been reserved
[    0.117367] system 00:08: ioport range 0xc14-0xc14 has been reserved
[    0.117414] system 00:08: ioport range 0xc50-0xc52 has been reserved
[    0.117461] system 00:08: ioport range 0xc6c-0xc6c has been reserved
[    0.117508] system 00:08: ioport range 0xc6f-0xc6f has been reserved
[    0.117555] system 00:08: ioport range 0xcd0-0xcd3 has been reserved
[    0.117602] system 00:08: ioport range 0xcd4-0xcd5 has been reserved
[    0.117649] system 00:08: ioport range 0xcd6-0xcd7 has been reserved
[    0.117696] system 00:08: ioport range 0xcd8-0xcdf has been reserved
[    0.117743] system 00:08: ioport range 0x8000-0x805f has been reserved
[    0.117790] system 00:08: ioport range 0xf40-0xf47 has been reserved
[    0.117837] system 00:08: ioport range 0x87f-0x87f has been reserved
[    0.117887] system 00:09: iomem range 0xe0000-0xfffff could not be reserved
[    0.117935] system 00:09: iomem range 0xfff00000-0xffffffff could not be reserved
[    0.118001] system 00:09: iomem range 0xc0004800-0xc0004bff has been reserved
[    0.118049] system 00:09: iomem range 0xfed00000-0xfed003ff has been reserved
[    0.122885] pci 0000:00:01.0: PCI bridge, secondary bus 0000:01
[    0.122932] pci 0000:00:01.0:   IO window: 0x9000-0x9fff
[    0.122979] pci 0000:00:01.0:   MEM window: 0xc0100000-0xc01fffff
[    0.123027] pci 0000:00:01.0:   PREFETCH window: 0x000000c8000000-0x000000cfffffff
[    0.123080] pci 0000:00:05.0: PCI bridge, secondary bus 0000:02
[    0.123127] pci 0000:00:05.0:   IO window: 0x2000-0x2fff
[    0.123174] pci 0000:00:05.0:   MEM window: 0x80000000-0x801fffff
[    0.123221] pci 0000:00:05.0:   PREFETCH window: 0x00000080200000-0x000000803fffff
[    0.123275] pci 0000:00:06.0: PCI bridge, secondary bus 0000:05
[    0.123322] pci 0000:00:06.0:   IO window: 0x3000-0x3fff
[    0.123369] pci 0000:00:06.0:   MEM window: 0xc0200000-0xc02fffff
[    0.123417] pci 0000:00:06.0:   PREFETCH window: 0x00000080400000-0x000000805fffff
[    0.123472] pci 0000:00:14.4: PCI bridge, secondary bus 0000:08
[    0.123518] pci 0000:00:14.4:   IO window: disabled
[    0.123567] pci 0000:00:14.4:   MEM window: 0xc0300000-0xc03fffff
[    0.123615] pci 0000:00:14.4:   PREFETCH window: disabled
[    0.123673] pci 0000:00:05.0: enabling device (0000 -> 0003)
[    0.123721] pci 0000:00:05.0: setting latency timer to 64
[    0.123727] pci 0000:00:06.0: setting latency timer to 64
[    0.123738] pci_bus 0000:00: resource 0 io:  [0x00-0xffff]
[    0.123741] pci_bus 0000:00: resource 1 mem: [0x000000-0xffffffffffffffff]
[    0.123744] pci_bus 0000:01: resource 0 io:  [0x9000-0x9fff]
[    0.123747] pci_bus 0000:01: resource 1 mem: [0xc0100000-0xc01fffff]
[    0.123750] pci_bus 0000:01: resource 2 pref mem [0xc8000000-0xcfffffff]
[    0.123754] pci_bus 0000:02: resource 0 io:  [0x2000-0x2fff]
[    0.123757] pci_bus 0000:02: resource 1 mem: [0x80000000-0x801fffff]
[    0.123760] pci_bus 0000:02: resource 2 pref mem [0x80200000-0x803fffff]
[    0.123763] pci_bus 0000:05: resource 0 io:  [0x3000-0x3fff]
[    0.123766] pci_bus 0000:05: resource 1 mem: [0xc0200000-0xc02fffff]
[    0.123769] pci_bus 0000:05: resource 2 pref mem [0x80400000-0x805fffff]
[    0.123772] pci_bus 0000:08: resource 1 mem: [0xc0300000-0xc03fffff]
[    0.123775] pci_bus 0000:08: resource 3 io:  [0x00-0xffff]
[    0.123778] pci_bus 0000:08: resource 4 mem: [0x000000-0xffffffffffffffff]
[    0.123821] NET: Registered protocol family 2
[    0.124020] IP route cache hash table entries: 65536 (order: 7, 524288 bytes)
[    0.125195] TCP established hash table entries: 262144 (order: 10, 4194304 bytes)
[    0.128088] TCP bind hash table entries: 65536 (order: 8, 1048576 bytes)
[    0.128819] TCP: Hash tables configured (established 262144 bind 65536)
[    0.128867] TCP reno registered
[    0.129021] NET: Registered protocol family 1
[    0.129081] pci 0000:00:00.0: MSI quirk detected; MSI disabled
[    0.129131] pci 0000:00:01.0: MSI quirk detected; subordinate MSI disabled
[    0.129279] pci 0000:01:05.0: Boot video device
[    0.129345] Unpacking initramfs...
[    0.482173] Freeing initrd memory: 12163k freed
[    0.492040] audit: initializing netlink socket (disabled)
[    0.492103] type=2000 audit(1385306638.489:1): initialized
[    0.495981] HugeTLB registered 2 MB page size, pre-allocated 0 pages
[    0.497753] VFS: Disk quotas dquot_6.5.2
[    0.497870] Dquot-cache hash table entries: 512 (order 0, 4096 bytes)
[    0.498038] msgmni has been set to 3765
[    0.498298] alg: No test for stdrng (krng)
[    0.498407] Block layer SCSI generic (bsg) driver version 0.4 loaded (major 253)
[    0.498462] io scheduler noop registered
[    0.498507] io scheduler anticipatory registered
[    0.498551] io scheduler deadline registered
[    0.498669] io scheduler cfq registered (default)
[    0.500841] Linux agpgart interface v0.103
[    0.500942] Serial: 8250/16550 driver, 4 ports, IRQ sharing enabled
[    0.501419] input: Macintosh mouse button emulation as /devices/virtual/input/input0
[    0.501535] PNP: PS/2 Controller [PNP0303:KBC0,PNP0f13:MSE0] at 0x60,0x64 irq 1,12
[    0.504453] serio: i8042 KBD port at 0x60,0x64 irq 1
[    0.504505] serio: i8042 AUX port at 0x60,0x64 irq 12
[    0.504709] mice: PS/2 mouse device common for all mice
[    0.504811] rtc_cmos 00:04: RTC can wake from S4
[    0.504903] rtc_cmos 00:04: rtc core: registered rtc_cmos as rtc0
[    0.504978] rtc0: alarms up to one month, 114 bytes nvram, hpet irqs
[    0.505036] cpuidle: using governor ladder
[    0.505081] cpuidle: using governor menu
[    0.505128] No iBFT detected.
[    0.505577] TCP cubic registered
[    0.505767] NET: Registered protocol family 10
[    0.506754] Mobile IPv6
[    0.506800] NET: Registered protocol family 17
[    0.506952] PM: Resume from disk failed.
[    0.506966] registered taskstats version 1
[    0.507395] rtc_cmos 00:04: setting system clock to 2013-11-24 15:24:00 UTC (1385306640)
[    0.507504] Initalizing network drop monitor service
[    0.507580] Freeing unused kernel memory: 592k freed
[    0.508016] Write protecting the kernel read-only data: 4240k
[    0.533680] udev[74]: starting version 164
[    0.536466] input: AT Translated Set 2 keyboard as /devices/platform/i8042/serio0/input/input1
[    0.754836] SCSI subsystem initialized
[    0.785011] usbcore: registered new interface driver usbfs
[    0.785210] usbcore: registered new interface driver hub
[    0.785399] usbcore: registered new device driver usb
[    0.790039] ricoh-mmc: Ricoh MMC Controller disabling driver
[    0.790088] ricoh-mmc: Copyright(c) Philip Langdale
[    0.792900] ehci_hcd: USB 2.0 'Enhanced' Host Controller (EHCI) Driver
[    0.799923] ricoh-mmc: Ricoh MMC controller found at 0000:08:01.1 [1180:0843] (rev 1)
[    0.799988] ricoh-mmc: Main Ricoh function not found. Cannot disable controller.
[    0.800234]   alloc irq_desc for 19 on node 0
[    0.800237]   alloc kstat_irqs on node 0
[    0.800248] ehci_hcd 0000:00:13.5: PCI INT D -> GSI 19 (level, low) -> IRQ 19
[    0.800325] ehci_hcd 0000:00:13.5: EHCI Host Controller
[    0.800399] ehci_hcd 0000:00:13.5: new USB bus registered, assigned bus number 1
[    0.800480] ehci_hcd 0000:00:13.5: applying AMD SB600/SB700 USB freeze workaround
[    0.800546] ehci_hcd 0000:00:13.5: debug port 1
[    0.800620] ehci_hcd 0000:00:13.5: irq 19, io mem 0xc0004400
[    0.800706] libata version 3.00 loaded.
[    0.816420] ehci_hcd 0000:00:13.5: USB 2.0 started, EHCI 1.00
[    0.816501] usb usb1: New USB device found, idVendor=1d6b, idProduct=0002
[    0.816548] usb usb1: New USB device strings: Mfr=3, Product=2, SerialNumber=1
[    0.816600] usb usb1: Product: EHCI Host Controller
[    0.816645] usb usb1: Manufacturer: Linux 2.6.32-5-amd64 ehci_hcd
[    0.816692] usb usb1: SerialNumber: 0000:00:13.5
[    0.816844] usb usb1: configuration #1 chosen from 1 choice
[    0.816928] hub 1-0:1.0: USB hub found
[    0.816982] hub 1-0:1.0: 10 ports detected
[    0.817625]   alloc irq_desc for 16 on node 0
[    0.817628]   alloc kstat_irqs on node 0
[    0.817638] pata_atiixp 0000:00:14.1: PCI INT A -> GSI 16 (level, low) -> IRQ 16
[    0.817732] pata_atiixp 0000:00:14.1: setting latency timer to 64
[    0.817812] scsi0 : pata_atiixp
[    0.818053] scsi1 : pata_atiixp
[    0.818979] ata1: PATA max UDMA/100 cmd 0x1f0 ctl 0x3f6 bmdma 0x8420 irq 14
[    0.819027] ata2: PATA max UDMA/100 cmd 0x170 ctl 0x376 bmdma 0x8428 irq 15
[    0.830647] thermal LNXTHERM:01: registered as thermal_zone0
[    0.830709] ACPI: Thermal Zone [THRM] (55 C)
[    0.834467] ahci 0000:00:12.0: version 3.0
[    0.834489]   alloc irq_desc for 22 on node 0
[    0.834491]   alloc kstat_irqs on node 0
[    0.834501] ahci 0000:00:12.0: PCI INT A -> GSI 22 (level, low) -> IRQ 22
[    0.834588] ahci 0000:00:12.0: controller can't do 64bit DMA, forcing 32bit
[    0.834728] ahci 0000:00:12.0: AHCI 0001.0100 32 slots 4 ports 3 Gbps 0xf impl SATA mode
[    0.834782] ahci 0000:00:12.0: flags: ncq sntf ilck led clo pmp pio ccc 
[    0.835265] scsi2 : ahci
[    0.838410] ohci_hcd: USB 1.1 'Open' Host Controller (OHCI) Driver
[    0.838665] scsi3 : ahci
[    0.838865]   alloc irq_desc for 18 on node 0
[    0.838868]   alloc kstat_irqs on node 0
[    0.838878] b43-pci-bridge 0000:05:00.0: PCI INT A -> GSI 18 (level, low) -> IRQ 18
[    0.838938] b43-pci-bridge 0000:05:00.0: setting latency timer to 64
[    0.838954] scsi4 : ahci
[    0.839114] scsi5 : ahci
[    0.841000] ata3: SATA max UDMA/133 abar m1024@0xc0004000 port 0xc0004100 irq 22
[    0.841054] ata4: SATA max UDMA/133 abar m1024@0xc0004000 port 0xc0004180 irq 22
[    0.841108] ata5: SATA max UDMA/133 abar m1024@0xc0004000 port 0xc0004200 irq 22
[    0.841162] ata6: SATA max UDMA/133 abar m1024@0xc0004000 port 0xc0004280 irq 22
[    0.841501] ohci_hcd 0000:00:13.0: PCI INT A -> GSI 16 (level, low) -> IRQ 16
[    0.841573] ohci_hcd 0000:00:13.0: OHCI Host Controller
[    0.841632] ohci_hcd 0000:00:13.0: new USB bus registered, assigned bus number 2
[    0.841719] ohci_hcd 0000:00:13.0: irq 16, io mem 0xc0005000
[    0.894096] usb usb2: New USB device found, idVendor=1d6b, idProduct=0001
[    0.894146] usb usb2: New USB device strings: Mfr=3, Product=2, SerialNumber=1
[    0.894199] usb usb2: Product: OHCI Host Controller
[    0.894245] usb usb2: Manufacturer: Linux 2.6.32-5-amd64 ohci_hcd
[    0.894290] usb usb2: SerialNumber: 0000:00:13.0
[    0.894433] usb usb2: configuration #1 chosen from 1 choice
[    0.894515] hub 2-0:1.0: USB hub found
[    0.894571] hub 2-0:1.0: 2 ports detected
[    0.894938]   alloc irq_desc for 17 on node 0
[    0.894941]   alloc kstat_irqs on node 0
[    0.894950] ohci_hcd 0000:00:13.1: PCI INT B -> GSI 17 (level, low) -> IRQ 17
[    0.895022] ohci_hcd 0000:00:13.1: OHCI Host Controller
[    0.895078] ohci_hcd 0000:00:13.1: new USB bus registered, assigned bus number 3
[    0.895164] ohci_hcd 0000:00:13.1: irq 17, io mem 0xc0006000
[    0.897954] ssb: Sonics Silicon Backplane found on PCI device 0000:05:00.0
[    0.949952] usb usb3: New USB device found, idVendor=1d6b, idProduct=0001
[    0.950004] usb usb3: New USB device strings: Mfr=3, Product=2, SerialNumber=1
[    0.950057] usb usb3: Product: OHCI Host Controller
[    0.950102] usb usb3: Manufacturer: Linux 2.6.32-5-amd64 ohci_hcd
[    0.950148] usb usb3: SerialNumber: 0000:00:13.1
[    0.950302] usb usb3: configuration #1 chosen from 1 choice
[    0.950384] hub 3-0:1.0: USB hub found
[    0.950440] hub 3-0:1.0: 2 ports detected
[    0.950681] ohci_hcd 0000:00:13.2: PCI INT C -> GSI 18 (level, low) -> IRQ 18
[    0.950758] ohci_hcd 0000:00:13.2: OHCI Host Controller
[    0.950813] ohci_hcd 0000:00:13.2: new USB bus registered, assigned bus number 4
[    0.950902] ohci_hcd 0000:00:13.2: irq 18, io mem 0xc0007000
[    0.982381] ata1.00: ATAPI: TEAC DVD-ROM DV28EV, D.AD, max UDMA/33
[    0.998467] ata1.00: configured for UDMA/33
[    1.005912] usb usb4: New USB device found, idVendor=1d6b, idProduct=0001
[    1.005960] usb usb4: New USB device strings: Mfr=3, Product=2, SerialNumber=1
[    1.006012] usb usb4: Product: OHCI Host Controller
[    1.006057] usb usb4: Manufacturer: Linux 2.6.32-5-amd64 ohci_hcd
[    1.006103] usb usb4: SerialNumber: 0000:00:13.2
[    1.006311] usb usb4: configuration #1 chosen from 1 choice
[    1.006425] hub 4-0:1.0: USB hub found
[    1.006482] hub 4-0:1.0: 2 ports detected
[    1.006641] ohci_hcd 0000:00:13.3: PCI INT B -> GSI 17 (level, low) -> IRQ 17
[    1.006713] ohci_hcd 0000:00:13.3: OHCI Host Controller
[    1.006769] ohci_hcd 0000:00:13.3: new USB bus registered, assigned bus number 5
[    1.006840] ohci_hcd 0000:00:13.3: irq 17, io mem 0xc0008000
[    1.010919] scsi 0:0:0:0: CD-ROM            TEAC     DVD-ROM DV28EV   D.AD PQ: 0 ANSI: 5
[    1.064064] usb usb5: New USB device found, idVendor=1d6b, idProduct=0001
[    1.064113] usb usb5: New USB device strings: Mfr=3, Product=2, SerialNumber=1
[    1.064165] usb usb5: Product: OHCI Host Controller
[    1.064211] usb usb5: Manufacturer: Linux 2.6.32-5-amd64 ohci_hcd
[    1.064257] usb usb5: SerialNumber: 0000:00:13.3
[    1.064419] usb usb5: configuration #1 chosen from 1 choice
[    1.064528] hub 5-0:1.0: USB hub found
[    1.064582] hub 5-0:1.0: 2 ports detected
[    1.064740] ohci_hcd 0000:00:13.4: PCI INT C -> GSI 18 (level, low) -> IRQ 18
[    1.064811] ohci_hcd 0000:00:13.4: OHCI Host Controller
[    1.064868] ohci_hcd 0000:00:13.4: new USB bus registered, assigned bus number 6
[    1.064938] ohci_hcd 0000:00:13.4: irq 18, io mem 0xc0009000
[    1.120051] usb usb6: New USB device found, idVendor=1d6b, idProduct=0001
[    1.120099] usb usb6: New USB device strings: Mfr=3, Product=2, SerialNumber=1
[    1.120152] usb usb6: Product: OHCI Host Controller
[    1.120197] usb usb6: Manufacturer: Linux 2.6.32-5-amd64 ohci_hcd
[    1.120243] usb usb6: SerialNumber: 0000:00:13.4
[    1.120430] usb usb6: configuration #1 chosen from 1 choice
[    1.120541] hub 6-0:1.0: USB hub found
[    1.120595] hub 6-0:1.0: 2 ports detected
[    1.160031] ata6: SATA link down (SStatus 0 SControl 300)
[    1.160114] ata5: SATA link down (SStatus 0 SControl 300)
[    1.160215] ata4: SATA link down (SStatus 0 SControl 300)
[    1.324013] ata3: softreset failed (device not ready)
[    1.324065] ata3: applying SB600 PMP SRST workaround and retrying
[    1.488023] ata3: SATA link up 1.5 Gbps (SStatus 113 SControl 300)
[    1.488691] ata3.00: ATA-8: FUJITSU MHW2080BH, 0085001C, max UDMA/100
[    1.488739] ata3.00: 156301488 sectors, multi 16: LBA48 NCQ (depth 31/32), AA
[    1.488803] ata3.00: SB600 AHCI: limiting to 255 sectors per cmd
[    1.489589] ata3.00: SB600 AHCI: limiting to 255 sectors per cmd
[    1.489636] ata3.00: configured for UDMA/100
[    1.489798] scsi 2:0:0:0: Direct-Access     ATA      FUJITSU MHW2080B 0085 PQ: 0 ANSI: 5
[    1.491929] sdhci: Secure Digital Host Controller Interface driver
[    1.491979] sdhci: Copyright(c) Pierre Ossman
[    1.506467]   alloc irq_desc for 21 on node 0
[    1.506471]   alloc kstat_irqs on node 0
[    1.506483] b44 0000:08:00.0: PCI INT A -> GSI 21 (level, low) -> IRQ 21
[    1.521534] sd 2:0:0:0: [sda] 156301488 512-byte logical blocks: (80.0 GB/74.5 GiB)
[    1.521648] sd 2:0:0:0: [sda] Write Protect is off
[    1.521694] sd 2:0:0:0: [sda] Mode Sense: 00 3a 00 00
[    1.521719] sd 2:0:0:0: [sda] Write cache: enabled, read cache: enabled, doesn't support DPO or FUA
[    1.521918]  sda:sr0: scsi3-mmc drive: 24x/24x cd/rw xa/form2 cdda tray
[    1.539086] Uniform CD-ROM driver Revision: 3.20
[    1.539460] sr 0:0:0:0: Attached scsi CD-ROM sr0
[    1.548082]  sda1 sda2
[    1.562907] sd 2:0:0:0: [sda] Attached SCSI disk
[    1.565376] ssb: Sonics Silicon Backplane found on PCI device 0000:08:00.0
[    1.565471] b44.c:v2.0
[    1.571986] sdhci-pci 0000:08:01.0: SDHCI controller found [1180:0822] (rev 19)
[    1.572112]   alloc irq_desc for 20 on node 0
[    1.572115]   alloc kstat_irqs on node 0
[    1.572124] sdhci-pci 0000:08:01.0: PCI INT B -> GSI 20 (level, low) -> IRQ 20
[    1.575737] Registered led device: mmc0::
[    1.577755] mmc0: SDHCI controller on PCI [0000:08:01.0] using PIO
[    1.580461] sr 0:0:0:0: Attached scsi generic sg0 type 5
[    1.580893] sd 2:0:0:0: Attached scsi generic sg1 type 0
[    1.584914] eth0: Broadcom 44xx/47xx 10/100BaseT Ethernet 00:19:b9:7e:e0:a8
[    1.901409] Uniform Multi-Platform E-IDE driver
[    1.902254] ide_generic: please use "probe_mask=0x3f" module parameter for probing all legacy ISA IDE ports
[    2.278336] ADDRCONF(NETDEV_UP): eth0: link is not ready
[    5.816182] b44: eth0: Link is up at 100 Mbps, full duplex.
[    5.816233] b44: eth0: Flow control is off for TX and off for RX.
[    5.816793] ADDRCONF(NETDEV_CHANGE): eth0: link becomes ready
[    6.712422] RPC: Registered udp transport module.
[    6.712472] RPC: Registered tcp transport module.
[    6.712517] RPC: Registered tcp NFSv4.1 backchannel transport module.
[    6.723893] Slow work thread pool: Starting up
[    6.723995] Slow work thread pool: Ready
[    6.724122] FS-Cache: Loaded
[    6.744506] FS-Cache: Netfs 'nfs' registered for caching
[    6.794244] aufs: module is from the staging directory, the quality is unknown, you have been warned.
[    6.800143] aufs 2-standalone.tree-32-20100125
[    9.723118] udev[762]: starting version 164
[   10.071734] pci_hotplug: PCI Hot Plug PCI Core version: 0.5
[   10.154636] input: PC Speaker as /devices/platform/pcspkr/input/input2
[   10.158725] dcdbas dcdbas: Dell Systems Management Base Driver (version 5.6.0-3.2)
[   10.187957] k8temp 0000:00:18.3: Temperature readouts might be wrong - check erratum #141
[   10.225154] input: Power Button as /devices/LNXSYSTM:00/LNXSYBUS:00/PNP0C0C:00/input/input3
[   10.225300] ACPI: Power Button [PWRB]
[   10.227205] input: Sleep Button as /devices/LNXSYSTM:00/LNXSYBUS:00/PNP0C0E:00/input/input4
[   10.290342] ACPI: Sleep Button [SLPB]
[   10.290635] input: Lid Switch as /devices/LNXSYSTM:00/LNXSYBUS:00/PNP0C0D:00/input/input5
[   10.291575] ACPI: Lid Switch [LID]
[   10.291827] input: Power Button as /devices/LNXSYSTM:00/LNXPWRBN:00/input/input6
[   10.291964] ACPI: Power Button [PWRF]
[   10.293131] shpchp: Standard Hot Plug PCI Controller Driver version: 0.4
[   10.335220] Marking TSC unstable due to TSC halts in idle
[   10.336349] processor LNXCPU:00: registered as cooling_device0
[   10.371325] Switching to clocksource hpet
[   10.418500] EDAC MC: Ver: 2.1.0 Sep 23 2013
[   10.436407] ACPI: AC Adapter [ACAD] (on-line)
[   10.436862] ACPI: WMI: Mapper loaded
[   10.441547] piix4_smbus 0000:00:14.0: SMBus Host Controller at 0x8410, revision 0
[   10.582543] cfg80211: Using static regulatory domain info
[   10.582594] cfg80211: Regulatory domain: US
[   10.582639] 	(start_freq - end_freq @ bandwidth), (max_antenna_gain, max_eirp)
[   10.582691] 	(2402000 KHz - 2472000 KHz @ 40000 KHz), (600 mBi, 2700 mBm)
[   10.582738] 	(5170000 KHz - 5190000 KHz @ 40000 KHz), (600 mBi, 2300 mBm)
[   10.582784] 	(5190000 KHz - 5210000 KHz @ 40000 KHz), (600 mBi, 2300 mBm)
[   10.582831] 	(5210000 KHz - 5230000 KHz @ 40000 KHz), (600 mBi, 2300 mBm)
[   10.582877] 	(5230000 KHz - 5330000 KHz @ 40000 KHz), (600 mBi, 2300 mBm)
[   10.582924] 	(5735000 KHz - 5835000 KHz @ 40000 KHz), (600 mBi, 3000 mBm)
[   10.904158] ACPI Warning for \_SB_.BAT1._BST: Return Package type mismatch at index 2 - found [NULL Object Descriptor], expected Integer (20090903/nspredef-1012)
[   10.904527] cfg80211: Calling CRDA for country: US
[   11.141769] Synaptics Touchpad, model: 1, fw: 6.3, id: 0x180b1, caps: 0xa04713/0x200000/0x0
[   11.177393] input: SynPS/2 Synaptics TouchPad as /devices/platform/i8042/serio1/input/input7
[   11.332161] ACPI: Battery Slot [BAT1] (battery present)
[   11.346140] EDAC amd64_edac:  Ver: 3.2.0 Sep 23 2013
[   11.348074] EDAC amd64: This node reports that Memory ECC is currently disabled, set F3x44[22] (0000:00:18.3).
[   11.348137] EDAC amd64: ECC disabled in the BIOS or no ECC capability, module will not load.
[   11.348139]  Either enable ECC checking or force module loading by setting 'ecc_enable_override'.
[   11.348141]  (Note that use of the override may cause unknown side effects.)
[   11.348313] amd64_edac: probe of 0000:00:18.2 failed with error -22
[   11.355364] [Firmware Bug]: ACPI: ACPI brightness control misses _BQC function
[   11.453090] acpi device:1c: registered as cooling_device1
[   11.453524] input: Video Bus as /devices/LNXSYSTM:00/LNXSYBUS:00/PNP0A08:00/device:1a/LNXVIDEO:00/input/input8
[   11.453665] ACPI: Video Device [VGA] (multi-head: yes  rom: no  post: no)
[   11.456506] [drm] Initialized drm 1.1.0 20060810
[   11.467827] Error: Driver 'pcspkr' is already registered, aborting...
[   11.529607] b43-phy0: Broadcom 4311 WLAN found (core revision 10)
[   11.552485] HDA Intel 0000:00:14.2: PCI INT A -> GSI 16 (level, low) -> IRQ 16
[   11.675600] [drm] radeon kernel modesetting enabled.
[   11.675780] radeon 0000:01:05.0: power state changed by ACPI to D0
[   11.675833] radeon 0000:01:05.0: power state changed by ACPI to D0
[   11.675886] radeon 0000:01:05.0: PCI INT A -> GSI 17 (level, low) -> IRQ 17
[   11.679269] [drm] radeon: Initializing kernel modesetting.
[   11.679404] [drm] register mmio base: 0xC0100000
[   11.679450] [drm] register mmio size: 65536
[   11.679863] [drm] GPU reset succeed (RBBM_STATUS=0x00000140)
[   11.679921] [drm:rs400_gart_adjust_size] *ERROR* Forcing to 32M GART size (because of ASIC bug ?)
[   11.679975] [drm] Generation 2 PCI interface, using max accessible memory
[   11.680048] [drm] radeon: VRAM 128M
[   11.680092] [drm] radeon: VRAM from 0x78000000 to 0x7FFFFFFF
[   11.680138] [drm] radeon: GTT 32M
[   11.680183] [drm] radeon: GTT from 0x80000000 to 0x81FFFFFF
[   11.680254] [drm] radeon: irq initialized.
[   11.680412] [drm] Detected VRAM RAM=128M, BAR=128M
[   11.680464] [drm] RAM width 128bits DDR
[   11.680599] [TTM] Zone  kernel: Available graphics memory: 964284 kiB.
[   11.680664] [drm] radeon: 128M of VRAM memory ready
[   11.680710] [drm] radeon: 32M of GTT memory ready.
[   11.680780] [drm] GART: num cpu pages 8192, num gpu pages 8192
[   11.681228] [drm] radeon: 1 quad pipes, 1 z pipes initialized.
[   11.681284] [drm] radeon: cp idle (0x10000C03)
[   11.681371] [drm] Loading R300 Microcode
[   11.681898] platform radeon_cp.0: firmware: requesting radeon/R300_cp.bin
[   11.711206] radeon_cp: Failed to load firmware "radeon/R300_cp.bin"
[   11.711258] [drm:r100_cp_init] *ERROR* Failed to load firmware!
[   11.711305] radeon 0000:01:05.0: failled initializing CP (-2).
[   11.711352] radeon 0000:01:05.0: Disabling GPU acceleration
[   11.711400] [drm] radeon: cp finalized
[   11.711647] [drm] Panel ID String: AUO                     
[   11.711693] [drm] Panel Size 1280x800
[   11.711791] [drm] Radeon Display Connectors
[   11.711836] [drm] Connector 0:
[   11.711880] [drm]   VGA
[   11.711925] [drm]   DDC: 0x68 0x68 0x68 0x68 0x68 0x68 0x68 0x68
[   11.711970] [drm]   Encoders:
[   11.712063] [drm]     CRT1: INTERNAL_DAC2
[   11.712109] [drm] Connector 1:
[   11.712153] [drm]   LVDS
[   11.712197] [drm]   DDC: 0x198 0x198 0x19c 0x19c 0x1a0 0x1a0 0x1a4 0x1a4
[   11.712244] [drm]   Encoders:
[   11.712288] [drm]     LCD1: INTERNAL_LVDS
[   11.716532] input: HDA ATI SB Mic at Ext Right Jack as /devices/pci0000:00/0000:00:14.2/sound/card0/input9
[   11.716711] input: HDA ATI SB HP Out at Ext Right Jack as /devices/pci0000:00/0000:00:14.2/sound/card0/input10
[   11.823198] phy0: Selected rate control algorithm 'minstrel'
[   11.824226] Registered led device: b43-phy0::tx
[   11.824320] Registered led device: b43-phy0::rx
[   11.824407] Registered led device: b43-phy0::radio
[   11.824947] Broadcom 43xx driver loaded [ Features: PMLS, Firmware-ID: FW13 ]
[   11.936499] composite sync not supported
[   11.945086] [drm] fb mappable at 0xC8040000
[   11.945131] [drm] vram apper at 0xC8000000
[   11.945175] [drm] size 4096000
[   11.945218] [drm] fb depth is 24
[   11.945262] [drm]    pitch is 5120
[   11.987734] Console: switching to colour frame buffer device 160x50
[   11.997616] fb0: radeondrmfb frame buffer device
[   11.997685] registered panic notifier
[   11.997746] [drm] Initialized radeon 2.0.0 20080528 for 0000:01:05.0 on minor 0
[   15.892013] eth0: no IPv6 routers present
[   23.364150] ide-gd driver 1.18
[   23.390402] ide-cd driver 5.00
[   23.451161] usbcore: registered new interface driver hiddev
[   23.451306] usbcore: registered new interface driver usbhid
[   23.451430] usbhid: v2.6:USB HID core driver
[   23.528161] Fusion MPT base driver 3.04.12
[   23.528164] Copyright (c) 1999-2008 LSI Corporation
[   23.566653] Fusion MPT SPI Host driver 3.04.12
[   23.629570] device-mapper: uevent: version 1.0.3
[   23.630097] device-mapper: ioctl: 4.15.0-ioctl (2009-04-01) initialised: dm-devel@redhat.com
[   23.712561] padlock: VIA PadLock not detected.
[   33.029835] mdadm: sending ioctl 800c0910 to a partition!
[   33.032080] mdadm: sending ioctl 800c0910 to a partition!
[   33.034359] mdadm: sending ioctl 1261 to a partition!
[   33.036572] mdadm: sending ioctl 1261 to a partition!
[   33.039101] mdadm: sending ioctl 1261 to a partition!
[   33.041316] mdadm: sending ioctl 1261 to a partition!
[   33.043715] mdadm: sending ioctl 1261 to a partition!
[   33.045877] mdadm: sending ioctl 1261 to a partition!
[   33.048305] mdadm: sending ioctl 1261 to a partition!
[   33.050499] mdadm: sending ioctl 1261 to a partition!
[   33.052899] mdadm: sending ioctl 800c0910 to a partition!
[   33.055119] mdadm: sending ioctl 800c0910 to a partition!
[   33.057441] mdadm: sending ioctl 800c0910 to a partition!
[   33.059574] mdadm: sending ioctl 800c0910 to a partition!
[   38.035877] kjournald starting.  Commit interval 5 seconds
[   38.036275] EXT3 FS on sda1, internal journal
[   38.036281] EXT3-fs: mounted filesystem with ordered data mode.
