[    0.000000] Initializing cgroup subsys cpuset
[    0.000000] Initializing cgroup subsys cpu
[    0.000000] Linux version 2.6.32-5-amd64 (Debian 2.6.32-41) (ben@decadent.org.uk) (gcc version 4.3.5 (Debian 4.3.5-4) ) #1 SMP Mon Jan 16 16:22:28 UTC 2012
[    0.000000] Command line: initrd=initrd.img-2.6.32-5-amd64 ip=dhcp  root=/dev/nfs nfsroot=/srv/fai/nfsroot boot=live  FAI_FLAGS=verbose,sshd,reboot FAI_ACTION=install BOOT_IMAGE=vmlinuz-2.6.32-5-amd64 
[    0.000000] KERNEL supported cpus:
[    0.000000]   Intel GenuineIntel
[    0.000000]   AMD AuthenticAMD
[    0.000000]   Centaur CentaurHauls
[    0.000000] BIOS-provided physical RAM map:
[    0.000000]  BIOS-e820: 0000000000000000 - 000000000009d800 (usable)
[    0.000000]  BIOS-e820: 000000000009d800 - 00000000000a0000 (reserved)
[    0.000000]  BIOS-e820: 00000000000ce000 - 0000000000100000 (reserved)
[    0.000000]  BIOS-e820: 0000000000100000 - 0000000077e70000 (usable)
[    0.000000]  BIOS-e820: 0000000077e70000 - 0000000077e80000 (ACPI data)
[    0.000000]  BIOS-e820: 0000000077e80000 - 0000000077f00000 (ACPI NVS)
[    0.000000]  BIOS-e820: 0000000077f00000 - 0000000080000000 (reserved)
[    0.000000]  BIOS-e820: 00000000e0000000 - 00000000f0000000 (reserved)
[    0.000000]  BIOS-e820: 00000000fec00000 - 00000000fec10000 (reserved)
[    0.000000]  BIOS-e820: 00000000fee00000 - 00000000fee01000 (reserved)
[    0.000000]  BIOS-e820: 00000000fff80000 - 0000000100000000 (reserved)
[    0.000000] DMI present.
[    0.000000] last_pfn = 0x77e70 max_arch_pfn = 0x400000000
[    0.000000] MTRR default type: uncachable
[    0.000000] MTRR fixed ranges enabled:
[    0.000000]   00000-9FFFF write-back
[    0.000000]   A0000-BFFFF uncachable
[    0.000000]   C0000-CFFFF write-protect
[    0.000000]   D0000-E3FFF uncachable
[    0.000000]   E4000-FFFFF write-protect
[    0.000000] MTRR variable ranges enabled:
[    0.000000]   0 base 0000000000 mask FF80000000 write-back
[    0.000000]   1 base 0078000000 mask FFF8000000 uncachable
[    0.000000]   2 disabled
[    0.000000]   3 disabled
[    0.000000]   4 disabled
[    0.000000]   5 disabled
[    0.000000]   6 disabled
[    0.000000]   7 disabled
[    0.000000] x86 PAT enabled: cpu 0, old 0x7040600070406, new 0x7010600070106
[    0.000000] initial memory mapped : 0 - 20000000
[    0.000000] init_memory_mapping: 0000000000000000-0000000077e70000
[    0.000000]  0000000000 - 0077e00000 page 2M
[    0.000000]  0077e00000 - 0077e70000 page 4k
[    0.000000] kernel direct mapping tables up to 77e70000 @ 8000-c000
[    0.000000] RAMDISK: 7726e000 - 77e4ef9a
[    0.000000] ACPI: RSDP 00000000000f8500 00014 (v00 PTLTD )
[    0.000000] ACPI: RSDT 0000000077e79606 00040 (v01 DELL    M08     06040000  LTP 00000000)
[    0.000000] ACPI: FACP 0000000077e7fc36 00074 (v01 ATI    Bowfin   06040000 ATI  000F4240)
[    0.000000] ACPI: DSDT 0000000077e79646 065F0 (v01    ATI    SB600 06040000 MSFT 03000000)
[    0.000000] ACPI: FACS 0000000077e90fc0 00040
[    0.000000] ACPI: TCPA 0000000077e7fcaa 00032 (v02 AMD             06040000 PTEC 00000000)
[    0.000000] ACPI: SSDT 0000000077e7fcdc 000F4 (v01 PTLTD  POWERNOW 06040000  LTP 00000001)
[    0.000000] ACPI: APIC 0000000077e7fdd0 00046 (v01 PTLTD  ? APIC   06040000  LTP 00000000)
[    0.000000] ACPI: MCFG 0000000077e7fe16 0003C (v01 PTLTD    MCFG   06040000  LTP 00000000)
[    0.000000] ACPI: HPET 0000000077e7fe52 00038 (v01 PTLTD  HPETTBL  06040000  LTP 00000001)
[    0.000000] ACPI: SLIC 0000000077e7fe8a 00176 (v01 DELL    M08     06040000  LTP 00000000)
[    0.000000] ACPI: Local APIC address 0xfee00000
[    0.000000] Scanning NUMA topology in Northbridge 24
[    0.000000] No NUMA configuration found
[    0.000000] Faking a node at 0000000000000000-0000000077e70000
[    0.000000] Bootmem setup node 0 0000000000000000-0000000077e70000
[    0.000000]   NODE_DATA [000000000000a000 - 0000000000011fff]
[    0.000000]   bootmap [0000000000012000 -  0000000000020fcf] pages f
[    0.000000] (7 early reservations) ==> bootmem [0000000000 - 0077e70000]
[    0.000000]   #0 [0000000000 - 0000001000]   BIOS data page ==> [0000000000 - 0000001000]
[    0.000000]   #1 [0000006000 - 0000008000]       TRAMPOLINE ==> [0000006000 - 0000008000]
[    0.000000]   #2 [0001000000 - 00016d95c4]    TEXT DATA BSS ==> [0001000000 - 00016d95c4]
[    0.000000]   #3 [007726e000 - 0077e4ef9a]          RAMDISK ==> [007726e000 - 0077e4ef9a]
[    0.000000]   #4 [000009d800 - 0000100000]    BIOS reserved ==> [000009d800 - 0000100000]
[    0.000000]   #5 [00016da000 - 00016da18c]              BRK ==> [00016da000 - 00016da18c]
[    0.000000]   #6 [0000008000 - 000000a000]          PGTABLE ==> [0000008000 - 000000a000]
[    0.000000] found SMP MP-table at [ffff8800000f8530] f8530
[    0.000000]  [ffffea0000000000-ffffea0001bfffff] PMD -> [ffff880001c00000-ffff8800037fffff] on node 0
[    0.000000] Zone PFN ranges:
[    0.000000]   DMA      0x00000000 -> 0x00001000
[    0.000000]   DMA32    0x00001000 -> 0x00100000
[    0.000000]   Normal   0x00100000 -> 0x00100000
[    0.000000] Movable zone start PFN for each node
[    0.000000] early_node_map[2] active PFN ranges
[    0.000000]     0: 0x00000000 -> 0x0000009d
[    0.000000]     0: 0x00000100 -> 0x00077e70
[    0.000000] On node 0 totalpages: 491021
[    0.000000]   DMA zone: 56 pages used for memmap
[    0.000000]   DMA zone: 103 pages reserved
[    0.000000]   DMA zone: 3838 pages, LIFO batch:0
[    0.000000]   DMA32 zone: 6659 pages used for memmap
[    0.000000]   DMA32 zone: 480365 pages, LIFO batch:31
[    0.000000] Detected use of extended apic ids on hypertransport bus
[    0.000000] ACPI: PM-Timer IO Port: 0x8008
[    0.000000] ACPI: Local APIC address 0xfee00000
[    0.000000] ACPI: LAPIC (acpi_id[0x00] lapic_id[0x00] enabled)
[    0.000000] ACPI: LAPIC_NMI (acpi_id[0x00] high edge lint[0x1])
[    0.000000] ACPI: IOAPIC (id[0x01] address[0xfec00000] gsi_base[0])
[    0.000000] IOAPIC[0]: apic_id 1, version 33, address 0xfec00000, GSI 0-23
[    0.000000] ACPI: IRQ9 used by override.
[    0.000000] Using ACPI (MADT) for SMP configuration information
[    0.000000] ACPI: HPET id: 0x43538301 base: 0xfed00000
[    0.000000] SMP: Allowing 1 CPUs, 0 hotplug CPUs
[    0.000000] nr_irqs_gsi: 24
[    0.000000] PM: Registered nosave memory: 000000000009d000 - 000000000009e000
[    0.000000] PM: Registered nosave memory: 000000000009e000 - 00000000000a0000
[    0.000000] PM: Registered nosave memory: 00000000000a0000 - 00000000000ce000
[    0.000000] PM: Registered nosave memory: 00000000000ce000 - 0000000000100000
[    0.000000] Allocating PCI resources starting at 80000000 (gap: 80000000:60000000)
[    0.000000] Booting paravirtualized kernel on bare hardware
[    0.000000] NR_CPUS:512 nr_cpumask_bits:512 nr_cpu_ids:1 nr_node_ids:1
[    0.000000] PERCPU: Embedded 30 pages/cpu @ffff880001800000 s90328 r8192 d24360 u2097152
[    0.000000] pcpu-alloc: s90328 r8192 d24360 u2097152 alloc=1*2097152
[    0.000000] pcpu-alloc: [0] 0 
[    0.000000] Built 1 zonelists in Node order, mobility grouping on.  Total pages: 484203
[    0.000000] Policy zone: DMA32
[    0.000000] Kernel command line: initrd=initrd.img-2.6.32-5-amd64 ip=dhcp  root=/dev/nfs nfsroot=/srv/fai/nfsroot boot=live  FAI_FLAGS=verbose,sshd,reboot FAI_ACTION=install BOOT_IMAGE=vmlinuz-2.6.32-5-amd64 
[    0.000000] PID hash table entries: 4096 (order: 3, 32768 bytes)
[    0.000000] Initializing CPU#0
[    0.000000] Checking aperture...
[    0.000000] No AGP bridge found
[    0.000000] Node 0: aperture @ a512000000 size 32 MB
[    0.000000] Aperture beyond 4GB. Ignoring.
[    0.000000] Memory: 1915780k/1964480k available (3083k kernel code, 396k absent, 48304k reserved, 2048k data, 592k init)
[    0.000000] SLUB: Genslabs=14, HWalign=64, Order=0-3, MinObjects=0, CPUs=1, Nodes=1
[    0.000000] Hierarchical RCU implementation.
[    0.000000] NR_IRQS:4352 nr_irqs:256
[    0.000000] Console: colour VGA+ 80x25
[    0.000000] console [tty0] enabled
[    0.000000] hpet clockevent registered
[    0.000000] Fast TSC calibration using PIT
[    0.000000] Detected 1795.335 MHz processor.
[    0.004005] Calibrating delay loop (skipped), value calculated using timer frequency.. 3590.67 BogoMIPS (lpj=7181340)
[    0.008030] Security Framework initialized
[    0.008080] SELinux:  Disabled at boot.
[    0.008318] Dentry cache hash table entries: 262144 (order: 9, 2097152 bytes)
[    0.009789] Inode-cache hash table entries: 131072 (order: 8, 1048576 bytes)
[    0.010521] Mount-cache hash table entries: 256
[    0.010752] Initializing cgroup subsys ns
[    0.010800] Initializing cgroup subsys cpuacct
[    0.010849] Initializing cgroup subsys devices
[    0.010895] Initializing cgroup subsys freezer
[    0.010940] Initializing cgroup subsys net_cls
[    0.011016] CPU: L1 I Cache: 64K (64 bytes/line), D cache 64K (64 bytes/line)
[    0.011063] CPU: L2 Cache: 512K (64 bytes/line)
[    0.011110] CPU 0/0x0 -> Node 0
[    0.011155] tseg: 0077f00000
[    0.011158] mce: CPU supports 5 MCE banks
[    0.011216] using C1E aware idle routine
[    0.011261] Performance Events: AMD PMU driver.
[    0.011346] ... version:                0
[    0.011390] ... bit width:              48
[    0.011436] ... generic registers:      4
[    0.011481] ... value mask:             0000ffffffffffff
[    0.011527] ... max period:             00007fffffffffff
[    0.011572] ... fixed-purpose events:   0
[    0.011618] ... event mask:             000000000000000f
[    0.011674] SMP alternatives: switching to UP code
[    0.018047] Freeing SMP alternatives: 28k freed
[    0.018123] ACPI: Core revision 20090903
[    0.028079] Setting APIC routing to flat
[    0.028457] ..TIMER: vector=0x30 apic1=0 pin1=0 apic2=-1 pin2=-1
[    0.032001] ..MP-BIOS bug: 8254 timer not connected to IO-APIC
[    0.032001] ...trying to set up timer (IRQ0) through the 8259A ...
[    0.032001] ..... (found apic 0 pin 0) ...
[    0.074732] ....... works.
[    0.074776] CPU0: Mobile AMD Sempron(tm) Processor 3500+ stepping 02
[    0.076001] Brought up 1 CPUs
[    0.076001] Total of 1 processors activated (3590.67 BogoMIPS).
[    0.076001] CPU0 attaching NULL sched-domain.
[    0.076001] devtmpfs: initialized
[    0.076981] regulator: core version 0.5
[    0.077083] NET: Registered protocol family 16
[    0.077250] node 0 link 0: io port [1000, fffff]
[    0.077254] TOM: 0000000080000000 aka 2048M
[    0.077301] node 0 link 0: mmio [d0000000, dfffffff]
[    0.077305] node 0 link 0: mmio [c8000000, cfffffff]
[    0.077308] node 0 link 0: mmio [a0000, bffff]
[    0.077311] node 0 link 0: mmio [f0000000, ffffffff]
[    0.077314] node 0 link 0: mmio [e0000000, efffffff]
[    0.077317] node 0 link 0: mmio [80000000, c7ffffff]
[    0.077320] bus: [00,ff] on node 0 link 0
[    0.077323] bus: 00 index 0 io port: [0, ffff]
[    0.077326] bus: 00 index 1 mmio: [80000000, efffffff]
[    0.077328] bus: 00 index 2 mmio: [a0000, bffff]
[    0.077331] bus: 00 index 3 mmio: [f0000000, fcffffffff]
[    0.077337] ACPI: bus type pci registered
[    0.077455] PCI: MCFG configuration 0: base e0000000 segment 0 buses 0 - 9
[    0.077503] PCI: MCFG area at e0000000 reserved in E820
[    0.077833] PCI: Using MMCONFIG at e0000000 - e09fffff
[    0.077879] PCI: Using configuration type 1 for base access
[    0.078420] bio: create slab <bio-0> at 0
[    0.079025] ACPI: EC: Look up EC in DSDT
[    0.082103] ACPI: BIOS _OSI(Linux) query ignored
[    0.084072] ACPI: Interpreter enabled
[    0.084117] ACPI: (supports S0 S3 S4 S5)
[    0.084324] ACPI: Using IOAPIC for interrupt routing
[    0.091458] [Firmware Bug]: ACPI: ACPI brightness control misses _BQC function
[    0.092211] ACPI: EC: GPE = 0x14, I/O: command/status = 0x66, data = 0x62
[    0.092493] ACPI: No dock devices found.
[    0.096732] ACPI Error: Needed type [Reference], found [Device] ffff880076f23800 (20090903/exresop-104)
[    0.096862] ACPI Exception: AE_AML_OPERAND_TYPE, While resolving operands for [OpcodeName unavailable] (20090903/dswexec-460)
[    0.096993] ACPI Error (psparse-0537): Method parse/execution failed [\_SB_.PCI0._OSC] (Node ffff880076f2aa80), AE_AML_OPERAND_TYPE
[    0.097182] ACPI: PCI Root Bridge [PCI0] (0000:00)
[    0.097354] pci 0000:00:05.0: PME# supported from D0 D3hot D3cold
[    0.097403] pci 0000:00:05.0: PME# disabled
[    0.097483] pci 0000:00:06.0: PME# supported from D0 D3hot D3cold
[    0.097531] pci 0000:00:06.0: PME# disabled
[    0.097641] pci 0000:00:12.0: reg 10 io port: [0x8438-0x843f]
[    0.097650] pci 0000:00:12.0: reg 14 io port: [0x8454-0x8457]
[    0.097658] pci 0000:00:12.0: reg 18 io port: [0x8430-0x8437]
[    0.097667] pci 0000:00:12.0: reg 1c io port: [0x8450-0x8453]
[    0.097675] pci 0000:00:12.0: reg 20 io port: [0x8400-0x840f]
[    0.097684] pci 0000:00:12.0: reg 24 32bit mmio: [0xc0004000-0xc00043ff]
[    0.097705] pci 0000:00:12.0: set SATA to AHCI mode
[    0.097804] pci 0000:00:13.0: reg 10 32bit mmio: [0xc0005000-0xc0005fff]
[    0.097872] pci 0000:00:13.1: reg 10 32bit mmio: [0xc0006000-0xc0006fff]
[    0.097938] pci 0000:00:13.2: reg 10 32bit mmio: [0xc0007000-0xc0007fff]
[    0.098005] pci 0000:00:13.3: reg 10 32bit mmio: [0xc0008000-0xc0008fff]
[    0.098073] pci 0000:00:13.4: reg 10 32bit mmio: [0xc0009000-0xc0009fff]
[    0.098162] pci 0000:00:13.5: reg 10 32bit mmio: [0xc0004400-0xc00044ff]
[    0.098223] pci 0000:00:13.5: supports D1 D2
[    0.098225] pci 0000:00:13.5: PME# supported from D0 D1 D2 D3hot
[    0.098274] pci 0000:00:13.5: PME# disabled
[    0.098371] pci 0000:00:14.0: reg 10 io port: [0x8410-0x841f]
[    0.098379] pci 0000:00:14.0: reg 14 32bit mmio: [0xfed00000-0xfed003ff]
[    0.098467] pci 0000:00:14.1: reg 10 io port: [0x1f0-0x1f7]
[    0.098475] pci 0000:00:14.1: reg 14 io port: [0x3f4-0x3f7]
[    0.098484] pci 0000:00:14.1: reg 18 io port: [0x00-0x07]
[    0.098492] pci 0000:00:14.1: reg 1c io port: [0x00-0x03]
[    0.098500] pci 0000:00:14.1: reg 20 io port: [0x8420-0x842f]
[    0.098588] pci 0000:00:14.2: reg 10 64bit mmio: [0xc0000000-0xc0003fff]
[    0.098644] pci 0000:00:14.2: PME# supported from D0 D3hot D3cold
[    0.098693] pci 0000:00:14.2: PME# disabled
[    0.098954] pci 0000:01:05.0: reg 10 32bit mmio pref: [0xc8000000-0xcfffffff]
[    0.098959] pci 0000:01:05.0: reg 14 io port: [0x9000-0x90ff]
[    0.098963] pci 0000:01:05.0: reg 18 32bit mmio: [0xc0100000-0xc010ffff]
[    0.098973] pci 0000:01:05.0: reg 30 32bit mmio pref: [0x000000-0x01ffff]
[    0.098981] pci 0000:01:05.0: supports D1 D2
[    0.098999] pci 0000:00:01.0: bridge io port: [0x9000-0x9fff]
[    0.099002] pci 0000:00:01.0: bridge 32bit mmio: [0xc0100000-0xc01fffff]
[    0.099007] pci 0000:00:01.0: bridge 64bit mmio pref: [0xc8000000-0xcfffffff]
[    0.099059] pci 0000:00:05.0: bridge io port: [0x00-0xfff]
[    0.099062] pci 0000:00:05.0: bridge 32bit mmio: [0x000000-0x0fffff]
[    0.099110] pci 0000:05:00.0: reg 10 32bit mmio: [0xc0200000-0xc0203fff]
[    0.099174] pci 0000:05:00.0: supports D1 D2
[    0.099203] pci 0000:05:00.0: disabling ASPM on pre-1.1 PCIe device.  You can enable it with 'pcie_aspm=force'
[    0.099332] pci 0000:00:06.0: bridge 32bit mmio: [0xc0200000-0xc02fffff]
[    0.099384] pci 0000:08:00.0: reg 10 32bit mmio: [0xc0300000-0xc0301fff]
[    0.099452] pci 0000:08:00.0: supports D1 D2
[    0.099455] pci 0000:08:00.0: PME# supported from D0 D1 D2 D3hot D3cold
[    0.099505] pci 0000:08:00.0: PME# disabled
[    0.099605] pci 0000:08:01.0: reg 10 32bit mmio: [0xc0302000-0xc03020ff]
[    0.099673] pci 0000:08:01.0: supports D1 D2
[    0.099675] pci 0000:08:01.0: PME# supported from D0 D1 D2 D3hot D3cold
[    0.099726] pci 0000:08:01.0: PME# disabled
[    0.099819] pci 0000:08:01.1: reg 10 32bit mmio: [0xc0302400-0xc03024ff]
[    0.099887] pci 0000:08:01.1: supports D1 D2
[    0.099889] pci 0000:08:01.1: PME# supported from D0 D1 D2 D3hot D3cold
[    0.099940] pci 0000:08:01.1: PME# disabled
[    0.100069] pci 0000:00:14.4: transparent bridge
[    0.101791] pci 0000:00:14.4: bridge 32bit mmio: [0xc0300000-0xc03fffff]
[    0.101811] ACPI: PCI Interrupt Routing Table [\_SB_.PCI0._PRT]
[    0.101936] ACPI: PCI Interrupt Routing Table [\_SB_.PCI0.PB5_._PRT]
[    0.102013] ACPI: PCI Interrupt Routing Table [\_SB_.PCI0.PB6_._PRT]
[    0.102116] ACPI: PCI Interrupt Routing Table [\_SB_.PCI0.P2P_._PRT]
[    0.102180] ACPI: PCI Interrupt Routing Table [\_SB_.PCI0.AGP_._PRT]
[    0.102310] ACPI Error: Needed type [Reference], found [Device] ffff880076f23800 (20090903/exresop-104)
[    0.102440] ACPI Exception: AE_AML_OPERAND_TYPE, While resolving operands for [OpcodeName unavailable] (20090903/dswexec-460)
[    0.102569] ACPI Error (psparse-0537): Method parse/execution failed [\_SB_.PCI0._OSC] (Node ffff880076f2aa80), AE_AML_OPERAND_TYPE
[    0.107370] ACPI: PCI Interrupt Link [LNKA] (IRQs 10 11) *0, disabled.
[    0.107745] ACPI: PCI Interrupt Link [LNKB] (IRQs 10 11) *0, disabled.
[    0.108112] ACPI: PCI Interrupt Link [LNKC] (IRQs 10 11) *0, disabled.
[    0.108486] ACPI: PCI Interrupt Link [LNKD] (IRQs 10 11) *0, disabled.
[    0.108859] ACPI: PCI Interrupt Link [LNKE] (IRQs 10 11) *0, disabled.
[    0.109232] ACPI: PCI Interrupt Link [LNKF] (IRQs 10 11) *0, disabled.
[    0.109606] ACPI: PCI Interrupt Link [LNKG] (IRQs 10 11) *0, disabled.
[    0.109978] ACPI: PCI Interrupt Link [LNKH] (IRQs 10 11) *0, disabled.
[    0.110352] ACPI: PCI Interrupt Link [LNKU] (IRQs 3 4 5 7) *0, disabled.
[    0.110809] vgaarb: device added: PCI:0000:01:05.0,decodes=io+mem,owns=io+mem,locks=none
[    0.110864] vgaarb: loaded
[    0.111007] PCI: Using ACPI for IRQ routing
[    0.111057] pci 0000:00:05.0: BAR 13: can't allocate resource
[    0.111104] pci 0000:00:05.0: BAR 14: can't allocate resource
[    0.111352] hpet0: at MMIO 0xfed00000, IRQs 2, 8, 0, 0
[    0.111581] hpet0: 4 comparators, 32-bit 14.318180 MHz counter
[    0.113042] Switching to clocksource tsc
[    0.114359] pnp: PnP ACPI init
[    0.114428] ACPI: bus type pnp registered
[    0.116041] pnp 00:09: mem resource (0x0-0xfff) overlaps 0000:01:05.0 BAR 6 (0x0-0x1ffff), disabling
[    0.116784] pnp: PnP ACPI: found 11 devices
[    0.116830] ACPI: ACPI bus type pnp unregistered
[    0.116886] system 00:01: iomem range 0xe0000000-0xefffffff has been reserved
[    0.116935] system 00:01: iomem range 0xfec00000-0xfec00fff could not be reserved
[    0.116988] system 00:01: iomem range 0xfee00000-0xfee00fff has been reserved
[    0.117042] system 00:08: ioport range 0x1080-0x1080 has been reserved
[    0.117090] system 00:08: ioport range 0x220-0x22f has been reserved
[    0.117138] system 00:08: ioport range 0x40b-0x40b has been reserved
[    0.117186] system 00:08: ioport range 0x4d0-0x4d1 has been reserved
[    0.117234] system 00:08: ioport range 0x4d6-0x4d6 has been reserved
[    0.117281] system 00:08: ioport range 0x530-0x537 has been reserved
[    0.117328] system 00:08: ioport range 0xc00-0xc01 has been reserved
[    0.117376] system 00:08: ioport range 0xc14-0xc14 has been reserved
[    0.117423] system 00:08: ioport range 0xc50-0xc52 has been reserved
[    0.117470] system 00:08: ioport range 0xc6c-0xc6c has been reserved
[    0.117518] system 00:08: ioport range 0xc6f-0xc6f has been reserved
[    0.117565] system 00:08: ioport range 0xcd0-0xcd3 has been reserved
[    0.117612] system 00:08: ioport range 0xcd4-0xcd5 has been reserved
[    0.117659] system 00:08: ioport range 0xcd6-0xcd7 has been reserved
[    0.117706] system 00:08: ioport range 0xcd8-0xcdf has been reserved
[    0.117754] system 00:08: ioport range 0x8000-0x805f has been reserved
[    0.117801] system 00:08: ioport range 0xf40-0xf47 has been reserved
[    0.117848] system 00:08: ioport range 0x87f-0x87f has been reserved
[    0.117899] system 00:09: iomem range 0xe0000-0xfffff could not be reserved
[    0.117948] system 00:09: iomem range 0xfff00000-0xffffffff could not be reserved
[    0.118002] system 00:09: iomem range 0xc0004800-0xc0004bff has been reserved
[    0.118051] system 00:09: iomem range 0xfed00000-0xfed003ff has been reserved
[    0.122903] pci 0000:00:01.0: PCI bridge, secondary bus 0000:01
[    0.122951] pci 0000:00:01.0:   IO window: 0x9000-0x9fff
[    0.122999] pci 0000:00:01.0:   MEM window: 0xc0100000-0xc01fffff
[    0.123046] pci 0000:00:01.0:   PREFETCH window: 0x000000c8000000-0x000000cfffffff
[    0.123101] pci 0000:00:05.0: PCI bridge, secondary bus 0000:02
[    0.123148] pci 0000:00:05.0:   IO window: 0x2000-0x2fff
[    0.123196] pci 0000:00:05.0:   MEM window: 0x80000000-0x801fffff
[    0.123244] pci 0000:00:05.0:   PREFETCH window: 0x00000080200000-0x000000803fffff
[    0.123298] pci 0000:00:06.0: PCI bridge, secondary bus 0000:05
[    0.123345] pci 0000:00:06.0:   IO window: 0x3000-0x3fff
[    0.123392] pci 0000:00:06.0:   MEM window: 0xc0200000-0xc02fffff
[    0.123439] pci 0000:00:06.0:   PREFETCH window: 0x00000080400000-0x000000805fffff
[    0.123494] pci 0000:00:14.4: PCI bridge, secondary bus 0000:08
[    0.123540] pci 0000:00:14.4:   IO window: disabled
[    0.123590] pci 0000:00:14.4:   MEM window: 0xc0300000-0xc03fffff
[    0.123639] pci 0000:00:14.4:   PREFETCH window: disabled
[    0.123697] pci 0000:00:05.0: enabling device (0000 -> 0003)
[    0.123746] pci 0000:00:05.0: setting latency timer to 64
[    0.123752] pci 0000:00:06.0: setting latency timer to 64
[    0.123761] pci_bus 0000:00: resource 0 io:  [0x00-0xffff]
[    0.123765] pci_bus 0000:00: resource 1 mem: [0x000000-0xffffffffffffffff]
[    0.123768] pci_bus 0000:01: resource 0 io:  [0x9000-0x9fff]
[    0.123771] pci_bus 0000:01: resource 1 mem: [0xc0100000-0xc01fffff]
[    0.123774] pci_bus 0000:01: resource 2 pref mem [0xc8000000-0xcfffffff]
[    0.123777] pci_bus 0000:02: resource 0 io:  [0x2000-0x2fff]
[    0.123780] pci_bus 0000:02: resource 1 mem: [0x80000000-0x801fffff]
[    0.123783] pci_bus 0000:02: resource 2 pref mem [0x80200000-0x803fffff]
[    0.123787] pci_bus 0000:05: resource 0 io:  [0x3000-0x3fff]
[    0.123790] pci_bus 0000:05: resource 1 mem: [0xc0200000-0xc02fffff]
[    0.123793] pci_bus 0000:05: resource 2 pref mem [0x80400000-0x805fffff]
[    0.123796] pci_bus 0000:08: resource 1 mem: [0xc0300000-0xc03fffff]
[    0.123799] pci_bus 0000:08: resource 3 io:  [0x00-0xffff]
[    0.123802] pci_bus 0000:08: resource 4 mem: [0x000000-0xffffffffffffffff]
[    0.123846] NET: Registered protocol family 2
[    0.124044] IP route cache hash table entries: 65536 (order: 7, 524288 bytes)
[    0.125213] TCP established hash table entries: 262144 (order: 10, 4194304 bytes)
[    0.128107] TCP bind hash table entries: 65536 (order: 8, 1048576 bytes)
[    0.128842] TCP: Hash tables configured (established 262144 bind 65536)
[    0.128890] TCP reno registered
[    0.129048] NET: Registered protocol family 1
[    0.129107] pci 0000:00:00.0: MSI quirk detected; MSI disabled
[    0.129158] pci 0000:00:01.0: MSI quirk detected; subordinate MSI disabled
[    0.129306] pci 0000:01:05.0: Boot video device
[    0.129372] Unpacking initramfs...
[    0.482312] Freeing initrd memory: 12163k freed
[    0.492175] audit: initializing netlink socket (disabled)
[    0.492237] type=2000 audit(1385375572.490:1): initialized
[    0.496119] HugeTLB registered 2 MB page size, pre-allocated 0 pages
[    0.497891] VFS: Disk quotas dquot_6.5.2
[    0.498008] Dquot-cache hash table entries: 512 (order 0, 4096 bytes)
[    0.498162] msgmni has been set to 3765
[    0.498440] alg: No test for stdrng (krng)
[    0.498548] Block layer SCSI generic (bsg) driver version 0.4 loaded (major 253)
[    0.498601] io scheduler noop registered
[    0.498646] io scheduler anticipatory registered
[    0.498691] io scheduler deadline registered
[    0.498808] io scheduler cfq registered (default)
[    0.500975] Linux agpgart interface v0.103
[    0.501077] Serial: 8250/16550 driver, 4 ports, IRQ sharing enabled
[    0.501556] input: Macintosh mouse button emulation as /devices/virtual/input/input0
[    0.501672] PNP: PS/2 Controller [PNP0303:KBC0,PNP0f13:MSE0] at 0x60,0x64 irq 1,12
[    0.503716] serio: i8042 KBD port at 0x60,0x64 irq 1
[    0.503770] serio: i8042 AUX port at 0x60,0x64 irq 12
[    0.503970] mice: PS/2 mouse device common for all mice
[    0.504072] rtc_cmos 00:04: RTC can wake from S4
[    0.504164] rtc_cmos 00:04: rtc core: registered rtc_cmos as rtc0
[    0.504240] rtc0: alarms up to one month, 114 bytes nvram, hpet irqs
[    0.504299] cpuidle: using governor ladder
[    0.504344] cpuidle: using governor menu
[    0.504392] No iBFT detected.
[    0.504843] TCP cubic registered
[    0.505033] NET: Registered protocol family 10
[    0.505999] Mobile IPv6
[    0.506044] NET: Registered protocol family 17
[    0.506192] PM: Resume from disk failed.
[    0.506206] registered taskstats version 1
[    0.506662] rtc_cmos 00:04: setting system clock to 2013-11-25 10:32:54 UTC (1385375574)
[    0.506772] Initalizing network drop monitor service
[    0.506848] Freeing unused kernel memory: 592k freed
[    0.507267] Write protecting the kernel read-only data: 4240k
[    0.530419] udev[74]: starting version 164
[    0.535765] input: AT Translated Set 2 keyboard as /devices/platform/i8042/serio0/input/input1
[    0.753818] SCSI subsystem initialized
[    0.784061] usbcore: registered new interface driver usbfs
[    0.784262] usbcore: registered new interface driver hub
[    0.784451] usbcore: registered new device driver usb
[    0.798016] ehci_hcd: USB 2.0 'Enhanced' Host Controller (EHCI) Driver
[    0.798169]   alloc irq_desc for 19 on node 0
[    0.798172]   alloc kstat_irqs on node 0
[    0.798182] ehci_hcd 0000:00:13.5: PCI INT D -> GSI 19 (level, low) -> IRQ 19
[    0.798254] ehci_hcd 0000:00:13.5: EHCI Host Controller
[    0.798340] ehci_hcd 0000:00:13.5: new USB bus registered, assigned bus number 1
[    0.798425] ehci_hcd 0000:00:13.5: applying AMD SB600/SB700 USB freeze workaround
[    0.798492] ehci_hcd 0000:00:13.5: debug port 1
[    0.798567] ehci_hcd 0000:00:13.5: irq 19, io mem 0xc0004400
[    0.798627] libata version 3.00 loaded.
[    0.799181] ricoh-mmc: Ricoh MMC Controller disabling driver
[    0.799228] ricoh-mmc: Copyright(c) Philip Langdale
[    0.804769] ricoh-mmc: Ricoh MMC controller found at 0000:08:01.1 [1180:0843] (rev 1)
[    0.804834] ricoh-mmc: Main Ricoh function not found. Cannot disable controller.
[    0.815381] ehci_hcd 0000:00:13.5: USB 2.0 started, EHCI 1.00
[    0.815463] usb usb1: New USB device found, idVendor=1d6b, idProduct=0002
[    0.815511] usb usb1: New USB device strings: Mfr=3, Product=2, SerialNumber=1
[    0.815563] usb usb1: Product: EHCI Host Controller
[    0.815609] usb usb1: Manufacturer: Linux 2.6.32-5-amd64 ehci_hcd
[    0.815656] usb usb1: SerialNumber: 0000:00:13.5
[    0.815807] usb usb1: configuration #1 chosen from 1 choice
[    0.815892] hub 1-0:1.0: USB hub found
[    0.815945] hub 1-0:1.0: 10 ports detected
[    0.816591]   alloc irq_desc for 16 on node 0
[    0.816594]   alloc kstat_irqs on node 0
[    0.816604] pata_atiixp 0000:00:14.1: PCI INT A -> GSI 16 (level, low) -> IRQ 16
[    0.816696] pata_atiixp 0000:00:14.1: setting latency timer to 64
[    0.816775] scsi0 : pata_atiixp
[    0.816983] scsi1 : pata_atiixp
[    0.817911] ata1: PATA max UDMA/100 cmd 0x1f0 ctl 0x3f6 bmdma 0x8420 irq 14
[    0.817959] ata2: PATA max UDMA/100 cmd 0x170 ctl 0x376 bmdma 0x8428 irq 15
[    0.832653] thermal LNXTHERM:01: registered as thermal_zone0
[    0.832713] ACPI: Thermal Zone [THRM] (50 C)
[    0.833095] ahci 0000:00:12.0: version 3.0
[    0.833115]   alloc irq_desc for 22 on node 0
[    0.833117]   alloc kstat_irqs on node 0
[    0.833126] ahci 0000:00:12.0: PCI INT A -> GSI 22 (level, low) -> IRQ 22
[    0.833215] ahci 0000:00:12.0: controller can't do 64bit DMA, forcing 32bit
[    0.833357] ahci 0000:00:12.0: AHCI 0001.0100 32 slots 4 ports 3 Gbps 0xf impl SATA mode
[    0.833412] ahci 0000:00:12.0: flags: ncq sntf ilck led clo pmp pio ccc 
[    0.833923] scsi2 : ahci
[    0.837281] ohci_hcd: USB 1.1 'Open' Host Controller (OHCI) Driver
[    0.837540] scsi3 : ahci
[    0.837738]   alloc irq_desc for 18 on node 0
[    0.837741]   alloc kstat_irqs on node 0
[    0.837750] b43-pci-bridge 0000:05:00.0: PCI INT A -> GSI 18 (level, low) -> IRQ 18
[    0.837811] b43-pci-bridge 0000:05:00.0: setting latency timer to 64
[    0.837827] scsi4 : ahci
[    0.837991] scsi5 : ahci
[    0.839900] ata3: SATA max UDMA/133 abar m1024@0xc0004000 port 0xc0004100 irq 22
[    0.839955] ata4: SATA max UDMA/133 abar m1024@0xc0004000 port 0xc0004180 irq 22
[    0.840009] ata5: SATA max UDMA/133 abar m1024@0xc0004000 port 0xc0004200 irq 22
[    0.840063] ata6: SATA max UDMA/133 abar m1024@0xc0004000 port 0xc0004280 irq 22
[    0.840401] ohci_hcd 0000:00:13.0: PCI INT A -> GSI 16 (level, low) -> IRQ 16
[    0.840474] ohci_hcd 0000:00:13.0: OHCI Host Controller
[    0.840533] ohci_hcd 0000:00:13.0: new USB bus registered, assigned bus number 2
[    0.840622] ohci_hcd 0000:00:13.0: irq 16, io mem 0xc0005000
[    0.894335] usb usb2: New USB device found, idVendor=1d6b, idProduct=0001
[    0.894385] usb usb2: New USB device strings: Mfr=3, Product=2, SerialNumber=1
[    0.894438] usb usb2: Product: OHCI Host Controller
[    0.894484] usb usb2: Manufacturer: Linux 2.6.32-5-amd64 ohci_hcd
[    0.894530] usb usb2: SerialNumber: 0000:00:13.0
[    0.894673] usb usb2: configuration #1 chosen from 1 choice
[    0.894756] hub 2-0:1.0: USB hub found
[    0.894811] hub 2-0:1.0: 2 ports detected
[    0.895136] ssb: Sonics Silicon Backplane found on PCI device 0000:05:00.0
[    0.895417]   alloc irq_desc for 17 on node 0
[    0.895420]   alloc kstat_irqs on node 0
[    0.895429] ohci_hcd 0000:00:13.1: PCI INT B -> GSI 17 (level, low) -> IRQ 17
[    0.895502] ohci_hcd 0000:00:13.1: OHCI Host Controller
[    0.895567] ohci_hcd 0000:00:13.1: new USB bus registered, assigned bus number 3
[    0.895651] ohci_hcd 0000:00:13.1: irq 17, io mem 0xc0006000
[    0.950345] usb usb3: New USB device found, idVendor=1d6b, idProduct=0001
[    0.950397] usb usb3: New USB device strings: Mfr=3, Product=2, SerialNumber=1
[    0.950450] usb usb3: Product: OHCI Host Controller
[    0.950495] usb usb3: Manufacturer: Linux 2.6.32-5-amd64 ohci_hcd
[    0.950541] usb usb3: SerialNumber: 0000:00:13.1
[    0.950694] usb usb3: configuration #1 chosen from 1 choice
[    0.950775] hub 3-0:1.0: USB hub found
[    0.950831] hub 3-0:1.0: 2 ports detected
[    0.951069] ohci_hcd 0000:00:13.2: PCI INT C -> GSI 18 (level, low) -> IRQ 18
[    0.951144] ohci_hcd 0000:00:13.2: OHCI Host Controller
[    0.951200] ohci_hcd 0000:00:13.2: new USB bus registered, assigned bus number 4
[    0.951290] ohci_hcd 0000:00:13.2: irq 18, io mem 0xc0007000
[    0.982807] ata1.00: ATAPI: TEAC DVD-ROM DV28EV, D.AD, max UDMA/33
[    0.998756] ata1.00: configured for UDMA/33
[    1.006343] usb usb4: New USB device found, idVendor=1d6b, idProduct=0001
[    1.006391] usb usb4: New USB device strings: Mfr=3, Product=2, SerialNumber=1
[    1.006444] usb usb4: Product: OHCI Host Controller
[    1.006490] usb usb4: Manufacturer: Linux 2.6.32-5-amd64 ohci_hcd
[    1.006537] usb usb4: SerialNumber: 0000:00:13.2
[    1.006749] usb usb4: configuration #1 chosen from 1 choice
[    1.006866] hub 4-0:1.0: USB hub found
[    1.006921] hub 4-0:1.0: 2 ports detected
[    1.007081] ohci_hcd 0000:00:13.3: PCI INT B -> GSI 17 (level, low) -> IRQ 17
[    1.007153] ohci_hcd 0000:00:13.3: OHCI Host Controller
[    1.007209] ohci_hcd 0000:00:13.3: new USB bus registered, assigned bus number 5
[    1.007281] ohci_hcd 0000:00:13.3: irq 17, io mem 0xc0008000
[    1.007604] scsi 0:0:0:0: CD-ROM            TEAC     DVD-ROM DV28EV   D.AD PQ: 0 ANSI: 5
[    1.064066] usb usb5: New USB device found, idVendor=1d6b, idProduct=0001
[    1.064115] usb usb5: New USB device strings: Mfr=3, Product=2, SerialNumber=1
[    1.064167] usb usb5: Product: OHCI Host Controller
[    1.064213] usb usb5: Manufacturer: Linux 2.6.32-5-amd64 ohci_hcd
[    1.064259] usb usb5: SerialNumber: 0000:00:13.3
[    1.064433] usb usb5: configuration #1 chosen from 1 choice
[    1.064543] hub 5-0:1.0: USB hub found
[    1.064600] hub 5-0:1.0: 2 ports detected
[    1.064760] ohci_hcd 0000:00:13.4: PCI INT C -> GSI 18 (level, low) -> IRQ 18
[    1.064831] ohci_hcd 0000:00:13.4: OHCI Host Controller
[    1.064885] ohci_hcd 0000:00:13.4: new USB bus registered, assigned bus number 6
[    1.064958] ohci_hcd 0000:00:13.4: irq 18, io mem 0xc0009000
[    1.120050] usb usb6: New USB device found, idVendor=1d6b, idProduct=0001
[    1.120099] usb usb6: New USB device strings: Mfr=3, Product=2, SerialNumber=1
[    1.120151] usb usb6: Product: OHCI Host Controller
[    1.120197] usb usb6: Manufacturer: Linux 2.6.32-5-amd64 ohci_hcd
[    1.120243] usb usb6: SerialNumber: 0000:00:13.4
[    1.120430] usb usb6: configuration #1 chosen from 1 choice
[    1.120544] hub 6-0:1.0: USB hub found
[    1.120599] hub 6-0:1.0: 2 ports detected
[    1.160029] ata6: SATA link down (SStatus 0 SControl 300)
[    1.160115] ata4: SATA link down (SStatus 0 SControl 300)
[    1.160191] ata5: SATA link down (SStatus 0 SControl 300)
[    1.324012] ata3: softreset failed (device not ready)
[    1.324065] ata3: applying SB600 PMP SRST workaround and retrying
[    1.488024] ata3: SATA link up 1.5 Gbps (SStatus 113 SControl 300)
[    1.488754] ata3.00: ATA-8: FUJITSU MHW2080BH, 0085001C, max UDMA/100
[    1.488803] ata3.00: 156301488 sectors, multi 16: LBA48 NCQ (depth 31/32), AA
[    1.488867] ata3.00: SB600 AHCI: limiting to 255 sectors per cmd
[    1.489655] ata3.00: SB600 AHCI: limiting to 255 sectors per cmd
[    1.489702] ata3.00: configured for UDMA/100
[    1.489861] scsi 2:0:0:0: Direct-Access     ATA      FUJITSU MHW2080B 0085 PQ: 0 ANSI: 5
[    1.491997] sdhci: Secure Digital Host Controller Interface driver
[    1.492064] sdhci: Copyright(c) Pierre Ossman
[    1.506344]   alloc irq_desc for 21 on node 0
[    1.506349]   alloc kstat_irqs on node 0
[    1.506359] b44 0000:08:00.0: PCI INT A -> GSI 21 (level, low) -> IRQ 21
[    1.521271] sd 2:0:0:0: [sda] 156301488 512-byte logical blocks: (80.0 GB/74.5 GiB)
[    1.521386] sd 2:0:0:0: [sda] Write Protect is off
[    1.521433] sd 2:0:0:0: [sda] Mode Sense: 00 3a 00 00
[    1.521458] sd 2:0:0:0: [sda] Write cache: enabled, read cache: enabled, doesn't support DPO or FUA
[    1.521659]  sda:sr0: scsi3-mmc drive: 24x/24x cd/rw xa/form2 cdda tray
[    1.538947] Uniform CD-ROM driver Revision: 3.20
[    1.539317] sr 0:0:0:0: Attached scsi CD-ROM sr0
[    1.559354]  sda1 sda2
[    1.564095] ssb: Sonics Silicon Backplane found on PCI device 0000:08:00.0
[    1.564214] b44.c:v2.0
[    1.564458] sdhci-pci 0000:08:01.0: SDHCI controller found [1180:0822] (rev 19)
[    1.564529]   alloc irq_desc for 20 on node 0
[    1.564532]   alloc kstat_irqs on node 0
[    1.564542] sdhci-pci 0000:08:01.0: PCI INT B -> GSI 20 (level, low) -> IRQ 20
[    1.566694] Registered led device: mmc0::
[    1.567938] mmc0: SDHCI controller on PCI [0000:08:01.0] using PIO
[    1.574202] sd 2:0:0:0: [sda] Attached SCSI disk
[    1.584921] eth0: Broadcom 44xx/47xx 10/100BaseT Ethernet 00:19:b9:7e:e0:a8
[    1.588828] sr 0:0:0:0: Attached scsi generic sg0 type 5
[    1.589264] sd 2:0:0:0: Attached scsi generic sg1 type 0
[    1.919912] Uniform Multi-Platform E-IDE driver
[    1.920797] ide_generic: please use "probe_mask=0x3f" module parameter for probing all legacy ISA IDE ports
[    2.278569] ADDRCONF(NETDEV_UP): eth0: link is not ready
[    5.816186] b44: eth0: Link is up at 100 Mbps, full duplex.
[    5.816239] b44: eth0: Flow control is off for TX and off for RX.
[    5.816801] ADDRCONF(NETDEV_CHANGE): eth0: link becomes ready
[    6.712779] RPC: Registered udp transport module.
[    6.712828] RPC: Registered tcp transport module.
[    6.712874] RPC: Registered tcp NFSv4.1 backchannel transport module.
[    6.724282] Slow work thread pool: Starting up
[    6.724383] Slow work thread pool: Ready
[    6.724494] FS-Cache: Loaded
[    6.744895] FS-Cache: Netfs 'nfs' registered for caching
[    6.766606] aufs: module is from the staging directory, the quality is unknown, you have been warned.
[    6.772518] aufs 2-standalone.tree-32-20100125
[    9.025495] udev[781]: starting version 164
[    9.462506] Marking TSC unstable due to TSC halts in idle
[    9.462733] processor LNXCPU:00: registered as cooling_device0
[    9.489577] input: Power Button as /devices/LNXSYSTM:00/LNXSYBUS:00/PNP0C0C:00/input/input2
[    9.489640] ACPI: Power Button [PWRB]
[    9.489776] input: Sleep Button as /devices/LNXSYSTM:00/LNXSYBUS:00/PNP0C0E:00/input/input3
[    9.489836] ACPI: Sleep Button [SLPB]
[    9.489958] input: Lid Switch as /devices/LNXSYSTM:00/LNXSYBUS:00/PNP0C0D:00/input/input4
[    9.492612] pci_hotplug: PCI Hot Plug PCI Core version: 0.5
[    9.503488] Switching to clocksource hpet
[    9.505072] ACPI: Lid Switch [LID]
[    9.505373] input: Power Button as /devices/LNXSYSTM:00/LNXPWRBN:00/input/input5
[    9.505442] ACPI: Power Button [PWRF]
[    9.547630] input: PC Speaker as /devices/platform/pcspkr/input/input6
[    9.553699] dcdbas dcdbas: Dell Systems Management Base Driver (version 5.6.0-3.2)
[    9.602203] ACPI: AC Adapter [ACAD] (on-line)
[    9.602637] ACPI: WMI: Mapper loaded
[    9.613725] k8temp 0000:00:18.3: Temperature readouts might be wrong - check erratum #141
[    9.693387] shpchp: Standard Hot Plug PCI Controller Driver version: 0.4
[    9.749932] EDAC MC: Ver: 2.1.0 Sep 23 2013
[    9.831685] piix4_smbus 0000:00:14.0: SMBus Host Controller at 0x8410, revision 0
[    9.874779] cfg80211: Using static regulatory domain info
[    9.874829] cfg80211: Regulatory domain: US
[    9.874875] 	(start_freq - end_freq @ bandwidth), (max_antenna_gain, max_eirp)
[    9.874929] 	(2402000 KHz - 2472000 KHz @ 40000 KHz), (600 mBi, 2700 mBm)
[    9.874976] 	(5170000 KHz - 5190000 KHz @ 40000 KHz), (600 mBi, 2300 mBm)
[    9.875024] 	(5190000 KHz - 5210000 KHz @ 40000 KHz), (600 mBi, 2300 mBm)
[    9.875071] 	(5210000 KHz - 5230000 KHz @ 40000 KHz), (600 mBi, 2300 mBm)
[    9.875118] 	(5230000 KHz - 5330000 KHz @ 40000 KHz), (600 mBi, 2300 mBm)
[    9.875166] 	(5735000 KHz - 5835000 KHz @ 40000 KHz), (600 mBi, 3000 mBm)
[   10.096161] ACPI Warning for \_SB_.BAT1._BST: Return Package type mismatch at index 2 - found [NULL Object Descriptor], expected Integer (20090903/nspredef-1012)
[   10.096540] cfg80211: Calling CRDA for country: US
[   10.482083] Synaptics Touchpad, model: 1, fw: 6.3, id: 0x180b1, caps: 0xa04713/0x200000/0x0
[   10.500154] ACPI: Battery Slot [BAT1] (battery present)
[   10.537522] input: SynPS/2 Synaptics TouchPad as /devices/platform/i8042/serio1/input/input7
[   10.555343] [Firmware Bug]: ACPI: ACPI brightness control misses _BQC function
[   10.567709] EDAC amd64_edac:  Ver: 3.2.0 Sep 23 2013
[   10.568385] EDAC amd64: This node reports that Memory ECC is currently disabled, set F3x44[22] (0000:00:18.3).
[   10.568444] EDAC amd64: ECC disabled in the BIOS or no ECC capability, module will not load.
[   10.568446]  Either enable ECC checking or force module loading by setting 'ecc_enable_override'.
[   10.568448]  (Note that use of the override may cause unknown side effects.)
[   10.568676] amd64_edac: probe of 0000:00:18.2 failed with error -22
[   10.574779] acpi device:1c: registered as cooling_device1
[   10.575341] input: Video Bus as /devices/LNXSYSTM:00/LNXSYBUS:00/PNP0A08:00/device:1a/LNXVIDEO:00/input/input8
[   10.575533] ACPI: Video Device [VGA] (multi-head: yes  rom: no  post: no)
[   10.611740] Error: Driver 'pcspkr' is already registered, aborting...
[   10.612675] [drm] Initialized drm 1.1.0 20060810
[   10.696745] b43-phy0: Broadcom 4311 WLAN found (core revision 10)
[   10.713558] HDA Intel 0000:00:14.2: PCI INT A -> GSI 16 (level, low) -> IRQ 16
[   10.827771] [drm] radeon kernel modesetting enabled.
[   10.827932] radeon 0000:01:05.0: power state changed by ACPI to D0
[   10.827985] radeon 0000:01:05.0: power state changed by ACPI to D0
[   10.828079] radeon 0000:01:05.0: PCI INT A -> GSI 17 (level, low) -> IRQ 17
[   10.835109] [drm] radeon: Initializing kernel modesetting.
[   10.835278] [drm] register mmio base: 0xC0100000
[   10.835341] [drm] register mmio size: 65536
[   10.835810] [drm] GPU reset succeed (RBBM_STATUS=0x00000140)
[   10.835870] [drm:rs400_gart_adjust_size] *ERROR* Forcing to 32M GART size (because of ASIC bug ?)
[   10.835944] [drm] Generation 2 PCI interface, using max accessible memory
[   10.836033] [drm] radeon: VRAM 128M
[   10.836094] [drm] radeon: VRAM from 0x78000000 to 0x7FFFFFFF
[   10.836140] [drm] radeon: GTT 32M
[   10.836203] [drm] radeon: GTT from 0x80000000 to 0x81FFFFFF
[   10.836295] [drm] radeon: irq initialized.
[   10.836518] [drm] Detected VRAM RAM=128M, BAR=128M
[   10.836587] [drm] RAM width 128bits DDR
[   10.836747] [TTM] Zone  kernel: Available graphics memory: 964284 kiB.
[   10.836833] [drm] radeon: 128M of VRAM memory ready
[   10.836880] [drm] radeon: 32M of GTT memory ready.
[   10.836981] [drm] GART: num cpu pages 8192, num gpu pages 8192
[   10.837508] [drm] radeon: 1 quad pipes, 1 z pipes initialized.
[   10.837580] [drm] radeon: cp idle (0x10000C03)
[   10.837696] [drm] Loading R300 Microcode
[   10.838360] platform radeon_cp.0: firmware: requesting radeon/R300_cp.bin
[   10.854978] radeon_cp: Failed to load firmware "radeon/R300_cp.bin"
[   10.855030] [drm:r100_cp_init] *ERROR* Failed to load firmware!
[   10.855077] radeon 0000:01:05.0: failled initializing CP (-2).
[   10.855123] radeon 0000:01:05.0: Disabling GPU acceleration
[   10.855171] [drm] radeon: cp finalized
[   10.855422] [drm] Panel ID String: AUO                     
[   10.855469] [drm] Panel Size 1280x800
[   10.855567] [drm] Radeon Display Connectors
[   10.855613] [drm] Connector 0:
[   10.855658] [drm]   VGA
[   10.855702] [drm]   DDC: 0x68 0x68 0x68 0x68 0x68 0x68 0x68 0x68
[   10.855749] [drm]   Encoders:
[   10.855792] [drm]     CRT1: INTERNAL_DAC2
[   10.855838] [drm] Connector 1:
[   10.855882] [drm]   LVDS
[   10.855926] [drm]   DDC: 0x198 0x198 0x19c 0x19c 0x1a0 0x1a0 0x1a4 0x1a4
[   10.855972] [drm]   Encoders:
[   10.856061] [drm]     LCD1: INTERNAL_LVDS
[   10.880032] input: HDA ATI SB Mic at Ext Right Jack as /devices/pci0000:00/0000:00:14.2/sound/card0/input9
[   10.880205] input: HDA ATI SB HP Out at Ext Right Jack as /devices/pci0000:00/0000:00:14.2/sound/card0/input10
[   10.905992] phy0: Selected rate control algorithm 'minstrel'
[   10.906868] Registered led device: b43-phy0::tx
[   10.906938] Registered led device: b43-phy0::rx
[   10.907002] Registered led device: b43-phy0::radio
[   10.907128] Broadcom 43xx driver loaded [ Features: PMLS, Firmware-ID: FW13 ]
[   11.079740] composite sync not supported
[   11.088338] [drm] fb mappable at 0xC8040000
[   11.088384] [drm] vram apper at 0xC8000000
[   11.088428] [drm] size 4096000
[   11.088472] [drm] fb depth is 24
[   11.088515] [drm]    pitch is 5120
[   11.130963] Console: switching to colour frame buffer device 160x50
[   11.140852] fb0: radeondrmfb frame buffer device
[   11.140922] registered panic notifier
[   11.140982] [drm] Initialized radeon 2.0.0 20080528 for 0000:01:05.0 on minor 0
[   16.572014] eth0: no IPv6 routers present
[   24.469049] ide-gd driver 1.18
[   24.495357] ide-cd driver 5.00
[   24.556077] usbcore: registered new interface driver hiddev
[   24.556230] usbcore: registered new interface driver usbhid
[   24.556356] usbhid: v2.6:USB HID core driver
[   24.633102] Fusion MPT base driver 3.04.12
[   24.633105] Copyright (c) 1999-2008 LSI Corporation
[   24.671625] Fusion MPT SPI Host driver 3.04.12
[   24.734596] device-mapper: uevent: version 1.0.3
[   24.735131] device-mapper: ioctl: 4.15.0-ioctl (2009-04-01) initialised: dm-devel@redhat.com
[   24.817626] padlock: VIA PadLock not detected.
[   35.068181] mdadm: sending ioctl 800c0910 to a partition!
[   35.070377] mdadm: sending ioctl 800c0910 to a partition!
[   35.072652] mdadm: sending ioctl 1261 to a partition!
[   35.074838] mdadm: sending ioctl 1261 to a partition!
[   35.077412] mdadm: sending ioctl 1261 to a partition!
[   35.079605] mdadm: sending ioctl 1261 to a partition!
[   35.081988] mdadm: sending ioctl 1261 to a partition!
[   35.084193] mdadm: sending ioctl 1261 to a partition!
[   35.086604] mdadm: sending ioctl 1261 to a partition!
[   35.088819] mdadm: sending ioctl 1261 to a partition!
[   35.091203] mdadm: sending ioctl 800c0910 to a partition!
[   35.093402] mdadm: sending ioctl 800c0910 to a partition!
[   35.095712] mdadm: sending ioctl 800c0910 to a partition!
[   35.097863] mdadm: sending ioctl 800c0910 to a partition!
[   39.806036] kjournald starting.  Commit interval 5 seconds
[   39.806443] EXT3 FS on sda1, internal journal
[   39.806448] EXT3-fs: mounted filesystem with ordered data mode.
